Component: ARM Compiler 5.06 update 5 (build 528) Tool: armlink [4d35e2]

==============================================================================

Section Cross References

    startup_stm32h723xx.o(STACK) refers (Special) to heapauxi.o(.text) for __use_two_region_memory
    startup_stm32h723xx.o(HEAP) refers (Special) to heapauxi.o(.text) for __use_two_region_memory
    startup_stm32h723xx.o(RESET) refers (Special) to heapauxi.o(.text) for __use_two_region_memory
    startup_stm32h723xx.o(RESET) refers to startup_stm32h723xx.o(STACK) for __initial_sp
    startup_stm32h723xx.o(RESET) refers to startup_stm32h723xx.o(.text) for Reset_Handler
    startup_stm32h723xx.o(RESET) refers to stm32h7xx_it.o(i.NMI_Handler) for NMI_Handler
    startup_stm32h723xx.o(RESET) refers to stm32h7xx_it.o(i.HardFault_Handler) for HardFault_Handler
    startup_stm32h723xx.o(RESET) refers to stm32h7xx_it.o(i.MemManage_Handler) for MemManage_Handler
    startup_stm32h723xx.o(RESET) refers to stm32h7xx_it.o(i.BusFault_Handler) for BusFault_Handler
    startup_stm32h723xx.o(RESET) refers to stm32h7xx_it.o(i.UsageFault_Handler) for UsageFault_Handler
    startup_stm32h723xx.o(RESET) refers to stm32h7xx_it.o(i.SVC_Handler) for SVC_Handler
    startup_stm32h723xx.o(RESET) refers to stm32h7xx_it.o(i.DebugMon_Handler) for DebugMon_Handler
    startup_stm32h723xx.o(RESET) refers to stm32h7xx_it.o(i.PendSV_Handler) for PendSV_Handler
    startup_stm32h723xx.o(RESET) refers to stm32h7xx_it.o(i.SysTick_Handler) for SysTick_Handler
    startup_stm32h723xx.o(RESET) refers to stm32h7xx_it.o(i.USART3_IRQHandler) for USART3_IRQHandler
    startup_stm32h723xx.o(RESET) refers to stm32h7xx_it.o(i.TIM5_IRQHandler) for TIM5_IRQHandler
    startup_stm32h723xx.o(RESET) refers to stm32h7xx_it.o(i.UART4_IRQHandler) for UART4_IRQHandler
    startup_stm32h723xx.o(RESET) refers to stm32h7xx_it.o(i.UART9_IRQHandler) for UART9_IRQHandler
    startup_stm32h723xx.o(.text) refers (Special) to heapauxi.o(.text) for __use_two_region_memory
    startup_stm32h723xx.o(.text) refers to system_stm32h7xx.o(i.SystemInit) for SystemInit
    startup_stm32h723xx.o(.text) refers to __main.o(!!!main) for __main
    startup_stm32h723xx.o(.text) refers to startup_stm32h723xx.o(HEAP) for Heap_Mem
    startup_stm32h723xx.o(.text) refers to startup_stm32h723xx.o(STACK) for Stack_Mem
    main.o(i.HAL_TIM_PeriodElapsedCallback) refers to pid.o(i.AutoReloadCallback) for AutoReloadCallback
    main.o(i.HAL_TIM_PeriodElapsedCallback) refers to tim.o(.bss) for htim5
    main.o(i.SystemClock_Config) refers to rt_memclr_w.o(.text) for __aeabi_memclr4
    main.o(i.SystemClock_Config) refers to stm32h7xx_hal_pwr_ex.o(i.HAL_PWREx_ConfigSupply) for HAL_PWREx_ConfigSupply
    main.o(i.SystemClock_Config) refers to stm32h7xx_hal_rcc.o(i.HAL_RCC_OscConfig) for HAL_RCC_OscConfig
    main.o(i.SystemClock_Config) refers to stm32h7xx_hal_rcc.o(i.HAL_RCC_ClockConfig) for HAL_RCC_ClockConfig
    main.o(i.hardware_init) refers to stm32h7xx_hal_tim.o(i.HAL_TIM_Encoder_Start) for HAL_TIM_Encoder_Start
    main.o(i.hardware_init) refers to stm32h7xx_hal_tim.o(i.HAL_TIM_Base_Start_IT) for HAL_TIM_Base_Start_IT
    main.o(i.hardware_init) refers to stm32h7xx_hal_uart.o(i.HAL_UART_Receive_IT) for HAL_UART_Receive_IT
    main.o(i.hardware_init) refers to motor.o(i.motor_init) for motor_init
    main.o(i.hardware_init) refers to tim.o(.bss) for htim1
    main.o(i.hardware_init) refers to esp8266.o(.data) for esp8266_data
    main.o(i.hardware_init) refers to usart.o(.bss) for huart9
    main.o(i.hardware_init) refers to motor.o(.data) for qyflag
    main.o(i.hardware_init) refers to pid.o(.data) for sport_Flag
    main.o(i.main) refers to stm32h7xx_hal.o(i.HAL_Init) for HAL_Init
    main.o(i.main) refers to main.o(i.SystemClock_Config) for SystemClock_Config
    main.o(i.main) refers to gpio.o(i.MX_GPIO_Init) for MX_GPIO_Init
    main.o(i.main) refers to adc.o(i.MX_ADC1_Init) for MX_ADC1_Init
    main.o(i.main) refers to tim.o(i.MX_TIM1_Init) for MX_TIM1_Init
    main.o(i.main) refers to tim.o(i.MX_TIM2_Init) for MX_TIM2_Init
    main.o(i.main) refers to tim.o(i.MX_TIM3_Init) for MX_TIM3_Init
    main.o(i.main) refers to tim.o(i.MX_TIM4_Init) for MX_TIM4_Init
    main.o(i.main) refers to tim.o(i.MX_TIM8_Init) for MX_TIM8_Init
    main.o(i.main) refers to tim.o(i.MX_TIM12_Init) for MX_TIM12_Init
    main.o(i.main) refers to tim.o(i.MX_TIM23_Init) for MX_TIM23_Init
    main.o(i.main) refers to tim.o(i.MX_TIM24_Init) for MX_TIM24_Init
    main.o(i.main) refers to usart.o(i.MX_UART4_Init) for MX_UART4_Init
    main.o(i.main) refers to usart.o(i.MX_UART9_Init) for MX_UART9_Init
    main.o(i.main) refers to usart.o(i.MX_USART3_UART_Init) for MX_USART3_UART_Init
    main.o(i.main) refers to tim.o(i.MX_TIM5_Init) for MX_TIM5_Init
    main.o(i.main) refers to main.o(i.hardware_init) for hardware_init
    main.o(i.main) refers to usart.o(i.HAL_UART_Printf) for HAL_UART_Printf
[...]
    _scanf_wstring                            - Undefined Weak Reference
    _signal_finish                            - Undefined Weak Reference
    _signal_init                              - Undefined Weak Reference
    _terminateio                              - Undefined Weak Reference
    __Vectors_Size                           0x000002cc   Number         0  startup_stm32h723xx.o ABSOLUTE
    __Vectors                                0x08000000   Data           4  startup_stm32h723xx.o(RESET)
    __Vectors_End                            0x080002cc   Data           0  startup_stm32h723xx.o(RESET)
    __main                                   0x080002cd   Thumb Code     8  __main.o(!!!main)
    __scatterload                            0x080002d5   Thumb Code     0  __scatter.o(!!!scatter)
    __scatterload_rt2                        0x080002d5   Thumb Code    44  __scatter.o(!!!scatter)
    __scatterload_rt2_thumb_only             0x080002d5   Thumb Code     0  __scatter.o(!!!scatter)
    __scatterload_null                       0x080002e3   Thumb Code     0  __scatter.o(!!!scatter)
    __scatterload_copy                       0x08000309   Thumb Code    26  __scatter_copy.o(!!handler_copy)
    __scatterload_zeroinit                   0x08000325   Thumb Code    28  __scatter_zi.o(!!handler_zi)
    _printf_n                                0x08000341   Thumb Code     0  _printf_n.o(.ARM.Collect$$_printf_percent$$00000001)
    _printf_percent                          0x08000341   Thumb Code     0  _printf_percent.o(.ARM.Collect$$_printf_percent$$00000000)
    _printf_p                                0x08000347   Thumb Code     0  _printf_p.o(.ARM.Collect$$_printf_percent$$00000002)
    _printf_f                                0x0800034d   Thumb Code     0  _printf_f.o(.ARM.Collect$$_printf_percent$$00000003)
    _printf_e                                0x08000353   Thumb Code     0  _printf_e.o(.ARM.Collect$$_printf_percent$$00000004)
    _printf_g                                0x08000359   Thumb Code     0  _printf_g.o(.ARM.Collect$$_printf_percent$$00000005)
    _printf_a                                0x0800035f   Thumb Code     0  _printf_a.o(.ARM.Collect$$_printf_percent$$00000006)
    _printf_ll                               0x08000365   Thumb Code     0  _printf_ll.o(.ARM.Collect$$_printf_percent$$00000007)
    _printf_i                                0x0800036f   Thumb Code     0  _printf_i.o(.ARM.Collect$$_printf_percent$$00000008)
    _printf_d                                0x08000375   Thumb Code     0  _printf_d.o(.ARM.Collect$$_printf_percent$$00000009)
    _printf_u                                0x0800037b   Thumb Code     0  _printf_u.o(.ARM.Collect$$_printf_percent$$0000000A)
    _printf_o                                0x08000381   Thumb Code     0  _printf_o.o(.ARM.Collect$$_printf_percent$$0000000B)
    _printf_x                                0x08000387   Thumb Code     0  _printf_x.o(.ARM.Collect$$_printf_percent$$0000000C)
    _printf_lli                              0x0800038d   Thumb Code     0  _printf_lli.o(.ARM.Collect$$_printf_percent$$0000000D)
    _printf_lld                              0x08000393   Thumb Code     0  _printf_lld.o(.ARM.Collect$$_printf_percent$$0000000E)
    _printf_llu                              0x08000399   Thumb Code     0  _printf_llu.o(.ARM.Collect$$_printf_percent$$0000000F)
    _printf_llo                              0x0800039f   Thumb Code     0  _printf_llo.o(.ARM.Collect$$_printf_percent$$00000010)
    _printf_llx                              0x080003a5   Thumb Code     0  _printf_llx.o(.ARM.Collect$$_printf_percent$$00000011)
    _printf_l                                0x080003ab   Thumb Code     0  _printf_l.o(.ARM.Collect$$_printf_percent$$00000012)
    _printf_c                                0x080003b5   Thumb Code     0  _printf_c.o(.ARM.Collect$$_printf_percent$$00000013)
    _printf_s                                0x080003bb   Thumb Code     0  _printf_s.o(.ARM.Collect$$_printf_percent$$00000014)
    _printf_lc                               0x080003c1   Thumb Code     0  _printf_lc.o(.ARM.Collect$$_printf_percent$$00000015)
    _printf_ls                               0x080003c7   Thumb Code     0  _printf_ls.o(.ARM.Collect$$_printf_percent$$00000016)
    _printf_percent_end                      0x080003cd   Thumb Code     0  _printf_percent_end.o(.ARM.Collect$$_printf_percent$$00000017)
    __rt_lib_init                            0x080003d1   Thumb Code     0  libinit.o(.ARM.Collect$$libinit$$00000000)
    __rt_lib_init_fp_1                       0x080003d3   Thumb Code     0  libinit2.o(.ARM.Collect$$libinit$$00000001)
    __rt_lib_init_heap_1                     0x080003d7   Thumb Code     0  libinit2.o(.ARM.Collect$$libinit$$0000000A)
    __rt_lib_init_lc_common                  0x080003d7   Thumb Code     0  libinit2.o(.ARM.Collect$$libinit$$0000000F)
    __rt_lib_init_preinit_1                  0x080003d7   Thumb Code     0  libinit2.o(.ARM.Collect$$libinit$$00000004)
    __rt_lib_init_rand_1                     0x080003d7   Thumb Code     0  libinit2.o(.ARM.Collect$$libinit$$0000000E)
    __rt_lib_init_user_alloc_1               0x080003d7   Thumb Code     0  libinit2.o(.ARM.Collect$$libinit$$0000000C)
    __rt_lib_init_lc_collate_1               0x080003dd   Thumb Code     0  libinit2.o(.ARM.Collect$$libinit$$00000011)
    __rt_lib_init_lc_ctype_2                 0x080003dd   Thumb Code     0  libinit2.o(.ARM.Collect$$libinit$$00000012)
    __rt_lib_init_lc_ctype_1                 0x080003e9   Thumb Code     0  libinit2.o(.ARM.Collect$$libinit$$00000013)
    __rt_lib_init_lc_monetary_1              0x080003e9   Thumb Code     0  libinit2.o(.ARM.Collect$$libinit$$00000015)
    __rt_lib_init_lc_numeric_2               0x080003e9   Thumb Code     0  libinit2.o(.ARM.Collect$$libinit$$00000016)
    __rt_lib_init_alloca_1                   0x080003f3   Thumb Code     0  libinit2.o(.ARM.Collect$$libinit$$0000002E)
    __rt_lib_init_argv_1                     0x080003f3   Thumb Code     0  libinit2.o(.ARM.Collect$$libinit$$0000002C)
    __rt_lib_init_atexit_1                   0x080003f3   Thumb Code     0  libinit2.o(.ARM.Collect$$libinit$$0000001B)
    __rt_lib_init_clock_1                    0x080003f3   Thumb Code     0  libinit2.o(.ARM.Collect$$libinit$$00000021)
    __rt_lib_init_cpp_1                      0x080003f3   Thumb Code     0  libinit2.o(.ARM.Collect$$libinit$$00000032)
    __rt_lib_init_exceptions_1               0x080003f3   Thumb Code     0  libinit2.o(.ARM.Collect$$libinit$$00000030)
    __rt_lib_init_fp_trap_1                  0x080003f3   Thumb Code     0  libinit2.o(.ARM.Collect$$libinit$$0000001F)
    __rt_lib_init_getenv_1                   0x080003f3   Thumb Code     0  libinit2.o(.ARM.Collect$$libinit$$00000023)
    __rt_lib_init_lc_numeric_1               0x080003f3   Thumb Code     0  libinit2.o(.ARM.Collect$$libinit$$00000017)
    __rt_lib_init_lc_time_1                  0x080003f3   Thumb Code     0  libinit2.o(.ARM.Collect$$libinit$$00000019)
    __rt_lib_init_return                     0x080003f3   Thumb Code     0  libinit2.o(.ARM.Collect$$libinit$$00000033)
    __rt_lib_init_signal_1                   0x080003f3   Thumb Code     0  libinit2.o(.ARM.Collect$$libinit$$0000001D)
    __rt_lib_init_stdio_1                    0x080003f3   Thumb Code     0  libinit2.o(.ARM.Collect$$libinit$$00000025)
    __rt_lib_shutdown                        0x080003f5   Thumb Code     0  libshutdown.o(.ARM.Collect$$libshutdown$$00000000)
    __rt_lib_shutdown_cpp_1                  0x080003f7   Thumb Code     0  libshutdown2.o(.ARM.Collect$$libshutdown$$00000002)
    __rt_lib_shutdown_fp_trap_1              0x080003f7   Thumb Code     0  libshutdown2.o(.ARM.Collect$$libshutdown$$00000007)
    __rt_lib_shutdown_heap_1                 0x080003f7   Thumb Code     0  libshutdown2.o(.ARM.Collect$$libshutdown$$0000000F)
    __rt_lib_shutdown_return                 0x080003f7   Thumb Code     0  libshutdown2.o(.ARM.Collect$$libshutdown$$00000010)
    __rt_lib_shutdown_signal_1               0x080003f7   Thumb Code     0  libshutdown2.o(.ARM.Collect$$libshutdown$$0000000A)
    __rt_lib_shutdown_stdio_1                0x080003f7   Thumb Code     0  libshutdown2.o(.ARM.Collect$$libshutdown$$00000004)
    __rt_lib_shutdown_user_alloc_1           0x080003f7   Thumb Code     0  libshutdown2.o(.ARM.Collect$$libshutdown$$0000000C)
    __rt_entry                               0x080003f9   Thumb Code     0  __rtentry.o(.ARM.Collect$$rtentry$$00000000)
    __rt_entry_presh_1                       0x080003f9   Thumb Code     0  __rtentry2.o(.ARM.Collect$$rtentry$$00000002)
    __rt_entry_sh                            0x080003f9   Thumb Code     0  __rtentry4.o(.ARM.Collect$$rtentry$$00000004)
    __rt_entry_li                            0x080003ff   Thumb Code     0  __rtentry2.o(.ARM.Collect$$rtentry$$0000000A)
    __rt_entry_postsh_1                      0x080003ff   Thumb Code     0  __rtentry2.o(.ARM.Collect$$rtentry$$00000009)
    __rt_entry_main                          0x08000403   Thumb Code     0  __rtentry2.o(.ARM.Collect$$rtentry$$0000000D)
    __rt_entry_postli_1                      0x08000403   Thumb Code     0  __rtentry2.o(.ARM.Collect$$rtentry$$0000000C)
    __rt_exit                                0x0800040b   Thumb Code     0  rtexit.o(.ARM.Collect$$rtexit$$00000000)
    __rt_exit_ls                             0x0800040d   Thumb Code     0  rtexit2.o(.ARM.Collect$$rtexit$$00000003)
    __rt_exit_prels_1                        0x0800040d   Thumb Code     0  rtexit2.o(.ARM.Collect$$rtexit$$00000002)
    __rt_exit_exit                           0x08000411   Thumb Code     0  rtexit2.o(.ARM.Collect$$rtexit$$00000004)
    Reset_Handler                            0x08000419   Thumb Code     8  startup_stm32h723xx.o(.text)
    ADC3_IRQHandler                          0x08000433   Thumb Code     0  startup_stm32h723xx.o(.text)
    ADC_IRQHandler                           0x08000433   Thumb Code     0  startup_stm32h723xx.o(.text)
    BDMA_Channel0_IRQHandler                 0x08000433   Thumb Code     0  startup_stm32h723xx.o(.text)
    BDMA_Channel1_IRQHandler                 0x08000433   Thumb Code     0  startup_stm32h723xx.o(.text)
    BDMA_Channel2_IRQHandler                 0x08000433   Thumb Code     0  startup_stm32h723xx.o(.text)
    BDMA_Channel3_IRQHandler                 0x08000433   Thumb Code     0  startup_stm32h723xx.o(.text)
    BDMA_Channel4_IRQHandler                 0x08000433   Thumb Code     0  startup_stm32h723xx.o(.text)
    BDMA_Channel5_IRQHandler                 0x08000433   Thumb Code     0  startup_stm32h723xx.o(.text)
    BDMA_Channel6_IRQHandler                 0x08000433   Thumb Code     0  startup_stm32h723xx.o(.text)
    BDMA_Channel7_IRQHandler                 0x08000433   Thumb Code     0  startup_stm32h723xx.o(.text)
    CEC_IRQHandler                           0x08000433   Thumb Code     0  startup_stm32h723xx.o(.text)
    COMP1_IRQHandler                         0x08000433   Thumb Code     0  startup_stm32h723xx.o(.text)
    CORDIC_IRQHandler                        0x08000433   Thumb Code     0  startup_stm32h723xx.o(.text)
    CRS_IRQHandler                           0x08000433   Thumb Code     0  startup_stm32h723xx.o(.text)
    DCMI_PSSI_IRQHandler                     0x08000433   Thumb Code     0  startup_stm32h723xx.o(.text)
    DFSDM1_FLT0_IRQHandler                   0x08000433   Thumb Code     0  startup_stm32h723xx.o(.text)
    DFSDM1_FLT1_IRQHandler                   0x08000433   Thumb Code     0  startup_stm32h723xx.o(.text)
    DFSDM1_FLT2_IRQHandler                   0x08000433   Thumb Code     0  startup_stm32h723xx.o(.text)
    DFSDM1_FLT3_IRQHandler                   0x08000433   Thumb Code     0  startup_stm32h723xx.o(.text)
    DMA1_Stream0_IRQHandler                  0x08000433   Thumb Code     0  startup_stm32h723xx.o(.text)
    DMA1_Stream1_IRQHandler                  0x08000433   Thumb Code     0  startup_stm32h723xx.o(.text)
    DMA1_Stream2_IRQHandler                  0x08000433   Thumb Code     0  startup_stm32h723xx.o(.text)
    DMA1_Stream3_IRQHandler                  0x08000433   Thumb Code     0  startup_stm32h723xx.o(.text)
    DMA1_Stream4_IRQHandler                  0x08000433   Thumb Code     0  startup_stm32h723xx.o(.text)
    DMA1_Stream5_IRQHandler                  0x08000433   Thumb Code     0  startup_stm32h723xx.o(.text)
    DMA1_Stream6_IRQHandler                  0x08000433   Thumb Code     0  startup_stm32h723xx.o(.text)
    DMA1_Stream7_IRQHandler                  0x08000433   Thumb Code     0  startup_stm32h723xx.o(.text)
    DMA2D_IRQHandler                         0x08000433   Thumb Code     0  startup_stm32h723xx.o(.text)
    DMA2_Stream0_IRQHandler                  0x08000433   Thumb Code     0  startup_stm32h723xx.o(.text)
    DMA2_Stream1_IRQHandler                  0x08000433   Thumb Code     0  startup_stm32h723xx.o(.text)
    DMA2_Stream2_IRQHandler                  0x08000433   Thumb Code     0  startup_stm32h723xx.o(.text)
    DMA2_Stream3_IRQHandler                  0x08000433   Thumb Code     0  startup_stm32h723xx.o(.text)
    DMA2_Stream4_IRQHandler                  0x08000433   Thumb Code     0  startup_stm32h723xx.o(.text)
    DMA2_Stream5_IRQHandler                  0x08000433   Thumb Code     0  startup_stm32h723xx.o(.text)
    DMA2_Stream6_IRQHandler                  0x08000433   Thumb Code     0  startup_stm32h723xx.o(.text)
    DMA2_Stream7_IRQHandler                  0x08000433   Thumb Code     0  startup_stm32h723xx.o(.text)
    DMAMUX1_OVR_IRQHandler                   0x08000433   Thumb Code     0  startup_stm32h723xx.o(.text)
    DMAMUX2_OVR_IRQHandler                   0x08000433   Thumb Code     0  startup_stm32h723xx.o(.text)
    DTS_IRQHandler                           0x08000433   Thumb Code     0  startup_stm32h723xx.o(.text)
    ECC_IRQHandler                           0x08000433   Thumb Code     0  startup_stm32h723xx.o(.text)
    ETH_IRQHandler                           0x08000433   Thumb Code     0  startup_stm32h723xx.o(.text)
    ETH_WKUP_IRQHandler                      0x08000433   Thumb Code     0  startup_stm32h723xx.o(.text)
    EXTI0_IRQHandler                         0x08000433   Thumb Code     0  startup_stm32h723xx.o(.text)
    EXTI15_10_IRQHandler                     0x08000433   Thumb Code     0  startup_stm32h723xx.o(.text)
    EXTI1_IRQHandler                         0x08000433   Thumb Code     0  startup_stm32h723xx.o(.text)
    EXTI2_IRQHandler                         0x08000433   Thumb Code     0  startup_stm32h723xx.o(.text)
    EXTI3_IRQHandler                         0x08000433   Thumb Code     0  startup_stm32h723xx.o(.text)
    EXTI4_IRQHandler                         0x08000433   Thumb Code     0  startup_stm32h723xx.o(.text)
    EXTI9_5_IRQHandler                       0x08000433   Thumb Code     0  startup_stm32h723xx.o(.text)
    FDCAN1_IT0_IRQHandler                    0x08000433   Thumb Code     0  startup_stm32h723xx.o(.text)
    FDCAN1_IT1_IRQHandler                    0x08000433   Thumb Code     0  startup_stm32h723xx.o(.text)
    FDCAN2_IT0_IRQHandler                    0x08000433   Thumb Code     0  startup_stm32h723xx.o(.text)
    FDCAN2_IT1_IRQHandler                    0x08000433   Thumb Code     0  startup_stm32h723xx.o(.text)
    FDCAN3_IT0_IRQHandler                    0x08000433   Thumb Code     0  startup_stm32h723xx.o(.text)
    FDCAN3_IT1_IRQHandler                    0x08000433   Thumb Code     0  startup_stm32h723xx.o(.text)
    FDCAN_CAL_IRQHandler                     0x08000433   Thumb Code     0  startup_stm32h723xx.o(.text)
    FLASH_IRQHandler                         0x08000433   Thumb Code     0  startup_stm32h723xx.o(.text)
    FMAC_IRQHandler                          0x08000433   Thumb Code     0  startup_stm32h723xx.o(.text)
    FMC_IRQHandler                           0x08000433   Thumb Code     0  startup_stm32h723xx.o(.text)
    FPU_IRQHandler                           0x08000433   Thumb Code     0  startup_stm32h723xx.o(.text)
    HSEM1_IRQHandler                         0x08000433   Thumb Code     0  startup_stm32h723xx.o(.text)
    I2C1_ER_IRQHandler                       0x08000433   Thumb Code     0  startup_stm32h723xx.o(.text)
    I2C1_EV_IRQHandler                       0x08000433   Thumb Code     0  startup_stm32h723xx.o(.text)
    I2C2_ER_IRQHandler                       0x08000433   Thumb Code     0  startup_stm32h723xx.o(.text)
    I2C2_EV_IRQHandler                       0x08000433   Thumb Code     0  startup_stm32h723xx.o(.text)
    I2C3_ER_IRQHandler                       0x08000433   Thumb Code     0  startup_stm32h723xx.o(.text)
    I2C3_EV_IRQHandler                       0x08000433   Thumb Code     0  startup_stm32h723xx.o(.text)
    I2C4_ER_IRQHandler                       0x08000433   Thumb Code     0  startup_stm32h723xx.o(.text)
    I2C4_EV_IRQHandler                       0x08000433   Thumb Code     0  startup_stm32h723xx.o(.text)
    I2C5_ER_IRQHandler                       0x08000433   Thumb Code     0  startup_stm32h723xx.o(.text)
    I2C5_EV_IRQHandler                       0x08000433   Thumb Code     0  startup_stm32h723xx.o(.text)
    LPTIM1_IRQHandler                        0x08000433   Thumb Code     0  startup_stm32h723xx.o(.text)
    LPTIM2_IRQHandler                        0x08000433   Thumb Code     0  startup_stm32h723xx.o(.text)
    LPTIM3_IRQHandler                        0x08000433   Thumb Code     0  startup_stm32h723xx.o(.text)
    LPTIM4_IRQHandler                        0x08000433   Thumb Code     0  startup_stm32h723xx.o(.text)
    LPTIM5_IRQHandler                        0x08000433   Thumb Code     0  startup_stm32h723xx.o(.text)
    LPUART1_IRQHandler                       0x08000433   Thumb Code     0  startup_stm32h723xx.o(.text)
    LTDC_ER_IRQHandler                       0x08000433   Thumb Code     0  startup_stm32h723xx.o(.text)
    LTDC_IRQHandler                          0x08000433   Thumb Code     0  startup_stm32h723xx.o(.text)
    MDIOS_IRQHandler                         0x08000433   Thumb Code     0  startup_stm32h723xx.o(.text)
    MDIOS_WKUP_IRQHandler                    0x08000433   Thumb Code     0  startup_stm32h723xx.o(.text)
    MDMA_IRQHandler                          0x08000433   Thumb Code     0  startup_stm32h723xx.o(.text)
    OCTOSPI1_IRQHandler                      0x08000433   Thumb Code     0  startup_stm32h723xx.o(.text)
    OCTOSPI2_IRQHandler                      0x08000433   Thumb Code     0  startup_stm32h723xx.o(.text)
    OTG_HS_EP1_IN_IRQHandler                 0x08000433   Thumb Code     0  startup_stm32h723xx.o(.text)
    OTG_HS_EP1_OUT_IRQHandler                0x08000433   Thumb Code     0  startup_stm32h723xx.o(.text)
    OTG_HS_IRQHandler                        0x08000433   Thumb Code     0  startup_stm32h723xx.o(.text)
    OTG_HS_WKUP_IRQHandler                   0x08000433   Thumb Code     0  startup_stm32h723xx.o(.text)
    PVD_AVD_IRQHandler                       0x08000433   Thumb Code     0  startup_stm32h723xx.o(.text)
    RCC_IRQHandler                           0x08000433   Thumb Code     0  startup_stm32h723xx.o(.text)
    RNG_IRQHandler                           0x08000433   Thumb Code     0  startup_stm32h723xx.o(.text)
    RTC_Alarm_IRQHandler                     0x08000433   Thumb Code     0  startup_stm32h723xx.o(.text)
    RTC_WKUP_IRQHandler                      0x08000433   Thumb Code     0  startup_stm32h723xx.o(.text)
    SAI1_IRQHandler                          0x08000433   Thumb Code     0  startup_stm32h723xx.o(.text)
    SAI4_IRQHandler                          0x08000433   Thumb Code     0  startup_stm32h723xx.o(.text)
    SDMMC1_IRQHandler                        0x08000433   Thumb Code     0  startup_stm32h723xx.o(.text)
    SDMMC2_IRQHandler                        0x08000433   Thumb Code     0  startup_stm32h723xx.o(.text)
    SPDIF_RX_IRQHandler                      0x08000433   Thumb Code     0  startup_stm32h723xx.o(.text)
    SPI1_IRQHandler                          0x08000433   Thumb Code     0  startup_stm32h723xx.o(.text)
    SPI2_IRQHandler                          0x08000433   Thumb Code     0  startup_stm32h723xx.o(.text)
    SPI3_IRQHandler                          0x08000433   Thumb Code     0  startup_stm32h723xx.o(.text)
    SPI4_IRQHandler                          0x08000433   Thumb Code     0  startup_stm32h723xx.o(.text)
    SPI5_IRQHandler                          0x08000433   Thumb Code     0  startup_stm32h723xx.o(.text)
    SPI6_IRQHandler                          0x08000433   Thumb Code     0  startup_stm32h723xx.o(.text)
    SWPMI1_IRQHandler                        0x08000433   Thumb Code     0  startup_stm32h723xx.o(.text)
    TAMP_STAMP_IRQHandler                    0x08000433   Thumb Code     0  startup_stm32h723xx.o(.text)
    TIM15_IRQHandler                         0x08000433   Thumb Code     0  startup_stm32h723xx.o(.text)
    TIM16_IRQHandler                         0x08000433   Thumb Code     0  startup_stm32h723xx.o(.text)
    TIM17_IRQHandler                         0x08000433   Thumb Code     0  startup_stm32h723xx.o(.text)
    TIM1_BRK_IRQHandler                      0x08000433   Thumb Code     0  startup_stm32h723xx.o(.text)
    TIM1_CC_IRQHandler                       0x08000433   Thumb Code     0  startup_stm32h723xx.o(.text)
    TIM1_TRG_COM_IRQHandler                  0x08000433   Thumb Code     0  startup_stm32h723xx.o(.text)
    TIM1_UP_IRQHandler                       0x08000433   Thumb Code     0  startup_stm32h723xx.o(.text)
    TIM23_IRQHandler                         0x08000433   Thumb Code     0  startup_stm32h723xx.o(.text)
    TIM24_IRQHandler                         0x08000433   Thumb Code     0  startup_stm32h723xx.o(.text)
    TIM2_IRQHandler                          0x08000433   Thumb Code     0  startup_stm32h723xx.o(.text)
    TIM3_IRQHandler                          0x08000433   Thumb Code     0  startup_stm32h723xx.o(.text)
    TIM4_IRQHandler                          0x08000433   Thumb Code     0  startup_stm32h723xx.o(.text)
    TIM6_DAC_IRQHandler                      0x08000433   Thumb Code     0  startup_stm32h723xx.o(.text)
    TIM7_IRQHandler                          0x08000433   Thumb Code     0  startup_stm32h723xx.o(.text)
    TIM8_BRK_TIM12_IRQHandler                0x08000433   Thumb Code     0  startup_stm32h723xx.o(.text)
    TIM8_CC_IRQHandler                       0x08000433   Thumb Code     0  startup_stm32h723xx.o(.text)
    TIM8_TRG_COM_TIM14_IRQHandler            0x08000433   Thumb Code     0  startup_stm32h723xx.o(.text)
    TIM8_UP_TIM13_IRQHandler                 0x08000433   Thumb Code     0  startup_stm32h723xx.o(.text)
    UART5_IRQHandler                         0x08000433   Thumb Code     0  startup_stm32h723xx.o(.text)
    UART7_IRQHandler                         0x08000433   Thumb Code     0  startup_stm32h723xx.o(.text)
    UART8_IRQHandler                         0x08000433   Thumb Code     0  startup_stm32h723xx.o(.text)
    USART10_IRQHandler                       0x08000433   Thumb Code     0  startup_stm32h723xx.o(.text)
    USART1_IRQHandler                        0x08000433   Thumb Code     0  startup_stm32h723xx.o(.text)
    USART2_IRQHandler                        0x08000433   Thumb Code     0  startup_stm32h723xx.o(.text)
    USART6_IRQHandler                        0x08000433   Thumb Code     0  startup_stm32h723xx.o(.text)
    WAKEUP_PIN_IRQHandler                    0x08000433   Thumb Code     0  startup_stm32h723xx.o(.text)
    WWDG_IRQHandler                          0x08000433   Thumb Code     0  startup_stm32h723xx.o(.text)
    __user_initial_stackheap                 0x08000435   Thumb Code     0  startup_stm32h723xx.o(.text)
    __aeabi_uldivmod                         0x08000459   Thumb Code     0  lludivv7m.o(.text)
    _ll_udiv                                 0x08000459   Thumb Code   238  lludivv7m.o(.text)
    vsnprintf                                0x08000549   Thumb Code    48  vsnprintf.o(.text)
    _printf_pre_padding                      0x0800057d   Thumb Code    44  _printf_pad.o(.text)
    _printf_post_padding                     0x080005a9   Thumb Code    34  _printf_pad.o(.text)
    _printf_str                              0x080005cb   Thumb Code    82  _printf_str.o(.text)
    _printf_int_dec                          0x0800061d   Thumb Code   104  _printf_dec.o(.text)
    _printf_longlong_hex                     0x08000695   Thumb Code    86  _printf_hex_int_ll_ptr.o(.text)
    _printf_int_hex                          0x080006eb   Thumb Code    28  _printf_hex_int_ll_ptr.o(.text)
    _printf_ll_hex                           0x08000707   Thumb Code    12  _printf_hex_int_ll_ptr.o(.text)
    _printf_hex_ptr                          0x08000713   Thumb Code    18  _printf_hex_int_ll_ptr.o(.text)
    __printf                                 0x08000729   Thumb Code   388  __printf_flags_ss_wp.o(.text)
    strlen                                   0x080008b1   Thumb Code    62  strlen.o(.text)
    __aeabi_memclr4                          0x080008ef   Thumb Code     0  rt_memclr_w.o(.text)
    __aeabi_memclr8                          0x080008ef   Thumb Code     0  rt_memclr_w.o(.text)
    __rt_memclr_w                            0x080008ef   Thumb Code    78  rt_memclr_w.o(.text)
    _memset_w                                0x080008f3   Thumb Code     0  rt_memclr_w.o(.text)
    __use_two_region_memory                  0x0800093d   Thumb Code     2  heapauxi.o(.text)
    __rt_heap_escrow                         0x0800093f   Thumb Code     2  heapauxi.o(.text)
    __rt_heap_expand                         0x08000941   Thumb Code     2  heapauxi.o(.text)
    __rt_ctype_table                         0x08000945   Thumb Code    16  rt_ctype_table.o(.text)
    _printf_truncate_signed                  0x08000955   Thumb Code    18  _printf_truncate.o(.text)
    _printf_truncate_unsigned                0x08000967   Thumb Code    18  _printf_truncate.o(.text)
    _printf_int_common                       0x08000979   Thumb Code   178  _printf_intcommon.o(.text)
    _printf_charcount                        0x08000a2b   Thumb Code    40  _printf_charcount.o(.text)
    __lib_sel_fp_printf                      0x08000a53   Thumb Code     2  _printf_fp_dec.o(.text)
    _printf_fp_dec_real                      0x08000c05   Thumb Code   620  _printf_fp_dec.o(.text)
    _printf_char_common                      0x08000e7b   Thumb Code    32  _printf_char_common.o(.text)
    _sputc                                   0x08000ea1   Thumb Code    10  _sputc.o(.text)
    _snputc                                  0x08000eab   Thumb Code    16  _snputc.o(.text)
    _printf_cs_common                        0x08000ebb   Thumb Code    20  _printf_char.o(.text)
    _printf_char                             0x08000ecf   Thumb Code    16  _printf_char.o(.text)
    _printf_string                           0x08000edf   Thumb Code     8  _printf_char.o(.text)
    _printf_wctomb                           0x08000ee9   Thumb Code   182  _printf_wctomb.o(.text)
    _printf_longlong_dec                     0x08000fa5   Thumb Code   108  _printf_longlong_dec.o(.text)
    _printf_longlong_oct                     0x08001021   Thumb Code    66  _printf_oct_int_ll.o(.text)
    _printf_int_oct                          0x08001063   Thumb Code    24  _printf_oct_int_ll.o(.text)
    _printf_ll_oct                           0x0800107b   Thumb Code    12  _printf_oct_int_ll.o(.text)
    __user_libspace                          0x08001091   Thumb Code     8  libspace.o(.text)
    __user_perproc_libspace                  0x08001091   Thumb Code     0  libspace.o(.text)
    __user_perthread_libspace                0x08001091   Thumb Code     0  libspace.o(.text)
    __rt_locale                              0x08001099   Thumb Code     8  rt_locale_intlibspace.o(.text)
    _ll_udiv10                               0x080010a1   Thumb Code   138  lludiv10.o(.text)
    _printf_fp_hex_real                      0x0800112d   Thumb Code   756  _printf_fp_hex.o(.text)
    _printf_fp_infnan                        0x08001429   Thumb Code   112  _printf_fp_infnan.o(.text)
    _printf_lcs_common                       0x080014a9   Thumb Code    20  _printf_wchar.o(.text)
    _printf_wchar                            0x080014bd   Thumb Code    16  _printf_wchar.o(.text)
    _printf_wstring                          0x080014cd   Thumb Code     8  _printf_wchar.o(.text)
    _btod_etento                             0x080014d5   Thumb Code   224  bigflt0.o(.text)
    _wcrtomb                                 0x080015b9   Thumb Code    64  _wcrtomb.o(.text)
    __I$use$semihosting                      0x080015f9   Thumb Code     0  use_no_semi.o(.text)
    __use_no_semihosting_swi                 0x080015f9   Thumb Code     2  use_no_semi.o(.text)
    __semihosting_library_function           0x080015fb   Thumb Code     0  indicate_semi.o(.text)
    __user_setup_stackheap                   0x080015fb   Thumb Code    74  sys_stackheap_outer.o(.text)
    exit                                     0x08001645   Thumb Code    18  exit.o(.text)
    strcmp                                   0x08001659   Thumb Code   104  strcmpv7m_pel.o(.text)
    _sys_exit                                0x080016c1   Thumb Code     8  sys_exit.o(.text)
    _btod_d2e                                0x080016cd   Thumb Code    62  btod.o(CL$$btod_d2e)
    _d2e_denorm_low                          0x0800170b   Thumb Code    70  btod.o(CL$$btod_d2e_denorm_low)
    _d2e_norm_op1                            0x08001751   Thumb Code    96  btod.o(CL$$btod_d2e_norm_op1)
    __btod_div_common                        0x080017b1   Thumb Code   696  btod.o(CL$$btod_div_common)
    _e2e                                     0x08001ae9   Thumb Code   220  btod.o(CL$$btod_e2e)
    _btod_ediv                               0x08001bc5   Thumb Code    42  btod.o(CL$$btod_ediv)
    _btod_emul                               0x08001bef   Thumb Code    42  btod.o(CL$$btod_emul)
    __btod_mult_common                       0x08001c19   Thumb Code   580  btod.o(CL$$btod_mult_common)
    ADC_ConfigureBoostMode                   0x08001e5d   Thumb Code   204  stm32h7xx_hal_adc.o(i.ADC_ConfigureBoostMode)
    AutoReloadCallback                       0x08001f41   Thumb Code   180  pid.o(i.AutoReloadCallback)
    BusFault_Handler                         0x08002039   Thumb Code     2  stm32h7xx_it.o(i.BusFault_Handler)
    DebugMon_Handler                         0x0800203b   Thumb Code     2  stm32h7xx_it.o(i.DebugMon_Handler)
    Error_Handler                            0x0800203d   Thumb Code     4  main.o(i.Error_Handler)
    Give_Motor_PWM                           0x08002041   Thumb Code     8  tim.o(i.Give_Motor_PWM)
    HAL_ADCEx_MultiModeConfigChannel         0x08002049   Thumb Code   274  stm32h7xx_hal_adc_ex.o(i.HAL_ADCEx_MultiModeConfigChannel)
    HAL_ADC_ConfigChannel                    0x08002171   Thumb Code  1398  stm32h7xx_hal_adc.o(i.HAL_ADC_ConfigChannel)
    HAL_ADC_Init                             0x0800270d   Thumb Code   622  stm32h7xx_hal_adc.o(i.HAL_ADC_Init)
    HAL_ADC_MspInit                          0x080029b5   Thumb Code   136  adc.o(i.HAL_ADC_MspInit)
    HAL_DMA_Abort                            0x08002a49   Thumb Code   836  stm32h7xx_hal_dma.o(i.HAL_DMA_Abort)
    HAL_DMA_Abort_IT                         0x08002da9   Thumb Code   602  stm32h7xx_hal_dma.o(i.HAL_DMA_Abort_IT)
    HAL_Delay                                0x0800302d   Thumb Code    32  stm32h7xx_hal.o(i.HAL_Delay)
    HAL_GPIO_Init                            0x08003051   Thumb Code   496  stm32h7xx_hal_gpio.o(i.HAL_GPIO_Init)
    HAL_GetTick                              0x0800326d   Thumb Code     6  stm32h7xx_hal.o(i.HAL_GetTick)
    HAL_IncTick                              0x08003279   Thumb Code    12  stm32h7xx_hal.o(i.HAL_IncTick)
    HAL_Init                                 0x08003289   Thumb Code    74  stm32h7xx_hal.o(i.HAL_Init)
    HAL_InitTick                             0x080032e5   Thumb Code    56  stm32h7xx_hal.o(i.HAL_InitTick)
    HAL_MspInit                              0x08003325   Thumb Code    22  stm32h7xx_hal_msp.o(i.HAL_MspInit)
    HAL_NVIC_EnableIRQ                       0x08003341   Thumb Code    26  stm32h7xx_hal_cortex.o(i.HAL_NVIC_EnableIRQ)
    HAL_NVIC_SetPriority                     0x0800335d   Thumb Code    60  stm32h7xx_hal_cortex.o(i.HAL_NVIC_SetPriority)
    HAL_NVIC_SetPriorityGrouping             0x0800339d   Thumb Code    28  stm32h7xx_hal_cortex.o(i.HAL_NVIC_SetPriorityGrouping)
    HAL_PWREx_ConfigSupply                   0x080033c1   Thumb Code    78  stm32h7xx_hal_pwr_ex.o(i.HAL_PWREx_ConfigSupply)
    HAL_RCCEx_GetD3PCLK1Freq                 0x08003415   Thumb Code    26  stm32h7xx_hal_rcc_ex.o(i.HAL_RCCEx_GetD3PCLK1Freq)
    HAL_RCCEx_GetPLL1ClockFreq               0x08003439   Thumb Code   298  stm32h7xx_hal_rcc_ex.o(i.HAL_RCCEx_GetPLL1ClockFreq)
    HAL_RCCEx_GetPLL2ClockFreq               0x08003581   Thumb Code   296  stm32h7xx_hal_rcc_ex.o(i.HAL_RCCEx_GetPLL2ClockFreq)
    HAL_RCCEx_GetPLL3ClockFreq               0x080036c5   Thumb Code   296  stm32h7xx_hal_rcc_ex.o(i.HAL_RCCEx_GetPLL3ClockFreq)
    HAL_RCCEx_GetPeriphCLKFreq               0x08003809   Thumb Code   648  stm32h7xx_hal_rcc_ex.o(i.HAL_RCCEx_GetPeriphCLKFreq)
    HAL_RCCEx_PeriphCLKConfig                0x08003aa5   Thumb Code  2362  stm32h7xx_hal_rcc_ex.o(i.HAL_RCCEx_PeriphCLKConfig)
    HAL_RCC_ClockConfig                      0x080043e1   Thumb Code   580  stm32h7xx_hal_rcc.o(i.HAL_RCC_ClockConfig)
    HAL_RCC_GetHCLKFreq                      0x0800463d   Thumb Code    52  stm32h7xx_hal_rcc.o(i.HAL_RCC_GetHCLKFreq)
    HAL_RCC_GetPCLK1Freq                     0x08004681   Thumb Code    26  stm32h7xx_hal_rcc.o(i.HAL_RCC_GetPCLK1Freq)
    HAL_RCC_GetPCLK2Freq                     0x080046a5   Thumb Code    26  stm32h7xx_hal_rcc.o(i.HAL_RCC_GetPCLK2Freq)
    HAL_RCC_GetSysClockFreq                  0x080046c9   Thumb Code   278  stm32h7xx_hal_rcc.o(i.HAL_RCC_GetSysClockFreq)
    HAL_RCC_OscConfig                        0x08004801   Thumb Code  1318  stm32h7xx_hal_rcc.o(i.HAL_RCC_OscConfig)
    HAL_SYSTICK_Config                       0x08004d27   Thumb Code    38  stm32h7xx_hal_cortex.o(i.HAL_SYSTICK_Config)
    HAL_TIMEx_Break2Callback                 0x08004d4d   Thumb Code     2  stm32h7xx_hal_tim_ex.o(i.HAL_TIMEx_Break2Callback)
    HAL_TIMEx_BreakCallback                  0x08004d4f   Thumb Code     2  stm32h7xx_hal_tim_ex.o(i.HAL_TIMEx_BreakCallback)
    HAL_TIMEx_CommutCallback                 0x08004d51   Thumb Code     2  stm32h7xx_hal_tim_ex.o(i.HAL_TIMEx_CommutCallback)
    HAL_TIMEx_MasterConfigSynchronization    0x08004d55   Thumb Code   146  stm32h7xx_hal_tim_ex.o(i.HAL_TIMEx_MasterConfigSynchronization)
    HAL_TIM_Base_Init                        0x08004e0d   Thumb Code    98  stm32h7xx_hal_tim.o(i.HAL_TIM_Base_Init)
    HAL_TIM_Base_MspInit                     0x08004e71   Thumb Code    98  tim.o(i.HAL_TIM_Base_MspInit)
    HAL_TIM_Base_Start_IT                    0x08004ee5   Thumb Code   118  stm32h7xx_hal_tim.o(i.HAL_TIM_Base_Start_IT)
    HAL_TIM_ConfigClockSource                0x08004f85   Thumb Code   248  stm32h7xx_hal_tim.o(i.HAL_TIM_ConfigClockSource)
    HAL_TIM_Encoder_Init                     0x08005081   Thumb Code   182  stm32h7xx_hal_tim.o(i.HAL_TIM_Encoder_Init)
    HAL_TIM_Encoder_MspInit                  0x0800513d   Thumb Code   220  tim.o(i.HAL_TIM_Encoder_MspInit)
    HAL_TIM_Encoder_Start                    0x08005235   Thumb Code   142  stm32h7xx_hal_tim.o(i.HAL_TIM_Encoder_Start)
    HAL_TIM_IC_CaptureCallback               0x080052c3   Thumb Code     2  stm32h7xx_hal_tim.o(i.HAL_TIM_IC_CaptureCallback)
    HAL_TIM_IRQHandler                       0x080052c5   Thumb Code   328  stm32h7xx_hal_tim.o(i.HAL_TIM_IRQHandler)
    HAL_TIM_MspPostInit                      0x0800540d   Thumb Code   154  tim.o(i.HAL_TIM_MspPostInit)
    HAL_TIM_OC_DelayElapsedCallback          0x080054c1   Thumb Code     2  stm32h7xx_hal_tim.o(i.HAL_TIM_OC_DelayElapsedCallback)
    HAL_TIM_PWM_ConfigChannel                0x080054c3   Thumb Code   292  stm32h7xx_hal_tim.o(i.HAL_TIM_PWM_ConfigChannel)
    HAL_TIM_PWM_Init                         0x080055e7   Thumb Code    98  stm32h7xx_hal_tim.o(i.HAL_TIM_PWM_Init)
    HAL_TIM_PWM_MspInit                      0x08005649   Thumb Code    78  tim.o(i.HAL_TIM_PWM_MspInit)
    HAL_TIM_PWM_PulseFinishedCallback        0x080056a5   Thumb Code     2  stm32h7xx_hal_tim.o(i.HAL_TIM_PWM_PulseFinishedCallback)
    HAL_TIM_PWM_Start                        0x080056a9   Thumb Code   244  stm32h7xx_hal_tim.o(i.HAL_TIM_PWM_Start)
    HAL_TIM_PeriodElapsedCallback            0x080057cd   Thumb Code    12  main.o(i.HAL_TIM_PeriodElapsedCallback)
    HAL_TIM_TriggerCallback                  0x080057dd   Thumb Code     2  stm32h7xx_hal_tim.o(i.HAL_TIM_TriggerCallback)
    HAL_UARTEx_DisableFifoMode               0x080057df   Thumb Code    64  stm32h7xx_hal_uart_ex.o(i.HAL_UARTEx_DisableFifoMode)
    HAL_UARTEx_RxEventCallback               0x0800581f   Thumb Code     2  stm32h7xx_hal_uart.o(i.HAL_UARTEx_RxEventCallback)
    HAL_UARTEx_RxFifoFullCallback            0x08005821   Thumb Code     2  stm32h7xx_hal_uart_ex.o(i.HAL_UARTEx_RxFifoFullCallback)
    HAL_UARTEx_SetRxFifoThreshold            0x08005823   Thumb Code    76  stm32h7xx_hal_uart_ex.o(i.HAL_UARTEx_SetRxFifoThreshold)
    HAL_UARTEx_SetTxFifoThreshold            0x0800586f   Thumb Code    76  stm32h7xx_hal_uart_ex.o(i.HAL_UARTEx_SetTxFifoThreshold)
    HAL_UARTEx_TxFifoEmptyCallback           0x080058bb   Thumb Code     2  stm32h7xx_hal_uart_ex.o(i.HAL_UARTEx_TxFifoEmptyCallback)
    HAL_UARTEx_WakeupCallback                0x080058bd   Thumb Code     2  stm32h7xx_hal_uart_ex.o(i.HAL_UARTEx_WakeupCallback)
    HAL_UART_ErrorCallback                   0x080058bf   Thumb Code     2  stm32h7xx_hal_uart.o(i.HAL_UART_ErrorCallback)
    HAL_UART_IRQHandler                      0x080058c1   Thumb Code   878  stm32h7xx_hal_uart.o(i.HAL_UART_IRQHandler)
    HAL_UART_Init                            0x08005c49   Thumb Code   106  stm32h7xx_hal_uart.o(i.HAL_UART_Init)
    HAL_UART_MspInit                         0x08005cb5   Thumb Code   336  usart.o(i.HAL_UART_MspInit)
    HAL_UART_Printf                          0x08005e21   Thumb Code    50  usart.o(i.HAL_UART_Printf)
    HAL_UART_Receive_IT                      0x08005e55   Thumb Code    66  stm32h7xx_hal_uart.o(i.HAL_UART_Receive_IT)
    HAL_UART_RxCpltCallback                  0x08005e9d   Thumb Code    56  esp8266.o(i.HAL_UART_RxCpltCallback)
    HAL_UART_Transmit                        0x08005ee1   Thumb Code   176  stm32h7xx_hal_uart.o(i.HAL_UART_Transmit)
    HAL_UART_TxCpltCallback                  0x08005f91   Thumb Code     2  stm32h7xx_hal_uart.o(i.HAL_UART_TxCpltCallback)
    HardFault_Handler                        0x08005f93   Thumb Code     2  stm32h7xx_it.o(i.HardFault_Handler)
    MX_ADC1_Init                             0x08005ff1   Thumb Code   132  adc.o(i.MX_ADC1_Init)
    MX_GPIO_Init                             0x08006081   Thumb Code   118  gpio.o(i.MX_GPIO_Init)
    MX_TIM12_Init                            0x080060fd   Thumb Code    96  tim.o(i.MX_TIM12_Init)
    MX_TIM1_Init                             0x08006165   Thumb Code   100  tim.o(i.MX_TIM1_Init)
    MX_TIM23_Init                            0x080061d1   Thumb Code   156  tim.o(i.MX_TIM23_Init)
    MX_TIM24_Init                            0x08006275   Thumb Code    94  tim.o(i.MX_TIM24_Init)
    MX_TIM2_Init                             0x080062dd   Thumb Code   158  tim.o(i.MX_TIM2_Init)
    MX_TIM3_Init                             0x08006381   Thumb Code   156  tim.o(i.MX_TIM3_Init)
    MX_TIM4_Init                             0x08006425   Thumb Code    96  tim.o(i.MX_TIM4_Init)
    MX_TIM5_Init                             0x0800648d   Thumb Code    96  tim.o(i.MX_TIM5_Init)
    MX_TIM8_Init                             0x080064f5   Thumb Code    98  tim.o(i.MX_TIM8_Init)
    MX_UART4_Init                            0x08006561   Thumb Code    94  usart.o(i.MX_UART4_Init)
    MX_UART9_Init                            0x080065c9   Thumb Code    94  usart.o(i.MX_UART9_Init)
    MX_USART3_UART_Init                      0x08006631   Thumb Code    94  usart.o(i.MX_USART3_UART_Init)
    MemManage_Handler                        0x08006699   Thumb Code     2  stm32h7xx_it.o(i.MemManage_Handler)
    NMI_Handler                              0x0800669b   Thumb Code     2  stm32h7xx_it.o(i.NMI_Handler)
    PID_call                                 0x0800669d   Thumb Code   100  pid.o(i.PID_call)
    PID_call2                                0x08006711   Thumb Code    88  pid.o(i.PID_call2)
    PID_call3                                0x08006779   Thumb Code    88  pid.o(i.PID_call3)
    PendSV_Handler                           0x080067e1   Thumb Code     2  stm32h7xx_it.o(i.PendSV_Handler)
    Read_Encoder                             0x08006a25   Thumb Code    64  pid.o(i.Read_Encoder)
    SVC_Handler                              0x08006a75   Thumb Code     2  stm32h7xx_it.o(i.SVC_Handler)
    SysTick_Handler                          0x08006a77   Thumb Code     4  stm32h7xx_it.o(i.SysTick_Handler)
    SystemClock_Config                       0x08006a7d   Thumb Code   146  main.o(i.SystemClock_Config)
    SystemInit                               0x08006b15   Thumb Code   158  system_stm32h7xx.o(i.SystemInit)
    TIM5_IRQHandler                          0x08006bd5   Thumb Code     6  stm32h7xx_it.o(i.TIM5_IRQHandler)
    TIM_Base_SetConfig                       0x08006be1   Thumb Code   188  stm32h7xx_hal_tim.o(i.TIM_Base_SetConfig)
    TIM_CCxChannelCmd                        0x08006cc5   Thumb Code    26  stm32h7xx_hal_tim.o(i.TIM_CCxChannelCmd)
    TIM_ETR_SetConfig                        0x08006cdf   Thumb Code    18  stm32h7xx_hal_tim.o(i.TIM_ETR_SetConfig)
    TIM_OC2_SetConfig                        0x08006da9   Thumb Code   126  stm32h7xx_hal_tim.o(i.TIM_OC2_SetConfig)
    UART4_IRQHandler                         0x08007081   Thumb Code     6  stm32h7xx_it.o(i.UART4_IRQHandler)
    UART9_IRQHandler                         0x0800708d   Thumb Code     6  stm32h7xx_it.o(i.UART9_IRQHandler)
    UART_AdvFeatureConfig                    0x080070dd   Thumb Code   200  stm32h7xx_hal_uart.o(i.UART_AdvFeatureConfig)
    UART_CheckIdleState                      0x080071a5   Thumb Code   170  stm32h7xx_hal_uart.o(i.UART_CheckIdleState)
    UART_SetConfig                           0x08007789   Thumb Code   914  stm32h7xx_hal_uart.o(i.UART_SetConfig)
    UART_Start_Receive_IT                    0x08007b65   Thumb Code   256  stm32h7xx_hal_uart.o(i.UART_Start_Receive_IT)
    UART_WaitOnFlagUntilTimeout              0x08007c75   Thumb Code   148  stm32h7xx_hal_uart.o(i.UART_WaitOnFlagUntilTimeout)
    USART3_IRQHandler                        0x08007d09   Thumb Code     6  stm32h7xx_it.o(i.USART3_IRQHandler)
    UsageFault_Handler                       0x08007d15   Thumb Code     2  stm32h7xx_it.o(i.UsageFault_Handler)
    __ARM_fpclassify                         0x08007d17   Thumb Code    48  fpclassify.o(i.__ARM_fpclassify)
    _is_digit                                0x08007d69   Thumb Code    14  __printf_wp.o(i._is_digit)
    hardware_init                            0x08007d79   Thumb Code    58  main.o(i.hardware_init)
    main                                     0x08007dd5   Thumb Code   114  main.o(i.main)
    motor_init                               0x08007e71   Thumb Code   140  motor.o(i.motor_init)
    _get_lc_ctype                            0x08007f11   Thumb Code    44  lc_ctype_c.o(locale$$code)
    _get_lc_numeric                          0x08007f3d   Thumb Code    44  lc_numeric_c.o(locale$$code)
    _fp_init                                 0x08007f69   Thumb Code    10  fpinit.o(x$fpl$fpinit)
    __fplib_config_fpu_vfp                   0x08007f71   Thumb Code     0  fpinit.o(x$fpl$fpinit)
    __fplib_config_pureend_doubles           0x08007f71   Thumb Code     0  fpinit.o(x$fpl$fpinit)
    _printf_fp_dec                           0x08007f73   Thumb Code     4  printf1.o(x$fpl$printf1)
    _printf_fp_hex                           0x08007f77   Thumb Code     4  printf2.o(x$fpl$printf2)
    UARTPrescTable                           0x08007f7a   Data          24  stm32h7xx_hal_uart.o(.constdata)
    __I$use$fp                               0x08007f7a   Number         0  usenofp.o(x$fpl$usenofp)
    D1CorePrescTable                         0x08007fa2   Data          16  system_stm32h7xx.o(.constdata)
    Region$$Table$$Base                      0x080080b0   Number         0  anon$$obj.o(Region$$Table)
    Region$$Table$$Limit                     0x080080f0   Number         0  anon$$obj.o(Region$$Table)
    __ctype                                  0x080080fd   Data           0  lc_ctype_c.o(locale$$data)
    uwTickFreq                               0x20000000   Data           1  stm32h7xx_hal.o(.data)
    uwTickPrio                               0x20000004   Data           4  stm32h7xx_hal.o(.data)
    uwTick                                   0x20000008   Data           4  stm32h7xx_hal.o(.data)
    R_output_val                             0x2000000c   Data           4  pid.o(.data)
    R_err                                    0x20000010   Data           4  pid.o(.data)
    R_err_last                               0x20000014   Data           4  pid.o(.data)
    R_err_prev                               0x20000018   Data           4  pid.o(.data)
    R_target_val                             0x2000001c   Data           4  pid.o(.data)
    L_output_val                             0x20000020   Data           4  pid.o(.data)
    L_err                                    0x20000024   Data           4  pid.o(.data)
    L_err_last                               0x20000028   Data           4  pid.o(.data)
    L_err_prev                               0x2000002c   Data           4  pid.o(.data)
    L_target_val                             0x20000030   Data           4  pid.o(.data)
    sport_Flag                               0x20000034   Data           4  pid.o(.data)
    speed                                    0x20000038   Data           2  motor.o(.data)
    seed                                     0x2000003c   Data           4  motor.o(.data)
    qyflag                                   0x20000040   Data           4  motor.o(.data)
    hadc1                                    0x20000044   Data         112  adc.o(.bss)
    pid                                      0x200000b4   Data          36  pid.o(.bss)
    esp8266_buf                              0x200000d8   Data         512  esp8266.o(.bss)
    SystemCoreClock                          0x24000000   Data           4  system_stm32h7xx.o(.data)
    SystemD2Clock                            0x24000004   Data           4  system_stm32h7xx.o(.data)
    esp8266_cnt                              0x24000008   Data           2  esp8266.o(.data)
    esp8266_cntPre                           0x2400000a   Data           2  esp8266.o(.data)
    esp8266_data                             0x2400000c   Data           2  esp8266.o(.data)
    b                                        0x24000010   Data           4  esp8266.o(.data)
    htim1                                    0x24000014   Data          76  tim.o(.bss)
    htim2                                    0x24000060   Data          76  tim.o(.bss)
    htim3                                    0x240000ac   Data          76  tim.o(.bss)
    htim4                                    0x240000f8   Data          76  tim.o(.bss)
    htim5                                    0x24000144   Data          76  tim.o(.bss)
    htim8                                    0x24000190   Data          76  tim.o(.bss)
    htim12                                   0x240001dc   Data          76  tim.o(.bss)
    htim23                                   0x24000228   Data          76  tim.o(.bss)
    htim24                                   0x24000274   Data          76  tim.o(.bss)
    huart4                                   0x240002c0   Data         148  usart.o(.bss)
    huart9                                   0x24000354   Data         148  usart.o(.bss)
    huart3                                   0x240003e8   Data         148  usart.o(.bss)
    __libspace_start                         0x2400047c   Data          96  libspace.o(.bss)
    __temporary_stack_top$libspace           0x240004dc   Data           0  libspace.o(.bss)



==============================================================================

Memory Map of the image

  Image Entry point : 0x080002cd

  Load Region LR_IROM1 (Base: 0x08000000, Size: 0x00008274, Max: 0x00100000, ABSOLUTE)

    Execution Region ER_IROM1 (Exec base: 0x08000000, Load base: 0x08000000, Size: 0x0000821c, Max: 0x00100000, ABSOLUTE)

    Exec Addr    Load Addr    Size         Type   Attr      Idx    E Section Name        Object

    0x08000000   0x08000000   0x000002cc   Data   RO            3    RESET               startup_stm32h723xx.o
    0x080002cc   0x080002cc   0x00000008   Code   RO         6274  * !!!main             c_w.l(__main.o)
    0x080002d4   0x080002d4   0x00000034   Code   RO         6676    !!!scatter          c_w.l(__scatter.o)
    0x08000308   0x08000308   0x0000001a   Code   RO         6678    !!handler_copy      c_w.l(__scatter_copy.o)
    0x08000322   0x08000322   0x00000002   PAD
    0x08000324   0x08000324   0x0000001c   Code   RO         6680    !!handler_zi        c_w.l(__scatter_zi.o)
    0x08000340   0x08000340   0x00000000   Code   RO         6243    .ARM.Collect$$_printf_percent$$00000000  c_w.l(_printf_percent.o)
    0x08000340   0x08000340   0x00000006   Code   RO         6362    .ARM.Collect$$_printf_percent$$00000001  c_w.l(_printf_n.o)
    0x08000346   0x08000346   0x00000006   Code   RO         6363    .ARM.Collect$$_printf_percent$$00000002  c_w.l(_printf_p.o)
    0x0800034c   0x0800034c   0x00000006   Code   RO         6241    .ARM.Collect$$_printf_percent$$00000003  c_w.l(_printf_f.o)
    0x08000352   0x08000352   0x00000006   Code   RO         6242    .ARM.Collect$$_printf_percent$$00000004  c_w.l(_printf_e.o)
    0x08000358   0x08000358   0x00000006   Code   RO         6367    .ARM.Collect$$_printf_percent$$00000005  c_w.l(_printf_g.o)
    0x0800035e   0x0800035e   0x00000006   Code   RO         6368    .ARM.Collect$$_printf_percent$$00000006  c_w.l(_printf_a.o)
    0x08000364   0x08000364   0x0000000a   Code   RO         6373    .ARM.Collect$$_printf_percent$$00000007  c_w.l(_printf_ll.o)
    0x0800036e   0x0800036e   0x00000006   Code   RO         6365    .ARM.Collect$$_printf_percent$$00000008  c_w.l(_printf_i.o)
    0x08000374   0x08000374   0x00000006   Code   RO         6240    .ARM.Collect$$_printf_percent$$00000009  c_w.l(_printf_d.o)
    0x0800037a   0x0800037a   0x00000006   Code   RO         6366    .ARM.Collect$$_printf_percent$$0000000A  c_w.l(_printf_u.o)
    0x08000380   0x08000380   0x00000006   Code   RO         6364    .ARM.Collect$$_printf_percent$$0000000B  c_w.l(_printf_o.o)
    0x08000386   0x08000386   0x00000006   Code   RO         6239    .ARM.Collect$$_printf_percent$$0000000C  c_w.l(_printf_x.o)
    0x0800038c   0x0800038c   0x00000006   Code   RO         6370    .ARM.Collect$$_printf_percent$$0000000D  c_w.l(_printf_lli.o)
    0x08000392   0x08000392   0x00000006   Code   RO         6371    .ARM.Collect$$_printf_percent$$0000000E  c_w.l(_printf_lld.o)
    0x08000398   0x08000398   0x00000006   Code   RO         6372    .ARM.Collect$$_printf_percent$$0000000F  c_w.l(_printf_llu.o)
    0x0800039e   0x0800039e   0x00000006   Code   RO         6377    .ARM.Collect$$_printf_percent$$00000010  c_w.l(_printf_llo.o)
    0x080003a4   0x080003a4   0x00000006   Code   RO         6378    .ARM.Collect$$_printf_percent$$00000011  c_w.l(_printf_llx.o)
    0x080003aa   0x080003aa   0x0000000a   Code   RO         6374    .ARM.Collect$$_printf_percent$$00000012  c_w.l(_printf_l.o)
    0x080003b4   0x080003b4   0x00000006   Code   RO         6361    .ARM.Collect$$_printf_percent$$00000013  c_w.l(_printf_c.o)
    0x080003ba   0x080003ba   0x00000006   Code   RO         6238    .ARM.Collect$$_printf_percent$$00000014  c_w.l(_printf_s.o)
    0x080003c0   0x080003c0   0x00000006   Code   RO         6375    .ARM.Collect$$_printf_percent$$00000015  c_w.l(_printf_lc.o)
    0x080003c6   0x080003c6   0x00000006   Code   RO         6376    .ARM.Collect$$_printf_percent$$00000016  c_w.l(_printf_ls.o)
    0x080003cc   0x080003cc   0x00000004   Code   RO         6369    .ARM.Collect$$_printf_percent$$00000017  c_w.l(_printf_percent_end.o)
    0x080003d0   0x080003d0   0x00000002   Code   RO         6611    .ARM.Collect$$libinit$$00000000  c_w.l(libinit.o)
    0x080003d2   0x080003d2   0x00000004   Code   RO         6387    .ARM.Collect$$libinit$$00000001  c_w.l(libinit2.o)
    0x080003d6   0x080003d6   0x00000000   Code   RO         6390    .ARM.Collect$$libinit$$00000004  c_w.l(libinit2.o)
    0x080003d6   0x080003d6   0x00000000   Code   RO         6393    .ARM.Collect$$libinit$$0000000A  c_w.l(libinit2.o)
    0x080003d6   0x080003d6   0x00000000   Code   RO         6395    .ARM.Collect$$libinit$$0000000C  c_w.l(libinit2.o)
    0x080003d6   0x080003d6   0x00000000   Code   RO         6397    .ARM.Collect$$libinit$$0000000E  c_w.l(libinit2.o)
    0x080003d6   0x080003d6   0x00000006   Code   RO         6398    .ARM.Collect$$libinit$$0000000F  c_w.l(libinit2.o)
    0x080003dc   0x080003dc   0x00000000   Code   RO         6400    .ARM.Collect$$libinit$$00000011  c_w.l(libinit2.o)
    0x080003dc   0x080003dc   0x0000000c   Code   RO         6401    .ARM.Collect$$libinit$$00000012  c_w.l(libinit2.o)
    0x080003e8   0x080003e8   0x00000000   Code   RO         6402    .ARM.Collect$$libinit$$00000013  c_w.l(libinit2.o)
    0x080003e8   0x080003e8   0x00000000   Code   RO         6404    .ARM.Collect$$libinit$$00000015  c_w.l(libinit2.o)
    0x080003e8   0x080003e8   0x0000000a   Code   RO         6405    .ARM.Collect$$libinit$$00000016  c_w.l(libinit2.o)
    0x080003f2   0x080003f2   0x00000000   Code   RO         6406    .ARM.Collect$$libinit$$00000017  c_w.l(libinit2.o)
    0x080003f2   0x080003f2   0x00000000   Code   RO         6408    .ARM.Collect$$libinit$$00000019  c_w.l(libinit2.o)
    0x080003f2   0x080003f2   0x00000000   Code   RO         6410    .ARM.Collect$$libinit$$0000001B  c_w.l(libinit2.o)
    0x080003f2   0x080003f2   0x00000000   Code   RO         6412    .ARM.Collect$$libinit$$0000001D  c_w.l(libinit2.o)
    0x080003f2   0x080003f2   0x00000000   Code   RO         6414    .ARM.Collect$$libinit$$0000001F  c_w.l(libinit2.o)
    0x080003f2   0x080003f2   0x00000000   Code   RO         6416    .ARM.Collect$$libinit$$00000021  c_w.l(libinit2.o)
    0x080003f2   0x080003f2   0x00000000   Code   RO         6418    .ARM.Collect$$libinit$$00000023  c_w.l(libinit2.o)
    0x080003f2   0x080003f2   0x00000000   Code   RO         6420    .ARM.Collect$$libinit$$00000025  c_w.l(libinit2.o)
    0x080003f2   0x080003f2   0x00000000   Code   RO         6424    .ARM.Collect$$libinit$$0000002C  c_w.l(libinit2.o)
    0x080003f2   0x080003f2   0x00000000   Code   RO         6426    .ARM.Collect$$libinit$$0000002E  c_w.l(libinit2.o)
    0x080003f2   0x080003f2   0x00000000   Code   RO         6428    .ARM.Collect$$libinit$$00000030  c_w.l(libinit2.o)
    0x080003f2   0x080003f2   0x00000000   Code   RO         6430    .ARM.Collect$$libinit$$00000032  c_w.l(libinit2.o)
    0x080003f2   0x080003f2   0x00000002   Code   RO         6431    .ARM.Collect$$libinit$$00000033  c_w.l(libinit2.o)
    0x080003f4   0x080003f4   0x00000002   Code   RO         6673    .ARM.Collect$$libshutdown$$00000000  c_w.l(libshutdown.o)
    0x080003f6   0x080003f6   0x00000000   Code   RO         6629    .ARM.Collect$$libshutdown$$00000002  c_w.l(libshutdown2.o)
    0x080003f6   0x080003f6   0x00000000   Code   RO         6631    .ARM.Collect$$libshutdown$$00000004  c_w.l(libshutdown2.o)
    0x080003f6   0x080003f6   0x00000000   Code   RO         6634    .ARM.Collect$$libshutdown$$00000007  c_w.l(libshutdown2.o)
    0x080003f6   0x080003f6   0x00000000   Code   RO         6637    .ARM.Collect$$libshutdown$$0000000A  c_w.l(libshutdown2.o)
    0x080003f6   0x080003f6   0x00000000   Code   RO         6639    .ARM.Collect$$libshutdown$$0000000C  c_w.l(libshutdown2.o)
    0x080003f6   0x080003f6   0x00000000   Code   RO         6642    .ARM.Collect$$libshutdown$$0000000F  c_w.l(libshutdown2.o)
    0x080003f6   0x080003f6   0x00000002   Code   RO         6643    .ARM.Collect$$libshutdown$$00000010  c_w.l(libshutdown2.o)
    0x080003f8   0x080003f8   0x00000000   Code   RO         6300    .ARM.Collect$$rtentry$$00000000  c_w.l(__rtentry.o)
    0x080003f8   0x080003f8   0x00000000   Code   RO         6484    .ARM.Collect$$rtentry$$00000002  c_w.l(__rtentry2.o)
    0x080003f8   0x080003f8   0x00000006   Code   RO         6496    .ARM.Collect$$rtentry$$00000004  c_w.l(__rtentry4.o)
    0x080003fe   0x080003fe   0x00000000   Code   RO         6486    .ARM.Collect$$rtentry$$00000009  c_w.l(__rtentry2.o)
    0x080003fe   0x080003fe   0x00000004   Code   RO         6487    .ARM.Collect$$rtentry$$0000000A  c_w.l(__rtentry2.o)
    0x08000402   0x08000402   0x00000000   Code   RO         6489    .ARM.Collect$$rtentry$$0000000C  c_w.l(__rtentry2.o)
    0x08000402   0x08000402   0x00000008   Code   RO         6490    .ARM.Collect$$rtentry$$0000000D  c_w.l(__rtentry2.o)
    0x0800040a   0x0800040a   0x00000002   Code   RO         6616    .ARM.Collect$$rtexit$$00000000  c_w.l(rtexit.o)
    0x0800040c   0x0800040c   0x00000000   Code   RO         6649    .ARM.Collect$$rtexit$$00000002  c_w.l(rtexit2.o)
    0x0800040c   0x0800040c   0x00000004   Code   RO         6650    .ARM.Collect$$rtexit$$00000003  c_w.l(rtexit2.o)
    0x08000410   0x08000410   0x00000006   Code   RO         6651    .ARM.Collect$$rtexit$$00000004  c_w.l(rtexit2.o)
    0x08000416   0x08000416   0x00000002   PAD
    0x08000418   0x08000418   0x00000040   Code   RO            4    .text               startup_stm32h723xx.o
    0x08000458   0x08000458   0x000000ee   Code   RO         6175    .text               c_w.l(lludivv7m.o)
    0x08000546   0x08000546   0x00000002   PAD
    0x08000548   0x08000548   0x00000034   Code   RO         6179    .text               c_w.l(vsnprintf.o)
    0x0800057c   0x0800057c   0x0000004e   Code   RO         6191    .text               c_w.l(_printf_pad.o)
    0x080005ca   0x080005ca   0x00000052   Code   RO         6193    .text               c_w.l(_printf_str.o)
    0x0800061c   0x0800061c   0x00000078   Code   RO         6195    .text               c_w.l(_printf_dec.o)
    0x08000694   0x08000694   0x00000094   Code   RO         6215    .text               c_w.l(_printf_hex_int_ll_ptr.o)
    0x08000728   0x08000728   0x00000188   Code   RO         6235    .text               c_w.l(__printf_flags_ss_wp.o)
    0x080008b0   0x080008b0   0x0000003e   Code   RO         6258    .text               c_w.l(strlen.o)
    0x080008ee   0x080008ee   0x0000004e   Code   RO         6270    .text               c_w.l(rt_memclr_w.o)
    0x0800093c   0x0800093c   0x00000006   Code   RO         6272    .text               c_w.l(heapauxi.o)
    0x08000942   0x08000942   0x00000002   PAD
    0x08000944   0x08000944   0x00000010   Code   RO         6301    .text               c_w.l(rt_ctype_table.o)
    0x08000954   0x08000954   0x00000024   Code   RO         6334    .text               c_w.l(_printf_truncate.o)
    0x08000978   0x08000978   0x000000b2   Code   RO         6336    .text               c_w.l(_printf_intcommon.o)
    0x08000a2a   0x08000a2a   0x00000028   Code   RO         6338    .text               c_w.l(_printf_charcount.o)
    0x08000a52   0x08000a52   0x0000041e   Code   RO         6340    .text               c_w.l(_printf_fp_dec.o)
    0x08000e70   0x08000e70   0x00000030   Code   RO         6342    .text               c_w.l(_printf_char_common.o)
    0x08000ea0   0x08000ea0   0x0000000a   Code   RO         6344    .text               c_w.l(_sputc.o)
    0x08000eaa   0x08000eaa   0x00000010   Code   RO         6346    .text               c_w.l(_snputc.o)
    0x08000eba   0x08000eba   0x0000002c   Code   RO         6348    .text               c_w.l(_printf_char.o)
    0x08000ee6   0x08000ee6   0x00000002   PAD
    0x08000ee8   0x08000ee8   0x000000bc   Code   RO         6350    .text               c_w.l(_printf_wctomb.o)
    0x08000fa4   0x08000fa4   0x0000007c   Code   RO         6353    .text               c_w.l(_printf_longlong_dec.o)
    0x08001020   0x08001020   0x00000070   Code   RO         6359    .text               c_w.l(_printf_oct_int_ll.o)
    0x08001090   0x08001090   0x00000008   Code   RO         6480    .text               c_w.l(libspace.o)
    0x08001098   0x08001098   0x00000008   Code   RO         6503    .text               c_w.l(rt_locale_intlibspace.o)
    0x080010a0   0x080010a0   0x0000008a   Code   RO         6518    .text               c_w.l(lludiv10.o)
    0x0800112a   0x0800112a   0x00000002   PAD
    0x0800112c   0x0800112c   0x000002fc   Code   RO         6522    .text               c_w.l(_printf_fp_hex.o)
    0x08001428   0x08001428   0x00000080   Code   RO         6525    .text               c_w.l(_printf_fp_infnan.o)
    0x080014a8   0x080014a8   0x0000002c   Code   RO         6529    .text               c_w.l(_printf_wchar.o)
    0x080014d4   0x080014d4   0x000000e4   Code   RO         6533    .text               c_w.l(bigflt0.o)
    0x080015b8   0x080015b8   0x00000040   Code   RO         6558    .text               c_w.l(_wcrtomb.o)
    0x080015f8   0x080015f8   0x00000002   Code   RO         6581    .text               c_w.l(use_no_semi.o)
    0x080015fa   0x080015fa   0x00000000   Code   RO         6583    .text               c_w.l(indicate_semi.o)
    0x080015fa   0x080015fa   0x0000004a   Code   RO         6584    .text               c_w.l(sys_stackheap_outer.o)
    0x08001644   0x08001644   0x00000012   Code   RO         6590    .text               c_w.l(exit.o)
    0x08001656   0x08001656   0x00000002   PAD
    0x08001658   0x08001658   0x00000068   Code   RO         6600    .text               c_w.l(strcmpv7m_pel.o)
    0x080016c0   0x080016c0   0x0000000c   Code   RO         6614    .text               c_w.l(sys_exit.o)
    0x080016cc   0x080016cc   0x0000003e   Code   RO         6536    CL$$btod_d2e        c_w.l(btod.o)
    0x0800170a   0x0800170a   0x00000046   Code   RO         6538    CL$$btod_d2e_denorm_low  c_w.l(btod.o)
    0x08001750   0x08001750   0x00000060   Code   RO         6537    CL$$btod_d2e_norm_op1  c_w.l(btod.o)
    0x080017b0   0x080017b0   0x00000338   Code   RO         6546    CL$$btod_div_common  c_w.l(btod.o)
    0x08001ae8   0x08001ae8   0x000000dc   Code   RO         6543    CL$$btod_e2e        c_w.l(btod.o)
    0x08001bc4   0x08001bc4   0x0000002a   Code   RO         6540    CL$$btod_ediv       c_w.l(btod.o)
    0x08001bee   0x08001bee   0x0000002a   Code   RO         6539    CL$$btod_emul       c_w.l(btod.o)
    0x08001c18   0x08001c18   0x00000244   Code   RO         6545    CL$$btod_mult_common  c_w.l(btod.o)
    0x08001e5c   0x08001e5c   0x000000e4   Code   RO          640    i.ADC_ConfigureBoostMode  stm32h7xx_hal_adc.o
    0x08001f40   0x08001f40   0x000000f8   Code   RO         5114    i.AutoReloadCallback  pid.o
    0x08002038   0x08002038   0x00000002   Code   RO          516    i.BusFault_Handler  stm32h7xx_it.o
    0x0800203a   0x0800203a   0x00000002   Code   RO          517    i.DebugMon_Handler  stm32h7xx_it.o
    0x0800203c   0x0800203c   0x00000004   Code   RO           13    i.Error_Handler     main.o
    0x08002040   0x08002040   0x00000008   Code   RO          314    i.Give_Motor_PWM    tim.o
    0x08002048   0x08002048   0x00000128   Code   RO          892    i.HAL_ADCEx_MultiModeConfigChannel  stm32h7xx_hal_adc_ex.o
    0x08002170   0x08002170   0x0000059c   Code   RO          648    i.HAL_ADC_ConfigChannel  stm32h7xx_hal_adc.o
    0x0800270c   0x0800270c   0x000002a8   Code   RO          657    i.HAL_ADC_Init      stm32h7xx_hal_adc.o
    0x080029b4   0x080029b4   0x00000094   Code   RO          250    i.HAL_ADC_MspInit   adc.o
    0x08002a48   0x08002a48   0x00000360   Code   RO         1731    i.HAL_DMA_Abort     stm32h7xx_hal_dma.o
    0x08002da8   0x08002da8   0x00000284   Code   RO         1732    i.HAL_DMA_Abort_IT  stm32h7xx_hal_dma.o
    0x0800302c   0x0800302c   0x00000024   Code   RO         2581    i.HAL_Delay         stm32h7xx_hal.o
    0x08003050   0x08003050   0x0000021c   Code   RO         1579    i.HAL_GPIO_Init     stm32h7xx_hal_gpio.o
    0x0800326c   0x0800326c   0x0000000c   Code   RO         2597    i.HAL_GetTick       stm32h7xx_hal.o
    0x08003278   0x08003278   0x00000010   Code   RO         2603    i.HAL_IncTick       stm32h7xx_hal.o
    0x08003288   0x08003288   0x0000005c   Code   RO         2604    i.HAL_Init          stm32h7xx_hal.o
    0x080032e4   0x080032e4   0x00000040   Code   RO         2605    i.HAL_InitTick      stm32h7xx_hal.o
    0x08003324   0x08003324   0x0000001c   Code   RO          616    i.HAL_MspInit       stm32h7xx_hal_msp.o
    0x08003340   0x08003340   0x0000001a   Code   RO         2429    i.HAL_NVIC_EnableIRQ  stm32h7xx_hal_cortex.o
    0x0800335a   0x0800335a   0x00000002   PAD
    0x0800335c   0x0800335c   0x00000040   Code   RO         2435    i.HAL_NVIC_SetPriority  stm32h7xx_hal_cortex.o
    0x0800339c   0x0800339c   0x00000024   Code   RO         2436    i.HAL_NVIC_SetPriorityGrouping  stm32h7xx_hal_cortex.o
    0x080033c0   0x080033c0   0x00000054   Code   RO         2180    i.HAL_PWREx_ConfigSupply  stm32h7xx_hal_pwr_ex.o
    0x08003414   0x08003414   0x00000024   Code   RO         1222    i.HAL_RCCEx_GetD3PCLK1Freq  stm32h7xx_hal_rcc_ex.o
    0x08003438   0x08003438   0x00000148   Code   RO         1223    i.HAL_RCCEx_GetPLL1ClockFreq  stm32h7xx_hal_rcc_ex.o
    0x08003580   0x08003580   0x00000144   Code   RO         1224    i.HAL_RCCEx_GetPLL2ClockFreq  stm32h7xx_hal_rcc_ex.o
    0x080036c4   0x080036c4   0x00000144   Code   RO         1225    i.HAL_RCCEx_GetPLL3ClockFreq  stm32h7xx_hal_rcc_ex.o
    0x08003808   0x08003808   0x0000029c   Code   RO         1227    i.HAL_RCCEx_GetPeriphCLKFreq  stm32h7xx_hal_rcc_ex.o
    0x08003aa4   0x08003aa4   0x0000093a   Code   RO         1231    i.HAL_RCCEx_PeriphCLKConfig  stm32h7xx_hal_rcc_ex.o
    0x080043de   0x080043de   0x00000002   PAD
    0x080043e0   0x080043e0   0x0000025c   Code   RO         1107    i.HAL_RCC_ClockConfig  stm32h7xx_hal_rcc.o
    0x0800463c   0x0800463c   0x00000044   Code   RO         1112    i.HAL_RCC_GetHCLKFreq  stm32h7xx_hal_rcc.o
    0x08004680   0x08004680   0x00000024   Code   RO         1114    i.HAL_RCC_GetPCLK1Freq  stm32h7xx_hal_rcc.o
    0x080046a4   0x080046a4   0x00000024   Code   RO         1115    i.HAL_RCC_GetPCLK2Freq  stm32h7xx_hal_rcc.o
    0x080046c8   0x080046c8   0x00000138   Code   RO         1116    i.HAL_RCC_GetSysClockFreq  stm32h7xx_hal_rcc.o
    0x08004800   0x08004800   0x00000526   Code   RO         1119    i.HAL_RCC_OscConfig  stm32h7xx_hal_rcc.o
    0x08004d26   0x08004d26   0x00000026   Code   RO         2440    i.HAL_SYSTICK_Config  stm32h7xx_hal_cortex.o
    0x08004d4c   0x08004d4c   0x00000002   Code   RO         4236    i.HAL_TIMEx_Break2Callback  stm32h7xx_hal_tim_ex.o
    0x08004d4e   0x08004d4e   0x00000002   Code   RO         4237    i.HAL_TIMEx_BreakCallback  stm32h7xx_hal_tim_ex.o
    0x08004d50   0x08004d50   0x00000002   Code   RO         4238    i.HAL_TIMEx_CommutCallback  stm32h7xx_hal_tim_ex.o
    0x08004d52   0x08004d52   0x00000002   PAD
    0x08004d54   0x08004d54   0x000000b8   Code   RO         4259    i.HAL_TIMEx_MasterConfigSynchronization  stm32h7xx_hal_tim_ex.o
    0x08004e0c   0x08004e0c   0x00000062   Code   RO         3522    i.HAL_TIM_Base_Init  stm32h7xx_hal_tim.o
    0x08004e6e   0x08004e6e   0x00000002   PAD
    0x08004e70   0x08004e70   0x00000074   Code   RO          316    i.HAL_TIM_Base_MspInit  tim.o
    0x08004ee4   0x08004ee4   0x000000a0   Code   RO         3527    i.HAL_TIM_Base_Start_IT  stm32h7xx_hal_tim.o
    0x08004f84   0x08004f84   0x000000fc   Code   RO         3531    i.HAL_TIM_ConfigClockSource  stm32h7xx_hal_tim.o
    0x08005080   0x08005080   0x000000bc   Code   RO         3543    i.HAL_TIM_Encoder_Init  stm32h7xx_hal_tim.o
    0x0800513c   0x0800513c   0x000000f8   Code   RO          318    i.HAL_TIM_Encoder_MspInit  tim.o
    0x08005234   0x08005234   0x0000008e   Code   RO         3546    i.HAL_TIM_Encoder_Start  stm32h7xx_hal_tim.o
    0x080052c2   0x080052c2   0x00000002   Code   RO         3556    i.HAL_TIM_IC_CaptureCallback  stm32h7xx_hal_tim.o
    0x080052c4   0x080052c4   0x00000148   Code   RO         3570    i.HAL_TIM_IRQHandler  stm32h7xx_hal_tim.o
    0x0800540c   0x0800540c   0x000000b4   Code   RO          319    i.HAL_TIM_MspPostInit  tim.o
    0x080054c0   0x080054c0   0x00000002   Code   RO         3573    i.HAL_TIM_OC_DelayElapsedCallback  stm32h7xx_hal_tim.o
    0x080054c2   0x080054c2   0x00000124   Code   RO         3594    i.HAL_TIM_PWM_ConfigChannel  stm32h7xx_hal_tim.o
    0x080055e6   0x080055e6   0x00000062   Code   RO         3597    i.HAL_TIM_PWM_Init  stm32h7xx_hal_tim.o
    0x08005648   0x08005648   0x0000005c   Code   RO          321    i.HAL_TIM_PWM_MspInit  tim.o
    0x080056a4   0x080056a4   0x00000002   Code   RO         3600    i.HAL_TIM_PWM_PulseFinishedCallback  stm32h7xx_hal_tim.o
    0x080056a6   0x080056a6   0x00000002   PAD
    0x080056a8   0x080056a8   0x00000124   Code   RO         3602    i.HAL_TIM_PWM_Start  stm32h7xx_hal_tim.o
    0x080057cc   0x080057cc   0x00000010   Code   RO           14    i.HAL_TIM_PeriodElapsedCallback  main.o
    0x080057dc   0x080057dc   0x00000002   Code   RO         3613    i.HAL_TIM_TriggerCallback  stm32h7xx_hal_tim.o
    0x080057de   0x080057de   0x00000040   Code   RO         4959    i.HAL_UARTEx_DisableFifoMode  stm32h7xx_hal_uart_ex.o
    0x0800581e   0x0800581e   0x00000002   Code   RO         4548    i.HAL_UARTEx_RxEventCallback  stm32h7xx_hal_uart.o
    0x08005820   0x08005820   0x00000002   Code   RO         4967    i.HAL_UARTEx_RxFifoFullCallback  stm32h7xx_hal_uart_ex.o
    0x08005822   0x08005822   0x0000004c   Code   RO         4968    i.HAL_UARTEx_SetRxFifoThreshold  stm32h7xx_hal_uart_ex.o
    0x0800586e   0x0800586e   0x0000004c   Code   RO         4969    i.HAL_UARTEx_SetTxFifoThreshold  stm32h7xx_hal_uart_ex.o
    0x080058ba   0x080058ba   0x00000002   Code   RO         4971    i.HAL_UARTEx_TxFifoEmptyCallback  stm32h7xx_hal_uart_ex.o
    0x080058bc   0x080058bc   0x00000002   Code   RO         4972    i.HAL_UARTEx_WakeupCallback  stm32h7xx_hal_uart_ex.o
    0x080058be   0x080058be   0x00000002   Code   RO         4564    i.HAL_UART_ErrorCallback  stm32h7xx_hal_uart.o
    0x080058c0   0x080058c0   0x00000388   Code   RO         4567    i.HAL_UART_IRQHandler  stm32h7xx_hal_uart.o
    0x08005c48   0x08005c48   0x0000006a   Code   RO         4568    i.HAL_UART_Init     stm32h7xx_hal_uart.o
    0x08005cb2   0x08005cb2   0x00000002   PAD
    0x08005cb4   0x08005cb4   0x0000016c   Code   RO          441    i.HAL_UART_MspInit  usart.o
    0x08005e20   0x08005e20   0x00000032   Code   RO          442    i.HAL_UART_Printf   usart.o
    0x08005e52   0x08005e52   0x00000002   PAD
    0x08005e54   0x08005e54   0x00000048   Code   RO         4573    i.HAL_UART_Receive_IT  stm32h7xx_hal_uart.o
    0x08005e9c   0x08005e9c   0x00000044   Code   RO         5558    i.HAL_UART_RxCpltCallback  esp8266.o
    0x08005ee0   0x08005ee0   0x000000b0   Code   RO         4577    i.HAL_UART_Transmit  stm32h7xx_hal_uart.o
    0x08005f90   0x08005f90   0x00000002   Code   RO         4580    i.HAL_UART_TxCpltCallback  stm32h7xx_hal_uart.o
    0x08005f92   0x08005f92   0x00000002   Code   RO          518    i.HardFault_Handler  stm32h7xx_it.o
    0x08005f94   0x08005f94   0x0000000c   Code   RO          669    i.LL_ADC_GetOffsetChannel  stm32h7xx_hal_adc.o
    0x08005fa0   0x08005fa0   0x00000008   Code   RO          670    i.LL_ADC_INJ_IsConversionOngoing  stm32h7xx_hal_adc.o
    0x08005fa8   0x08005fa8   0x00000008   Code   RO          671    i.LL_ADC_REG_IsConversionOngoing  stm32h7xx_hal_adc.o
    0x08005fb0   0x08005fb0   0x00000008   Code   RO          902    i.LL_ADC_REG_IsConversionOngoing  stm32h7xx_hal_adc_ex.o
    0x08005fb8   0x08005fb8   0x0000001e   Code   RO          674    i.LL_ADC_SetChannelSamplingTime  stm32h7xx_hal_adc.o
    0x08005fd6   0x08005fd6   0x00000002   PAD
    0x08005fd8   0x08005fd8   0x00000018   Code   RO          675    i.LL_ADC_SetOffsetState  stm32h7xx_hal_adc.o
    0x08005ff0   0x08005ff0   0x00000090   Code   RO          251    i.MX_ADC1_Init      adc.o
    0x08006080   0x08006080   0x0000007c   Code   RO          220    i.MX_GPIO_Init      gpio.o
    0x080060fc   0x080060fc   0x00000068   Code   RO          322    i.MX_TIM12_Init     tim.o
    0x08006164   0x08006164   0x0000006c   Code   RO          323    i.MX_TIM1_Init      tim.o
    0x080061d0   0x080061d0   0x000000a4   Code   RO          324    i.MX_TIM23_Init     tim.o
    0x08006274   0x08006274   0x00000068   Code   RO          325    i.MX_TIM24_Init     tim.o
    0x080062dc   0x080062dc   0x000000a4   Code   RO          326    i.MX_TIM2_Init      tim.o
    0x08006380   0x08006380   0x000000a4   Code   RO          327    i.MX_TIM3_Init      tim.o
    0x08006424   0x08006424   0x00000068   Code   RO          328    i.MX_TIM4_Init      tim.o
    0x0800648c   0x0800648c   0x00000068   Code   RO          329    i.MX_TIM5_Init      tim.o
    0x080064f4   0x080064f4   0x0000006c   Code   RO          330    i.MX_TIM8_Init      tim.o
    0x08006560   0x08006560   0x00000068   Code   RO          443    i.MX_UART4_Init     usart.o
    0x080065c8   0x080065c8   0x00000068   Code   RO          444    i.MX_UART9_Init     usart.o
    0x08006630   0x08006630   0x00000068   Code   RO          445    i.MX_USART3_UART_Init  usart.o
    0x08006698   0x08006698   0x00000002   Code   RO          519    i.MemManage_Handler  stm32h7xx_it.o
    0x0800669a   0x0800669a   0x00000002   Code   RO          520    i.NMI_Handler       stm32h7xx_it.o
    0x0800669c   0x0800669c   0x00000074   Code   RO         5115    i.PID_call          pid.o
    0x08006710   0x08006710   0x00000068   Code   RO         5116    i.PID_call2         pid.o
    0x08006778   0x08006778   0x00000068   Code   RO         5117    i.PID_call3         pid.o
    0x080067e0   0x080067e0   0x00000002   Code   RO          521    i.PendSV_Handler    stm32h7xx_it.o
    0x080067e2   0x080067e2   0x00000002   PAD
    0x080067e4   0x080067e4   0x00000120   Code   RO         1234    i.RCCEx_PLL2_Config  stm32h7xx_hal_rcc_ex.o
    0x08006904   0x08006904   0x00000120   Code   RO         1235    i.RCCEx_PLL3_Config  stm32h7xx_hal_rcc_ex.o
    0x08006a24   0x08006a24   0x00000050   Code   RO         5118    i.Read_Encoder      pid.o
    0x08006a74   0x08006a74   0x00000002   Code   RO          522    i.SVC_Handler       stm32h7xx_it.o
    0x08006a76   0x08006a76   0x00000004   Code   RO          523    i.SysTick_Handler   stm32h7xx_it.o
    0x08006a7a   0x08006a7a   0x00000002   PAD
    0x08006a7c   0x08006a7c   0x00000098   Code   RO           15    i.SystemClock_Config  main.o
    0x08006b14   0x08006b14   0x000000c0   Code   RO         5078    i.SystemInit        system_stm32h7xx.o
    0x08006bd4   0x08006bd4   0x0000000c   Code   RO          524    i.TIM5_IRQHandler   stm32h7xx_it.o
    0x08006be0   0x08006be0   0x000000e4   Code   RO         3615    i.TIM_Base_SetConfig  stm32h7xx_hal_tim.o
    0x08006cc4   0x08006cc4   0x0000001a   Code   RO         3616    i.TIM_CCxChannelCmd  stm32h7xx_hal_tim.o
    0x08006cde   0x08006cde   0x00000012   Code   RO         3626    i.TIM_ETR_SetConfig  stm32h7xx_hal_tim.o
    0x08006cf0   0x08006cf0   0x00000014   Code   RO         3627    i.TIM_ITRx_SetConfig  stm32h7xx_hal_tim.o
    0x08006d04   0x08006d04   0x000000a4   Code   RO         3628    i.TIM_OC1_SetConfig  stm32h7xx_hal_tim.o
    0x08006da8   0x08006da8   0x00000098   Code   RO         3629    i.TIM_OC2_SetConfig  stm32h7xx_hal_tim.o
    0x08006e40   0x08006e40   0x00000098   Code   RO         3630    i.TIM_OC3_SetConfig  stm32h7xx_hal_tim.o
    0x08006ed8   0x08006ed8   0x00000078   Code   RO         3631    i.TIM_OC4_SetConfig  stm32h7xx_hal_tim.o
    0x08006f50   0x08006f50   0x00000074   Code   RO         3632    i.TIM_OC5_SetConfig  stm32h7xx_hal_tim.o
    0x08006fc4   0x08006fc4   0x00000074   Code   RO         3633    i.TIM_OC6_SetConfig  stm32h7xx_hal_tim.o
    0x08007038   0x08007038   0x00000022   Code   RO         3635    i.TIM_TI1_ConfigInputStage  stm32h7xx_hal_tim.o
    0x0800705a   0x0800705a   0x00000024   Code   RO         3637    i.TIM_TI2_ConfigInputStage  stm32h7xx_hal_tim.o
    0x0800707e   0x0800707e   0x00000002   PAD
    0x08007080   0x08007080   0x0000000c   Code   RO          525    i.UART4_IRQHandler  stm32h7xx_it.o
    0x0800708c   0x0800708c   0x0000000c   Code   RO          526    i.UART9_IRQHandler  stm32h7xx_it.o
    0x08007098   0x08007098   0x00000044   Code   RO         4973    i.UARTEx_SetNbDataToProcess  stm32h7xx_hal_uart_ex.o
    0x080070dc   0x080070dc   0x000000c8   Code   RO         4582    i.UART_AdvFeatureConfig  stm32h7xx_hal_uart.o
    0x080071a4   0x080071a4   0x000000aa   Code   RO         4583    i.UART_CheckIdleState  stm32h7xx_hal_uart.o
    0x0800724e   0x0800724e   0x00000014   Code   RO         4584    i.UART_DMAAbortOnError  stm32h7xx_hal_uart.o
    0x08007262   0x08007262   0x00000002   PAD
    0x08007264   0x08007264   0x00000054   Code   RO         4594    i.UART_EndRxTransfer  stm32h7xx_hal_uart.o
    0x080072b8   0x080072b8   0x000000c8   Code   RO         4596    i.UART_RxISR_16BIT  stm32h7xx_hal_uart.o
    0x08007380   0x08007380   0x000001a0   Code   RO         4597    i.UART_RxISR_16BIT_FIFOEN  stm32h7xx_hal_uart.o
    0x08007520   0x08007520   0x000000c8   Code   RO         4598    i.UART_RxISR_8BIT   stm32h7xx_hal_uart.o
    0x080075e8   0x080075e8   0x000001a0   Code   RO         4599    i.UART_RxISR_8BIT_FIFOEN  stm32h7xx_hal_uart.o
    0x08007788   0x08007788   0x000003dc   Code   RO         4600    i.UART_SetConfig    stm32h7xx_hal_uart.o
    0x08007b64   0x08007b64   0x00000110   Code   RO         4602    i.UART_Start_Receive_IT  stm32h7xx_hal_uart.o
    0x08007c74   0x08007c74   0x00000094   Code   RO         4607    i.UART_WaitOnFlagUntilTimeout  stm32h7xx_hal_uart.o
    0x08007d08   0x08007d08   0x0000000c   Code   RO          527    i.USART3_IRQHandler  stm32h7xx_it.o
    0x08007d14   0x08007d14   0x00000002   Code   RO          528    i.UsageFault_Handler  stm32h7xx_it.o
    0x08007d16   0x08007d16   0x00000030   Code   RO         6461    i.__ARM_fpclassify  m_wv.l(fpclassify.o)
    0x08007d46   0x08007d46   0x00000022   Code   RO         2442    i.__NVIC_SetPriority  stm32h7xx_hal_cortex.o
    0x08007d68   0x08007d68   0x0000000e   Code   RO         6228    i._is_digit         c_w.l(__printf_wp.o)
    0x08007d76   0x08007d76   0x00000002   PAD
    0x08007d78   0x08007d78   0x0000005c   Code   RO           16    i.hardware_init     main.o
    0x08007dd4   0x08007dd4   0x0000009c   Code   RO           17    i.main              main.o
    0x08007e70   0x08007e70   0x000000a0   Code   RO         5696    i.motor_init        motor.o
    0x08007f10   0x08007f10   0x0000002c   Code   RO         6561    locale$$code        c_w.l(lc_ctype_c.o)
    0x08007f3c   0x08007f3c   0x0000002c   Code   RO         6564    locale$$code        c_w.l(lc_numeric_c.o)
    0x08007f68   0x08007f68   0x0000000a   Code   RO         6577    x$fpl$fpinit        fz_wv.l(fpinit.o)
    0x08007f72   0x08007f72   0x00000004   Code   RO         6276    x$fpl$printf1       fz_wv.l(printf1.o)
    0x08007f76   0x08007f76   0x00000004   Code   RO         6432    x$fpl$printf2       fz_wv.l(printf2.o)
    0x08007f7a   0x08007f7a   0x00000000   Code   RO         6440    x$fpl$usenofp       fz_wv.l(usenofp.o)
    0x08007f7a   0x08007f7a   0x00000018   Data   RO         4608    .constdata          stm32h7xx_hal_uart.o
    0x08007f92   0x08007f92   0x00000010   Data   RO         4974    .constdata          stm32h7xx_hal_uart_ex.o
    0x08007fa2   0x08007fa2   0x00000010   Data   RO         5079    .constdata          system_stm32h7xx.o
    0x08007fb2   0x08007fb2   0x00000028   Data   RO         6216    .constdata          c_w.l(_printf_hex_int_ll_ptr.o)
    0x08007fda   0x08007fda   0x00000011   Data   RO         6236    .constdata          c_w.l(__printf_flags_ss_wp.o)
    0x08007feb   0x08007feb   0x00000001   PAD
    0x08007fec   0x08007fec   0x00000008   Data   RO         6351    .constdata          c_w.l(_printf_wctomb.o)
    0x08007ff4   0x08007ff4   0x00000026   Data   RO         6523    .constdata          c_w.l(_printf_fp_hex.o)
    0x0800801a   0x0800801a   0x00000002   PAD
    0x0800801c   0x0800801c   0x00000094   Data   RO         6534    .constdata          c_w.l(bigflt0.o)
    0x080080b0   0x080080b0   0x00000040   Data   RO         6674    Region$$Table       anon$$obj.o
    0x080080f0   0x080080f0   0x00000110   Data   RO         6560    locale$$data        c_w.l(lc_ctype_c.o)
    0x08008200   0x08008200   0x0000001c   Data   RO         6563    locale$$data        c_w.l(lc_numeric_c.o)


    Execution Region RW_IRAM1 (Exec base: 0x20000000, Load base: 0x0800821c, Size: 0x000006d8, Max: 0x00020000, ABSOLUTE)

    Exec Addr    Load Addr    Size         Type   Attr      Idx    E Section Name        Object

    0x20000000   0x0800821c   0x0000000c   Data   RW         2628    .data               stm32h7xx_hal.o
    0x2000000c   0x08008228   0x0000002c   Data   RW         5126    .data               pid.o
    0x20000038   0x08008254   0x0000000c   Data   RW         5714    .data               motor.o
    0x20000044        -       0x00000070   Zero   RW          252    .bss                adc.o
    0x200000b4        -       0x00000024   Zero   RW         5120    .bss                pid.o
    0x200000d8        -       0x00000200   Zero   RW         5559    .bss                esp8266.o
    0x200002d8        -       0x00000400   Zero   RW            1    STACK               startup_stm32h723xx.o


    Execution Region RW_IRAM2 (Exec base: 0x24000000, Load base: 0x08008260, Size: 0x000006e0, Max: 0x00020000, ABSOLUTE)

    Exec Addr    Load Addr    Size         Type   Attr      Idx    E Section Name        Object

    0x24000000   0x08008260   0x00000008   Data   RW         5080    .data               system_stm32h7xx.o
    0x24000008   0x08008268   0x0000000c   Data   RW         5560    .data               esp8266.o
    0x24000014        -       0x000002ac   Zero   RW          331    .bss                tim.o
    0x240002c0        -       0x000001bc   Zero   RW          447    .bss                usart.o
    0x2400047c        -       0x00000060   Zero   RW         6481    .bss                c_w.l(libspace.o)
    0x240004dc   0x08008274   0x00000004   PAD
    0x240004e0        -       0x00000200   Zero   RW            2    HEAP                startup_stm32h723xx.o


==============================================================================

Image component sizes


      Code (inc. data)   RO Data    RW Data    ZI Data      Debug   Object Name

       292         24          0          0        112       1841   adc.o
        68         12          0         12        512       1906   esp8266.o
       124          6          0          0          0        931   gpio.o
       420         86          0          0          0    1221868   main.o
       160         20          0         12          0        865   motor.o
       652        132          0         44         36       4288   pid.o
        64         26        716          0       1536        836   startup_stm32h723xx.o
       220         40          0         12          0      23497   stm32h7xx_hal.o
      2426        156          0          0          0      74784   stm32h7xx_hal_adc.o
       304         22          0          0          0      67327   stm32h7xx_hal_adc_ex.o
       198         12          0          0          0      38651   stm32h7xx_hal_cortex.o
      1508         70          0          0          0       3863   stm32h7xx_hal_dma.o
       540         44          0          0          0       1512   stm32h7xx_hal_gpio.o
        28          6          0          0          0        798   stm32h7xx_hal_msp.o
        84          6          0          0          0        781   stm32h7xx_hal_pwr_ex.o
      2374        102          0          0          0       6952   stm32h7xx_hal_rcc.o
      4618        168          0          0          0      10279   stm32h7xx_hal_rcc_ex.o
      3040        304          0          0          0      20075   stm32h7xx_hal_tim.o
       190         38          0          0          0       3104   stm32h7xx_hal_tim_ex.o
      4378        202         24          0          0      37354   stm32h7xx_hal_uart.o
       290          6         16          0          0       5338   stm32h7xx_hal_uart_ex.o
        68         24          0          0          0       5906   stm32h7xx_it.o
       192         34         16          8          0       1362   system_stm32h7xx.o
      1768        160          0          0        684      10059   tim.o
       726         58          0          0        444       4682   usart.o

    ----------------------------------------------------------------------
     24756       1758        836         88       3324    1548859   Object Totals
         0          0         64          0          0          0   (incl. Generated)
        24          0          0          0          0          0   (incl. Padding)

    ----------------------------------------------------------------------

      Code (inc. data)   RO Data    RW Data    ZI Data      Debug   Library Member Name

         8          0          0          0          0         68   __main.o
       392          4         17          0          0         92   __printf_flags_ss_wp.o
        14          0          0          0          0         68   __printf_wp.o
         0          0          0          0          0          0   __rtentry.o
        12          0          0          0          0          0   __rtentry2.o
         6          0          0          0          0          0   __rtentry4.o
        52          8          0          0          0          0   __scatter.o
        26          0          0          0          0          0   __scatter_copy.o
        28          0          0          0          0          0   __scatter_zi.o
         6          0          0          0          0          0   _printf_a.o
         6          0          0          0          0          0   _printf_c.o
        44          0          0          0          0        108   _printf_char.o
        48          6          0          0          0         96   _printf_char_common.o
        40          0          0          0          0         68   _printf_charcount.o
         6          0          0          0          0          0   _printf_d.o
       120         16          0          0          0         92   _printf_dec.o
         6          0          0          0          0          0   _printf_e.o
         6          0          0          0          0          0   _printf_f.o
      1054          0          0          0          0        216   _printf_fp_dec.o
       764          8         38          0          0        100   _printf_fp_hex.o
       128         16          0          0          0         84   _printf_fp_infnan.o
         6          0          0          0          0          0   _printf_g.o
       148          4         40          0          0        160   _printf_hex_int_ll_ptr.o
         6          0          0          0          0          0   _printf_i.o
       178          0          0          0          0         88   _printf_intcommon.o
        10          0          0          0          0          0   _printf_l.o
         6          0          0          0          0          0   _printf_lc.o
        10          0          0          0          0          0   _printf_ll.o
         6          0          0          0          0          0   _printf_lld.o
         6          0          0          0          0          0   _printf_lli.o
         6          0          0          0          0          0   _printf_llo.o
         6          0          0          0          0          0   _printf_llu.o
         6          0          0          0          0          0   _printf_llx.o
       124         16          0          0          0         92   _printf_longlong_dec.o
         6          0          0          0          0          0   _printf_ls.o
         6          0          0          0          0          0   _printf_n.o
         6          0          0          0          0          0   _printf_o.o
       112         10          0          0          0        124   _printf_oct_int_ll.o
         6          0          0          0          0          0   _printf_p.o
        78          0          0          0          0        108   _printf_pad.o
         0          0          0          0          0          0   _printf_percent.o
         4          0          0          0          0          0   _printf_percent_end.o
         6          0          0          0          0          0   _printf_s.o
        82          0          0          0          0         80   _printf_str.o
        36          0          0          0          0         84   _printf_truncate.o
         6          0          0          0          0          0   _printf_u.o
        44          0          0          0          0        108   _printf_wchar.o
       188          6          8          0          0         92   _printf_wctomb.o
         6          0          0          0          0          0   _printf_x.o
        16          0          0          0          0         68   _snputc.o
        10          0          0          0          0         68   _sputc.o
        64          0          0          0          0         92   _wcrtomb.o
       228          4        148          0          0         96   bigflt0.o
      1936        128          0          0          0        672   btod.o
        18          0          0          0          0         80   exit.o
         6          0          0          0          0        152   heapauxi.o
         0          0          0          0          0          0   indicate_semi.o
        44         10        272          0          0         76   lc_ctype_c.o
        44         10         28          0          0         76   lc_numeric_c.o
         2          0          0          0          0          0   libinit.o
        34          0          0          0          0          0   libinit2.o
         2          0          0          0          0          0   libshutdown.o
         2          0          0          0          0          0   libshutdown2.o
         8          4          0          0         96         68   libspace.o
       138          0          0          0          0         80   lludiv10.o
       238          0          0          0          0        100   lludivv7m.o
        16          4          0          0          0         76   rt_ctype_table.o
         8          4          0          0          0         68   rt_locale_intlibspace.o
        78          0          0          0          0         80   rt_memclr_w.o
         2          0          0          0          0          0   rtexit.o
        10          0          0          0          0          0   rtexit2.o
       104          0          0          0          0         68   strcmpv7m_pel.o
        62          0          0          0          0         76   strlen.o
        12          4          0          0          0         68   sys_exit.o
        74          0          0          0          0         80   sys_stackheap_outer.o
         2          0          0          0          0         68   use_no_semi.o
        52          4          0          0          0         80   vsnprintf.o
        10          0          0          0          0        116   fpinit.o
         4          0          0          0          0        116   printf1.o
         4          0          0          0          0        116   printf2.o
         0          0          0          0          0          0   usenofp.o
        48          0          0          0          0        124   fpclassify.o

    ----------------------------------------------------------------------
      7162        266        554          0        100       4692   Library Totals
        16          0          3          0          4          0   (incl. Padding)

    ----------------------------------------------------------------------

      Code (inc. data)   RO Data    RW Data    ZI Data      Debug   Library Name

      7080        266        551          0         96       4220   c_w.l
        18          0          0          0          0        348   fz_wv.l
        48          0          0          0          0        124   m_wv.l

    ----------------------------------------------------------------------
      7162        266        554          0        100       4692   Library Totals

    ----------------------------------------------------------------------

==============================================================================


      Code (inc. data)   RO Data    RW Data    ZI Data      Debug   

     31918       2024       1390         88       3424    1537863   Grand Totals
     31918       2024       1390         88       3424    1537863   ELF Image Totals
     31918       2024       1390         88          0          0   ROM Totals

==============================================================================

    Total RO  Size (Code + RO Data)                33308 (  32.53kB)
    Total RW  Size (RW Data + ZI Data)              3512 (   3.43kB)
    Total ROM Size (Code + RO Data + RW Data)      33396 (  32.61kB)

==============================================================================

