<html>
<body>
<pre>
<h1>礦ision Build Log</h1>
<h2>Tool Versions:</h2>
IDE-Version: μVision V5.24.2.0
Copyright (C) 2017 ARM Ltd and ARM Germany GmbH. All rights reserved.
License Information: huang huang, huang, LIC=QF82M-XGSUF-SBSEJ-U8MHG-2VWYR-G91X7
 
Tool Versions:
Toolchain:       MDK-ARM Plus  Version: 5.24.1
Toolchain Path:  D:\360Downloads\huang\ARM\ARMCC\Bin
C Compiler:      Armcc.exe V5.06 update 5 (build 528)
Assembler:       Armasm.exe V5.06 update 5 (build 528)
Linker/Locator:  ArmLink.exe V5.06 update 5 (build 528)
Library Manager: ArmAr.exe V5.06 update 5 (build 528)
Hex Converter:   FromElf.exe V5.06 update 5 (build 528)
CPU DLL:         SARMCM3.DLL V5.24.1
Dialog DLL:      DARMSTM.DLL V1.68.0.0
Target DLL:      STLink\ST-LINKIII-KEIL_SWO.dll V3.0.1.0
Dialog DLL:      TARMSTM.DLL V1.66.0.0
 
<h2>Project:</h2>
F:\A黄梅芬文件\AAA毕设\onenet\A传感器模块代码\自学\P7设备登录(20241215下午)\P7设备登录\stm32f103.uvprojx
Project File Date:  12/19/2024

<h2>Output:</h2>
*** Using Compiler 'V5.06 update 5 (build 528)', folder: 'D:\360Downloads\huang\ARM\ARMCC\Bin'
Build target 'STM32F103'
compiling main.c...
user\main.c(448): warning:  #223-D: function "fabs" declared implicitly
      if (fabs(currentTDSData - *lastFilteredTDS) > MAX_DIFF_TDS) {
user\main.c(456): warning:  #223-D: function "fabs" declared implicitly
      if (fabs(currentPHData - *lastFilteredPH) > MAX_DIFF_PH) {
user\main.c(462): warning:  #1-D: last line of file ends without a newline
  }
user\main.c: 3 warnings, 0 errors
linking...
Program Size: Code=53410 RO-data=3530 RW-data=2420 ZI-data=3236  
FromELF: creating hex file...
".\output\stm32f103.axf" - 0 Error(s), 3 Warning(s).

<h2>Software Packages used:</h2>

Package Vendor: ARM
                http://www.keil.com/pack/ARM.CMSIS.5.0.1.pack
                ARM.CMSIS.5.0.1
                CMSIS (Cortex Microcontroller Software Interface Standard)
   * Component: CORE Version: 5.0.1

Package Vendor: Keil
                http://www.keil.com/pack/Keil.STM32F1xx_DFP.2.2.0.pack
                Keil.STM32F1xx_DFP.2.2.0
                STMicroelectronics STM32F1 Series Device Support, Drivers and Examples

<h2>Collection of Component include folders:</h2>
  .\RTE\_STM32F103
  D:\360Downloads\huang\ARM\PACK\ARM\CMSIS\5.0.1\CMSIS\Include
  D:\360Downloads\huang\ARM\PACK\Keil\STM32F1xx_DFP\2.2.0\Device\Include

<h2>Collection of Component Files used:</h2>

   * Component: ARM::CMSIS:CORE:5.0.1
Build Time Elapsed:  00:00:01
</pre>
</body>
</html>
