<html>
<body>
<pre>
<h1>�Vision Build Log</h1>
<h2>Tool Versions:</h2>
IDE-Version: ��Vision V5.38.0.0
Copyright (C) 2022 ARM Ltd and ARM Germany GmbH. All rights reserved.
License Information: 1 1, 1, LIC=VGXG8-3STQ8-Y8WFK-Z6MPP-5NI0Z-MHAWQ
 
Tool Versions:
Toolchain:       MDK-ARM Plus  Version: 5.38.0.0
Toolchain Path:  D:\Software\Work_software\Direct_coding\keil\ARM\ARMCLANG\Bin
C Compiler:      ArmClang.exe V6.19
Assembler:       Armasm.exe V6.19
Linker/Locator:  ArmLink.exe V6.19
Library Manager: ArmAr.exe V6.19
Hex Converter:   FromElf.exe V6.19
CPU DLL:         SARMCM3.DLL V5.38.0.0
Dialog DLL:      DCM.DLL V1.17.5.0
Target DLL:      STLink\ST-LINKIII-KEIL_SWO.dll V3.1.0.0
Dialog DLL:      TCM.DLL V1.56.4.0
 
<h2>Project:</h2>
E:\Code\stm32_project\stm32_program\qyxc_promax (2)\qyxc_promax\MDK-ARM\qyxc_promax.uvprojx
Project File Date:  02/10/2025

<h2>Output:</h2>
*** Using Compiler 'V6.19', folder: 'D:\Software\Work_software\Direct_coding\keil\ARM\ARMCLANG\Bin'
Build target 'qyxc_promax'
compiling motor.c...
compiling ctrl.c...
compiling main.c...
compiling usart.c...
compiling esp8266.c...
../hardware/onenet.c(344): warning: illegal character encoding in string literal [-Winvalid-source-encoding]
                                        case 0:HAL_UART_Printf(USART_DEBUG, "Tips:      <C1><AC><BD>ӳɹ<A6>\r\n");status = 0;break;
                                                                                        ^~~~~~~~~~~~  ~~~~
../hardware/onenet.c(346): warning: illegal character encoding in string literal [-Winvalid-source-encoding]
                                        case 1:HAL_UART_Printf(USART_DEBUG, "WARN:      <C1><AC><BD><D3>ʧ<B0>ܣ<BA>Э<D2><E9><B4><ED><CE><F3>\r\n");break;
                                                                                        ^~~~~~~~~~~~~~~~ ~~~~ ~~~~ ~~~~~~~~~~~~~~~~~~~~~~~~
../hardware/onenet.c(347): warning: illegal character encoding in string literal [-Winvalid-source-encoding]
                                        case 2:HAL_UART_Printf(USART_DEBUG, "WARN:      <C1><AC><BD><D3>ʧ<B0>ܣ<BA><B7>Ƿ<A8><B5><C4>clientid\r\n");break;
                                                                                        ^~~~~~~~~~~~~~~~ ~~~~ ~~~~~~~~ ~~~~~~~~~~~~
../hardware/onenet.c(348): warning: illegal character encoding in string literal [-Winvalid-source-encoding]
                                        case 3:HAL_UART_Printf(USART_DEBUG, "WARN:      <C1><AC><BD><D3>ʧ<B0>ܣ<BA><B7><FE><CE><F1><C6><F7>ʧ<B0><DC>\r\n");break;
                                                                                        ^~~~~~~~~~~~~~~~ ~~~~ ~~~~~~~~~~~~~~~~~~~~~~~~~~~~ ~~~~~~~~
../hardware/onenet.c(349): warning: illegal character encoding in string literal [-Winvalid-source-encoding]
                                        case 4:HAL_UART_Printf(USART_DEBUG, "WARN:      <C1><AC><BD><D3>ʧ<B0>ܣ<BA><D3>û<A7><C3><FB><BB><F2><C3><DC><C2><EB><B4><ED><CE><F3>\r\n");break;
                                                                                        ^~~~~~~~~~~~~~~~ ~~~~ ~~~~~~~~ ~~~~~~~~~~~~~~~~~~~~~~~~~~~~~~~~~~~~~~~~~~~~~~~~~~~~
../hardware/onenet.c(350): warning: illegal character encoding in string literal [-Winvalid-source-encoding]
                                        case 5:HAL_UART_Printf(USART_DEBUG, "WARN:      <C1><AC><BD><D3>ʧ<B0>ܣ<BA><B7>Ƿ<A8><C1><B4><BD><D3>(<B1><C8><C8><E7>token<B7>Ƿ<A8>)\r\n");break;
                                                                                        ^~~~~~~~~~~~~~~~ ~~~~ ~~~~~~~~ ~~~~~~~~~~~~~~~~~~~~ ~~~~~~~~~~~~~~~~     ~~~~ ~~~~
../hardware/onenet.c(352): warning: illegal character encoding in string literal [-Winvalid-source-encoding]
                                        default:HAL_UART_Printf(USART_DEBUG, "ERR:      <C1><AC><BD><D3>ʧ<B0>ܣ<BA>δ֪<B4><ED><CE><F3>\r\n");break;
                                                                                        ^~~~~~~~~~~~~~~~ ~~~~ ~~~~ ~~~~~~~~~~~~~~~~
7 warnings generated.
compiling onenet.c...
compiling hmac_sha1.c...
linking...
Program Size: Code=17848 RO-data=764 RW-data=16 ZI-data=2936  
FromELF: creating hex file...
"qyxc_promax\qyxc_promax.axf" - 0 Error(s), 7 Warning(s).

<h2>Software Packages used:</h2>

Package Vendor: ARM
                http://www.keil.com/pack/ARM.CMSIS.5.9.0.pack
                ARM.CMSIS.5.9.0
                CMSIS (Common Microcontroller Software Interface Standard)
   * Component: CORE Version: 5.6.0

Package Vendor: Keil
                https://www.keil.com/pack/Keil.STM32H7xx_DFP.4.0.0.pack
                Keil.STM32H7xx_DFP.4.0.0
                STMicroelectronics STM32H7 Series Device Support

<h2>Collection of Component include folders:</h2>
  ./RTE/_qyxc_promax
  D:/Software/Work_software/Direct_coding/keil/ARM/CMSIS/5.9.0/CMSIS/Core/Include

<h2>Collection of Component Files used:</h2>

   * Component: ARM::CMSIS:CORE:5.6.0
      Include file:  CMSIS/Core/Include/tz_context.h
Build Time Elapsed:  00:00:01
</pre>
</body>
</html>
