Component: ARM Compiler 5.06 update 5 (build 528) Tool: armlink [4d35e2]

==============================================================================

Section Cross References

    startup_stm32h723xx.o(STACK) refers (Special) to heapauxi.o(.text) for __use_two_region_memory
    startup_stm32h723xx.o(HEAP) refers (Special) to heapauxi.o(.text) for __use_two_region_memory
    startup_stm32h723xx.o(RESET) refers (Special) to heapauxi.o(.text) for __use_two_region_memory
    startup_stm32h723xx.o(RESET) refers to startup_stm32h723xx.o(STACK) for __initial_sp
    startup_stm32h723xx.o(RESET) refers to startup_stm32h723xx.o(.text) for Reset_Handler
    startup_stm32h723xx.o(RESET) refers to stm32h7xx_it.o(i.NMI_Handler) for NMI_Handler
    startup_stm32h723xx.o(RESET) refers to stm32h7xx_it.o(i.HardFault_Handler) for HardFault_Handler
    startup_stm32h723xx.o(RESET) refers to stm32h7xx_it.o(i.MemManage_Handler) for MemManage_Handler
    startup_stm32h723xx.o(RESET) refers to stm32h7xx_it.o(i.BusFault_Handler) for BusFault_Handler
    startup_stm32h723xx.o(RESET) refers to stm32h7xx_it.o(i.UsageFault_Handler) for UsageFault_Handler
    startup_stm32h723xx.o(RESET) refers to stm32h7xx_it.o(i.SVC_Handler) for SVC_Handler
    startup_stm32h723xx.o(RESET) refers to stm32h7xx_it.o(i.DebugMon_Handler) for DebugMon_Handler
    startup_stm32h723xx.o(RESET) refers to stm32h7xx_it.o(i.PendSV_Handler) for PendSV_Handler
    startup_stm32h723xx.o(RESET) refers to stm32h7xx_it.o(i.SysTick_Handler) for SysTick_Handler
    startup_stm32h723xx.o(RESET) refers to stm32h7xx_it.o(i.USART3_IRQHandler) for USART3_IRQHandler
    startup_stm32h723xx.o(RESET) refers to stm32h7xx_it.o(i.UART9_IRQHandler) for UART9_IRQHandler
    startup_stm32h723xx.o(.text) refers (Special) to heapauxi.o(.text) for __use_two_region_memory
    startup_stm32h723xx.o(.text) refers to system_stm32h7xx.o(i.SystemInit) for SystemInit
    startup_stm32h723xx.o(.text) refers to __main.o(!!!main) for __main
    startup_stm32h723xx.o(.text) refers to startup_stm32h723xx.o(HEAP) for Heap_Mem
    startup_stm32h723xx.o(.text) refers to startup_stm32h723xx.o(STACK) for Stack_Mem
    main.o(i.SystemClock_Config) refers to rt_memclr_w.o(.text) for __aeabi_memclr4
    main.o(i.SystemClock_Config) refers to stm32h7xx_hal_pwr_ex.o(i.HAL_PWREx_ConfigSupply) for HAL_PWREx_ConfigSupply
    main.o(i.SystemClock_Config) refers to stm32h7xx_hal_rcc.o(i.HAL_RCC_OscConfig) for HAL_RCC_OscConfig
    main.o(i.SystemClock_Config) refers to main.o(i.Error_Handler) for Error_Handler
    main.o(i.SystemClock_Config) refers to stm32h7xx_hal_rcc.o(i.HAL_RCC_ClockConfig) for HAL_RCC_ClockConfig
    main.o(i.hardware_init) refers to stm32h7xx_hal_tim.o(i.HAL_TIM_Base_Start_IT) for HAL_TIM_Base_Start_IT
    main.o(i.hardware_init) refers to motor.o(i.motor_init) for motor_init
    main.o(i.hardware_init) refers to stm32h7xx_hal_uart.o(i.HAL_UART_Receive_IT) for HAL_UART_Receive_IT
    main.o(i.hardware_init) refers to esp8266.o(i.ESP8266_Init) for ESP8266_Init
    main.o(i.hardware_init) refers to usart.o(i.HAL_UART_Printf) for HAL_UART_Printf
    main.o(i.hardware_init) refers to stm32h7xx_hal.o(i.HAL_Delay) for HAL_Delay
    main.o(i.hardware_init) refers to onenet.o(i.OneNet_DevLink) for OneNet_DevLink
    main.o(i.hardware_init) refers to onenet.o(i.OneNET_Subscribe) for OneNET_Subscribe
    main.o(i.hardware_init) refers to tim.o(.bss) for htim5
    main.o(i.hardware_init) refers to motor.o(.data) for qyflag
    main.o(i.hardware_init) refers to esp8266.o(.data) for esp8266_data
    main.o(i.hardware_init) refers to usart.o(.bss) for huart9
    main.o(i.main) refers to stm32h7xx_hal.o(i.HAL_Init) for HAL_Init
    main.o(i.main) refers to main.o(i.SystemClock_Config) for SystemClock_Config
    main.o(i.main) refers to gpio.o(i.MX_GPIO_Init) for MX_GPIO_Init
    main.o(i.main) refers to adc.o(i.MX_ADC1_Init) for MX_ADC1_Init
    main.o(i.main) refers to tim.o(i.MX_TIM2_Init) for MX_TIM2_Init
    main.o(i.main) refers to tim.o(i.MX_TIM3_Init) for MX_TIM3_Init
    main.o(i.main) refers to tim.o(i.MX_TIM8_Init) for MX_TIM8_Init
    main.o(i.main) refers to tim.o(i.MX_TIM12_Init) for MX_TIM12_Init
    main.o(i.main) refers to usart.o(i.MX_UART9_Init) for MX_UART9_Init
    main.o(i.main) refers to usart.o(i.MX_USART3_UART_Init) for MX_USART3_UART_Init
    main.o(i.main) refers to tim.o(i.MX_TIM5_Init) for MX_TIM5_Init
    main.o(i.main) refers to tim.o(i.MX_TIM23_Init) for MX_TIM23_Init
    main.o(i.main) refers to ctrl.o(i.cot_init) for cot_init
    main.o(i.main) refers to main.o(i.hardware_init) for hardware_init
    main.o(i.main) refers to usart.o(i.HAL_UART_Printf) for HAL_UART_Printf
    main.o(i.main) refers to stm32h7xx_hal_uart.o(i.HAL_UART_Receive_IT) for HAL_UART_Receive_IT
    main.o(i.main) refers to onenet.o(i.OneNet_SendData) for OneNet_SendData
    main.o(i.main) refers to esp8266.o(i.ESP8266_Clear) for ESP8266_Clear
    main.o(i.main) refers to motor.o(i.rand1) for rand1
[...]
    I2C5_ER_IRQHandler                       0x0800043b   Thumb Code     0  startup_stm32h723xx.o(.text)
    I2C5_EV_IRQHandler                       0x0800043b   Thumb Code     0  startup_stm32h723xx.o(.text)
    LPTIM1_IRQHandler                        0x0800043b   Thumb Code     0  startup_stm32h723xx.o(.text)
    LPTIM2_IRQHandler                        0x0800043b   Thumb Code     0  startup_stm32h723xx.o(.text)
    LPTIM3_IRQHandler                        0x0800043b   Thumb Code     0  startup_stm32h723xx.o(.text)
    LPTIM4_IRQHandler                        0x0800043b   Thumb Code     0  startup_stm32h723xx.o(.text)
    LPTIM5_IRQHandler                        0x0800043b   Thumb Code     0  startup_stm32h723xx.o(.text)
    LPUART1_IRQHandler                       0x0800043b   Thumb Code     0  startup_stm32h723xx.o(.text)
    LTDC_ER_IRQHandler                       0x0800043b   Thumb Code     0  startup_stm32h723xx.o(.text)
    LTDC_IRQHandler                          0x0800043b   Thumb Code     0  startup_stm32h723xx.o(.text)
    MDIOS_IRQHandler                         0x0800043b   Thumb Code     0  startup_stm32h723xx.o(.text)
    MDIOS_WKUP_IRQHandler                    0x0800043b   Thumb Code     0  startup_stm32h723xx.o(.text)
    MDMA_IRQHandler                          0x0800043b   Thumb Code     0  startup_stm32h723xx.o(.text)
    OCTOSPI1_IRQHandler                      0x0800043b   Thumb Code     0  startup_stm32h723xx.o(.text)
    OCTOSPI2_IRQHandler                      0x0800043b   Thumb Code     0  startup_stm32h723xx.o(.text)
    OTG_HS_EP1_IN_IRQHandler                 0x0800043b   Thumb Code     0  startup_stm32h723xx.o(.text)
    OTG_HS_EP1_OUT_IRQHandler                0x0800043b   Thumb Code     0  startup_stm32h723xx.o(.text)
    OTG_HS_IRQHandler                        0x0800043b   Thumb Code     0  startup_stm32h723xx.o(.text)
    OTG_HS_WKUP_IRQHandler                   0x0800043b   Thumb Code     0  startup_stm32h723xx.o(.text)
    PVD_AVD_IRQHandler                       0x0800043b   Thumb Code     0  startup_stm32h723xx.o(.text)
    RCC_IRQHandler                           0x0800043b   Thumb Code     0  startup_stm32h723xx.o(.text)
    RNG_IRQHandler                           0x0800043b   Thumb Code     0  startup_stm32h723xx.o(.text)
    RTC_Alarm_IRQHandler                     0x0800043b   Thumb Code     0  startup_stm32h723xx.o(.text)
    RTC_WKUP_IRQHandler                      0x0800043b   Thumb Code     0  startup_stm32h723xx.o(.text)
    SAI1_IRQHandler                          0x0800043b   Thumb Code     0  startup_stm32h723xx.o(.text)
    SAI4_IRQHandler                          0x0800043b   Thumb Code     0  startup_stm32h723xx.o(.text)
    SDMMC1_IRQHandler                        0x0800043b   Thumb Code     0  startup_stm32h723xx.o(.text)
    SDMMC2_IRQHandler                        0x0800043b   Thumb Code     0  startup_stm32h723xx.o(.text)
    SPDIF_RX_IRQHandler                      0x0800043b   Thumb Code     0  startup_stm32h723xx.o(.text)
    SPI1_IRQHandler                          0x0800043b   Thumb Code     0  startup_stm32h723xx.o(.text)
    SPI2_IRQHandler                          0x0800043b   Thumb Code     0  startup_stm32h723xx.o(.text)
    SPI3_IRQHandler                          0x0800043b   Thumb Code     0  startup_stm32h723xx.o(.text)
    SPI4_IRQHandler                          0x0800043b   Thumb Code     0  startup_stm32h723xx.o(.text)
    SPI5_IRQHandler                          0x0800043b   Thumb Code     0  startup_stm32h723xx.o(.text)
    SPI6_IRQHandler                          0x0800043b   Thumb Code     0  startup_stm32h723xx.o(.text)
    SWPMI1_IRQHandler                        0x0800043b   Thumb Code     0  startup_stm32h723xx.o(.text)
    TAMP_STAMP_IRQHandler                    0x0800043b   Thumb Code     0  startup_stm32h723xx.o(.text)
    TIM15_IRQHandler                         0x0800043b   Thumb Code     0  startup_stm32h723xx.o(.text)
    TIM16_IRQHandler                         0x0800043b   Thumb Code     0  startup_stm32h723xx.o(.text)
    TIM17_IRQHandler                         0x0800043b   Thumb Code     0  startup_stm32h723xx.o(.text)
    TIM1_BRK_IRQHandler                      0x0800043b   Thumb Code     0  startup_stm32h723xx.o(.text)
    TIM1_CC_IRQHandler                       0x0800043b   Thumb Code     0  startup_stm32h723xx.o(.text)
    TIM1_TRG_COM_IRQHandler                  0x0800043b   Thumb Code     0  startup_stm32h723xx.o(.text)
    TIM1_UP_IRQHandler                       0x0800043b   Thumb Code     0  startup_stm32h723xx.o(.text)
    TIM23_IRQHandler                         0x0800043b   Thumb Code     0  startup_stm32h723xx.o(.text)
    TIM24_IRQHandler                         0x0800043b   Thumb Code     0  startup_stm32h723xx.o(.text)
    TIM2_IRQHandler                          0x0800043b   Thumb Code     0  startup_stm32h723xx.o(.text)
    TIM3_IRQHandler                          0x0800043b   Thumb Code     0  startup_stm32h723xx.o(.text)
    TIM4_IRQHandler                          0x0800043b   Thumb Code     0  startup_stm32h723xx.o(.text)
    TIM5_IRQHandler                          0x0800043b   Thumb Code     0  startup_stm32h723xx.o(.text)
    TIM6_DAC_IRQHandler                      0x0800043b   Thumb Code     0  startup_stm32h723xx.o(.text)
    TIM7_IRQHandler                          0x0800043b   Thumb Code     0  startup_stm32h723xx.o(.text)
    TIM8_BRK_TIM12_IRQHandler                0x0800043b   Thumb Code     0  startup_stm32h723xx.o(.text)
    TIM8_CC_IRQHandler                       0x0800043b   Thumb Code     0  startup_stm32h723xx.o(.text)
    TIM8_TRG_COM_TIM14_IRQHandler            0x0800043b   Thumb Code     0  startup_stm32h723xx.o(.text)
    TIM8_UP_TIM13_IRQHandler                 0x0800043b   Thumb Code     0  startup_stm32h723xx.o(.text)
    UART4_IRQHandler                         0x0800043b   Thumb Code     0  startup_stm32h723xx.o(.text)
    UART5_IRQHandler                         0x0800043b   Thumb Code     0  startup_stm32h723xx.o(.text)
    UART7_IRQHandler                         0x0800043b   Thumb Code     0  startup_stm32h723xx.o(.text)
    UART8_IRQHandler                         0x0800043b   Thumb Code     0  startup_stm32h723xx.o(.text)
    USART10_IRQHandler                       0x0800043b   Thumb Code     0  startup_stm32h723xx.o(.text)
    USART1_IRQHandler                        0x0800043b   Thumb Code     0  startup_stm32h723xx.o(.text)
    USART2_IRQHandler                        0x0800043b   Thumb Code     0  startup_stm32h723xx.o(.text)
    USART6_IRQHandler                        0x0800043b   Thumb Code     0  startup_stm32h723xx.o(.text)
    WAKEUP_PIN_IRQHandler                    0x0800043b   Thumb Code     0  startup_stm32h723xx.o(.text)
    WWDG_IRQHandler                          0x0800043b   Thumb Code     0  startup_stm32h723xx.o(.text)
    __user_initial_stackheap                 0x0800043d   Thumb Code     0  startup_stm32h723xx.o(.text)
    malloc                                   0x08000461   Thumb Code    94  h1_alloc.o(.text)
    free                                     0x080004bf   Thumb Code    78  h1_free.o(.text)
    __aeabi_uldivmod                         0x0800050d   Thumb Code     0  lludivv7m.o(.text)
    _ll_udiv                                 0x0800050d   Thumb Code   238  lludivv7m.o(.text)
    vsnprintf                                0x080005fd   Thumb Code    48  vsnprintf.o(.text)
    __2sprintf                               0x08000631   Thumb Code    38  __2sprintf.o(.text)
    __2snprintf                              0x0800065d   Thumb Code    50  __2snprintf.o(.text)
    _printf_pre_padding                      0x08000695   Thumb Code    44  _printf_pad.o(.text)
    _printf_post_padding                     0x080006c1   Thumb Code    34  _printf_pad.o(.text)
    _printf_str                              0x080006e3   Thumb Code    82  _printf_str.o(.text)
    _printf_int_dec                          0x08000735   Thumb Code   104  _printf_dec.o(.text)
    _printf_longlong_hex                     0x080007ad   Thumb Code    86  _printf_hex_int_ll_ptr.o(.text)
    _printf_int_hex                          0x08000803   Thumb Code    28  _printf_hex_int_ll_ptr.o(.text)
    _printf_ll_hex                           0x0800081f   Thumb Code    12  _printf_hex_int_ll_ptr.o(.text)
    _printf_hex_ptr                          0x0800082b   Thumb Code    18  _printf_hex_int_ll_ptr.o(.text)
    __printf                                 0x08000841   Thumb Code   388  __printf_flags_ss_wp.o(.text)
    strchr                                   0x080009c9   Thumb Code    20  strchr.o(.text)
    strncat                                  0x080009dd   Thumb Code    36  strncat.o(.text)
    strstr                                   0x08000a01   Thumb Code    36  strstr.o(.text)
    strcpy                                   0x08000a25   Thumb Code    72  strcpy.o(.text)
    strlen                                   0x08000a6d   Thumb Code    62  strlen.o(.text)
    strcat                                   0x08000aab   Thumb Code    24  strcat.o(.text)
    __aeabi_memcpy                           0x08000ac3   Thumb Code     0  rt_memcpy_v6.o(.text)
    __rt_memcpy                              0x08000ac3   Thumb Code   138  rt_memcpy_v6.o(.text)
    _memcpy_lastbytes                        0x08000b29   Thumb Code     0  rt_memcpy_v6.o(.text)
    __aeabi_memcpy4                          0x08000b4d   Thumb Code     0  rt_memcpy_w.o(.text)
    __aeabi_memcpy8                          0x08000b4d   Thumb Code     0  rt_memcpy_w.o(.text)
    __rt_memcpy_w                            0x08000b4d   Thumb Code   100  rt_memcpy_w.o(.text)
    _memcpy_lastbytes_aligned                0x08000b95   Thumb Code     0  rt_memcpy_w.o(.text)
    __aeabi_memclr                           0x08000bb1   Thumb Code     0  rt_memclr.o(.text)
    __rt_memclr                              0x08000bb1   Thumb Code    68  rt_memclr.o(.text)
    _memset                                  0x08000bb5   Thumb Code     0  rt_memclr.o(.text)
    __aeabi_memclr4                          0x08000bf5   Thumb Code     0  rt_memclr_w.o(.text)
    __aeabi_memclr8                          0x08000bf5   Thumb Code     0  rt_memclr_w.o(.text)
    __rt_memclr_w                            0x08000bf5   Thumb Code    78  rt_memclr_w.o(.text)
    _memset_w                                0x08000bf9   Thumb Code     0  rt_memclr_w.o(.text)
    __use_two_region_memory                  0x08000c43   Thumb Code     2  heapauxi.o(.text)
    __rt_heap_escrow                         0x08000c45   Thumb Code     2  heapauxi.o(.text)
    __rt_heap_expand                         0x08000c47   Thumb Code     2  heapauxi.o(.text)
    __rt_ctype_table                         0x08000c49   Thumb Code    16  rt_ctype_table.o(.text)
    __rt_heap_descriptor                     0x08000c59   Thumb Code     8  rt_heap_descriptor_intlibspace.o(.text)
    __use_no_heap                            0x08000c61   Thumb Code     2  hguard.o(.text)
    __heap$guard                             0x08000c63   Thumb Code     2  hguard.o(.text)
    _terminate_user_alloc                    0x08000c65   Thumb Code     2  init_alloc.o(.text)
    _init_user_alloc                         0x08000c67   Thumb Code     2  init_alloc.o(.text)
    __Heap_Full                              0x08000c69   Thumb Code    34  init_alloc.o(.text)
    __Heap_Broken                            0x08000c8b   Thumb Code     6  init_alloc.o(.text)
    _init_alloc                              0x08000c91   Thumb Code    94  init_alloc.o(.text)
    __Heap_Initialize                        0x08000cef   Thumb Code    10  h1_init.o(.text)
    __Heap_DescSize                          0x08000cf9   Thumb Code     4  h1_init.o(.text)
    _printf_truncate_signed                  0x08000cfd   Thumb Code    18  _printf_truncate.o(.text)
    _printf_truncate_unsigned                0x08000d0f   Thumb Code    18  _printf_truncate.o(.text)
    _printf_int_common                       0x08000d21   Thumb Code   178  _printf_intcommon.o(.text)
    _printf_charcount                        0x08000dd3   Thumb Code    40  _printf_charcount.o(.text)
    __lib_sel_fp_printf                      0x08000dfb   Thumb Code     2  _printf_fp_dec.o(.text)
    _printf_fp_dec_real                      0x08000fad   Thumb Code   620  _printf_fp_dec.o(.text)
    _printf_char_common                      0x08001223   Thumb Code    32  _printf_char_common.o(.text)
    _sputc                                   0x08001249   Thumb Code    10  _sputc.o(.text)
    _snputc                                  0x08001253   Thumb Code    16  _snputc.o(.text)
    _printf_cs_common                        0x08001263   Thumb Code    20  _printf_char.o(.text)
    _printf_char                             0x08001277   Thumb Code    16  _printf_char.o(.text)
    _printf_string                           0x08001287   Thumb Code     8  _printf_char.o(.text)
    _printf_wctomb                           0x08001291   Thumb Code   182  _printf_wctomb.o(.text)
    _printf_longlong_dec                     0x0800134d   Thumb Code   108  _printf_longlong_dec.o(.text)
    _printf_longlong_oct                     0x080013c9   Thumb Code    66  _printf_oct_int_ll.o(.text)
    _printf_int_oct                          0x0800140b   Thumb Code    24  _printf_oct_int_ll.o(.text)
    _printf_ll_oct                           0x08001423   Thumb Code    12  _printf_oct_int_ll.o(.text)
    __user_libspace                          0x08001439   Thumb Code     8  libspace.o(.text)
    __user_perproc_libspace                  0x08001439   Thumb Code     0  libspace.o(.text)
    __user_perthread_libspace                0x08001439   Thumb Code     0  libspace.o(.text)
    __rt_locale                              0x08001441   Thumb Code     8  rt_locale_intlibspace.o(.text)
    __Heap_ProvideMemory                     0x08001449   Thumb Code    52  h1_extend.o(.text)
    _ll_udiv10                               0x0800147d   Thumb Code   138  lludiv10.o(.text)
    _printf_fp_hex_real                      0x08001509   Thumb Code   756  _printf_fp_hex.o(.text)
    _printf_fp_infnan                        0x08001805   Thumb Code   112  _printf_fp_infnan.o(.text)
    _printf_lcs_common                       0x08001885   Thumb Code    20  _printf_wchar.o(.text)
    _printf_wchar                            0x08001899   Thumb Code    16  _printf_wchar.o(.text)
    _printf_wstring                          0x080018a9   Thumb Code     8  _printf_wchar.o(.text)
    _btod_etento                             0x080018b1   Thumb Code   224  bigflt0.o(.text)
    _wcrtomb                                 0x08001995   Thumb Code    64  _wcrtomb.o(.text)
    __rt_SIGRTMEM                            0x080019d5   Thumb Code    14  defsig_rtmem_outer.o(.text)
    __I$use$semihosting                      0x080019e3   Thumb Code     0  use_no_semi.o(.text)
    __use_no_semihosting_swi                 0x080019e3   Thumb Code     2  use_no_semi.o(.text)
    __semihosting_library_function           0x080019e5   Thumb Code     0  indicate_semi.o(.text)
    __user_setup_stackheap                   0x080019e5   Thumb Code    74  sys_stackheap_outer.o(.text)
    exit                                     0x08001a2f   Thumb Code    18  exit.o(.text)
    __sig_exit                               0x08001a41   Thumb Code    10  defsig_exit.o(.text)
    __rt_SIGRTMEM_inner                      0x08001a4d   Thumb Code    22  defsig_rtmem_inner.o(.text)
    strcmp                                   0x08001a9d   Thumb Code   104  strcmpv7m_pel.o(.text)
    _sys_exit                                0x08001b05   Thumb Code     8  sys_exit.o(.text)
    __default_signal_display                 0x08001b11   Thumb Code    50  defsig_general.o(.text)
    _ttywrch                                 0x08001b43   Thumb Code    14  sys_wrch.o(.text)
    _btod_d2e                                0x08001b51   Thumb Code    62  btod.o(CL$$btod_d2e)
    _d2e_denorm_low                          0x08001b8f   Thumb Code    70  btod.o(CL$$btod_d2e_denorm_low)
    _d2e_norm_op1                            0x08001bd5   Thumb Code    96  btod.o(CL$$btod_d2e_norm_op1)
    __btod_div_common                        0x08001c35   Thumb Code   696  btod.o(CL$$btod_div_common)
    _e2e                                     0x08001f6d   Thumb Code   220  btod.o(CL$$btod_e2e)
    _btod_ediv                               0x08002049   Thumb Code    42  btod.o(CL$$btod_ediv)
    _btod_emul                               0x08002073   Thumb Code    42  btod.o(CL$$btod_emul)
    __btod_mult_common                       0x0800209d   Thumb Code   580  btod.o(CL$$btod_mult_common)
    ADC_ConfigureBoostMode                   0x080022e1   Thumb Code   276  stm32h7xx_hal_adc.o(i.ADC_ConfigureBoostMode)
    ADC_Enable                               0x08002411   Thumb Code   182  stm32h7xx_hal_adc.o(i.ADC_Enable)
    ADC_Read                                 0x080024dd   Thumb Code    34  adc.o(i.ADC_Read)
    A_type                                   0x08002505   Thumb Code   146  ctrl.o(i.A_type)
    BASE64_Decode                            0x0800259d   Thumb Code   360  base64.o(i.BASE64_Decode)
    BASE64_Encode                            0x08002709   Thumb Code   320  base64.o(i.BASE64_Encode)
    B_type                                   0x0800284d   Thumb Code   172  ctrl.o(i.B_type)
    BusFault_Handler                         0x080028fd   Thumb Code     4  stm32h7xx_it.o(i.BusFault_Handler)
    C_type                                   0x08002901   Thumb Code   172  ctrl.o(i.C_type)
    DebugMon_Handler                         0x080029b1   Thumb Code     2  stm32h7xx_it.o(i.DebugMon_Handler)
    ESP8266_Clear                            0x080029b5   Thumb Code    20  esp8266.o(i.ESP8266_Clear)
    ESP8266_GetIPD                           0x080029d1   Thumb Code    68  esp8266.o(i.ESP8266_GetIPD)
    ESP8266_Init                             0x08002a21   Thumb Code   166  esp8266.o(i.ESP8266_Init)
    ESP8266_SendCmd                          0x08002ba9   Thumb Code    76  esp8266.o(i.ESP8266_SendCmd)
    ESP8266_SendData                         0x08002bfd   Thumb Code    46  esp8266.o(i.ESP8266_SendData)
    ESP8266_WaitRecive                       0x08002c45   Thumb Code    42  esp8266.o(i.ESP8266_WaitRecive)
    Error_Handler                            0x08002c79   Thumb Code     6  main.o(i.Error_Handler)
    HAL_ADCEx_MultiModeConfigChannel         0x08002c81   Thumb Code   336  stm32h7xx_hal_adc_ex.o(i.HAL_ADCEx_MultiModeConfigChannel)
    HAL_ADC_ConfigChannel                    0x08002de5   Thumb Code  1888  stm32h7xx_hal_adc.o(i.HAL_ADC_ConfigChannel)
    HAL_ADC_GetValue                         0x08003575   Thumb Code     8  stm32h7xx_hal_adc.o(i.HAL_ADC_GetValue)
    HAL_ADC_Init                             0x0800357d   Thumb Code   782  stm32h7xx_hal_adc.o(i.HAL_ADC_Init)
    HAL_ADC_MspInit                          0x080038bd   Thumb Code   166  adc.o(i.HAL_ADC_MspInit)
    HAL_ADC_PollForConversion                0x08003971   Thumb Code   338  stm32h7xx_hal_adc.o(i.HAL_ADC_PollForConversion)
    HAL_ADC_Start                            0x08003ad5   Thumb Code   292  stm32h7xx_hal_adc.o(i.HAL_ADC_Start)
    HAL_DMA_Abort                            0x08003c09   Thumb Code  1236  stm32h7xx_hal_dma.o(i.HAL_DMA_Abort)
    HAL_DMA_Abort_IT                         0x080040e5   Thumb Code   906  stm32h7xx_hal_dma.o(i.HAL_DMA_Abort_IT)
    HAL_Delay                                0x0800447d   Thumb Code    36  stm32h7xx_hal.o(i.HAL_Delay)
    HAL_GPIO_Init                            0x080044a5   Thumb Code   446  stm32h7xx_hal_gpio.o(i.HAL_GPIO_Init)
    HAL_GPIO_WritePin                        0x08004695   Thumb Code    12  stm32h7xx_hal_gpio.o(i.HAL_GPIO_WritePin)
    HAL_GetTick                              0x080046a1   Thumb Code     6  stm32h7xx_hal.o(i.HAL_GetTick)
    HAL_IncTick                              0x080046ad   Thumb Code    16  stm32h7xx_hal.o(i.HAL_IncTick)
    HAL_Init                                 0x080046c5   Thumb Code    80  stm32h7xx_hal.o(i.HAL_Init)
    HAL_InitTick                             0x08004725   Thumb Code    74  stm32h7xx_hal.o(i.HAL_InitTick)
    HAL_MspInit                              0x0800477d   Thumb Code    32  stm32h7xx_hal_msp.o(i.HAL_MspInit)
    HAL_NVIC_EnableIRQ                       0x080047a1   Thumb Code    40  stm32h7xx_hal_cortex.o(i.HAL_NVIC_EnableIRQ)
    HAL_NVIC_SetPriority                     0x080047c9   Thumb Code   122  stm32h7xx_hal_cortex.o(i.HAL_NVIC_SetPriority)
    HAL_NVIC_SetPriorityGrouping             0x08004845   Thumb Code    32  stm32h7xx_hal_cortex.o(i.HAL_NVIC_SetPriorityGrouping)
    HAL_PWREx_ConfigSupply                   0x0800486d   Thumb Code    90  stm32h7xx_hal_pwr_ex.o(i.HAL_PWREx_ConfigSupply)
    HAL_RCCEx_GetD3PCLK1Freq                 0x080048cd   Thumb Code    26  stm32h7xx_hal_rcc_ex.o(i.HAL_RCCEx_GetD3PCLK1Freq)
    HAL_RCCEx_GetPLL1ClockFreq               0x080048f1   Thumb Code   536  stm32h7xx_hal_rcc_ex.o(i.HAL_RCCEx_GetPLL1ClockFreq)
    HAL_RCCEx_GetPLL2ClockFreq               0x08004b21   Thumb Code   536  stm32h7xx_hal_rcc_ex.o(i.HAL_RCCEx_GetPLL2ClockFreq)
    HAL_RCCEx_GetPLL3ClockFreq               0x08004d51   Thumb Code   536  stm32h7xx_hal_rcc_ex.o(i.HAL_RCCEx_GetPLL3ClockFreq)
    HAL_RCCEx_GetPeriphCLKFreq               0x08004f81   Thumb Code  1942  stm32h7xx_hal_rcc_ex.o(i.HAL_RCCEx_GetPeriphCLKFreq)
    HAL_RCCEx_PeriphCLKConfig                0x0800572d   Thumb Code  3272  stm32h7xx_hal_rcc_ex.o(i.HAL_RCCEx_PeriphCLKConfig)
    HAL_RCC_ClockConfig                      0x080063f5   Thumb Code   774  stm32h7xx_hal_rcc.o(i.HAL_RCC_ClockConfig)
    HAL_RCC_GetHCLKFreq                      0x08006715   Thumb Code    60  stm32h7xx_hal_rcc.o(i.HAL_RCC_GetHCLKFreq)
    HAL_RCC_GetPCLK1Freq                     0x08006761   Thumb Code    26  stm32h7xx_hal_rcc.o(i.HAL_RCC_GetPCLK1Freq)
    HAL_RCC_GetPCLK2Freq                     0x08006785   Thumb Code    26  stm32h7xx_hal_rcc.o(i.HAL_RCC_GetPCLK2Freq)
    HAL_RCC_GetSysClockFreq                  0x080067a9   Thumb Code   524  stm32h7xx_hal_rcc.o(i.HAL_RCC_GetSysClockFreq)
    HAL_RCC_OscConfig                        0x080069d5   Thumb Code  1874  stm32h7xx_hal_rcc.o(i.HAL_RCC_OscConfig)
    HAL_SYSTICK_Config                       0x08007131   Thumb Code    52  stm32h7xx_hal_cortex.o(i.HAL_SYSTICK_Config)
    HAL_TIMEx_MasterConfigSynchronization    0x08007165   Thumb Code   190  stm32h7xx_hal_tim_ex.o(i.HAL_TIMEx_MasterConfigSynchronization)
    HAL_TIM_Base_Init                        0x08007249   Thumb Code   110  stm32h7xx_hal_tim.o(i.HAL_TIM_Base_Init)
    HAL_TIM_Base_MspInit                     0x080072b9   Thumb Code   116  tim.o(i.HAL_TIM_Base_MspInit)
    HAL_TIM_Base_Start_IT                    0x0800733d   Thumb Code   162  stm32h7xx_hal_tim.o(i.HAL_TIM_Base_Start_IT)
    HAL_TIM_ConfigClockSource                0x08007409   Thumb Code   304  stm32h7xx_hal_tim.o(i.HAL_TIM_ConfigClockSource)
    HAL_TIM_MspPostInit                      0x0800753d   Thumb Code   212  tim.o(i.HAL_TIM_MspPostInit)
    HAL_TIM_PWM_ConfigChannel                0x08007629   Thumb Code   368  stm32h7xx_hal_tim.o(i.HAL_TIM_PWM_ConfigChannel)
    HAL_TIM_PWM_Init                         0x08007799   Thumb Code   110  stm32h7xx_hal_tim.o(i.HAL_TIM_PWM_Init)
    HAL_TIM_PWM_MspInit                      0x08007809   Thumb Code   116  tim.o(i.HAL_TIM_PWM_MspInit)
    HAL_TIM_PWM_Start                        0x08007889   Thumb Code   330  stm32h7xx_hal_tim.o(i.HAL_TIM_PWM_Start)
    HAL_TIM_PWM_Stop                         0x08007a05   Thumb Code   208  stm32h7xx_hal_tim.o(i.HAL_TIM_PWM_Stop)
    HAL_UARTEx_DisableFifoMode               0x08007ae9   Thumb Code    78  stm32h7xx_hal_uart_ex.o(i.HAL_UARTEx_DisableFifoMode)
    HAL_UARTEx_RxEventCallback               0x08007b37   Thumb Code     2  stm32h7xx_hal_uart.o(i.HAL_UARTEx_RxEventCallback)
    HAL_UARTEx_RxFifoFullCallback            0x08007b39   Thumb Code     2  stm32h7xx_hal_uart_ex.o(i.HAL_UARTEx_RxFifoFullCallback)
    HAL_UARTEx_SetRxFifoThreshold            0x08007b3b   Thumb Code    94  stm32h7xx_hal_uart_ex.o(i.HAL_UARTEx_SetRxFifoThreshold)
    HAL_UARTEx_SetTxFifoThreshold            0x08007b99   Thumb Code    94  stm32h7xx_hal_uart_ex.o(i.HAL_UARTEx_SetTxFifoThreshold)
    HAL_UARTEx_TxFifoEmptyCallback           0x08007bf7   Thumb Code     2  stm32h7xx_hal_uart_ex.o(i.HAL_UARTEx_TxFifoEmptyCallback)
    HAL_UARTEx_WakeupCallback                0x08007bf9   Thumb Code     2  stm32h7xx_hal_uart_ex.o(i.HAL_UARTEx_WakeupCallback)
    HAL_UART_ErrorCallback                   0x08007bfb   Thumb Code     2  stm32h7xx_hal_uart.o(i.HAL_UART_ErrorCallback)
    HAL_UART_IRQHandler                      0x08007bfd   Thumb Code  1172  stm32h7xx_hal_uart.o(i.HAL_UART_IRQHandler)
    HAL_UART_Init                            0x08008091   Thumb Code   120  stm32h7xx_hal_uart.o(i.HAL_UART_Init)
    HAL_UART_MspInit                         0x08008109   Thumb Code   298  usart.o(i.HAL_UART_MspInit)
    HAL_UART_Printf                          0x08008249   Thumb Code    60  usart.o(i.HAL_UART_Printf)
    HAL_UART_Receive                         0x08008285   Thumb Code   274  stm32h7xx_hal_uart.o(i.HAL_UART_Receive)
    HAL_UART_Receive_IT                      0x08008399   Thumb Code    88  stm32h7xx_hal_uart.o(i.HAL_UART_Receive_IT)
    HAL_UART_RxCpltCallback                  0x080083f5   Thumb Code   204  esp8266.o(i.HAL_UART_RxCpltCallback)
    HAL_UART_Transmit                        0x080084e5   Thumb Code   194  stm32h7xx_hal_uart.o(i.HAL_UART_Transmit)
    HAL_UART_TxCpltCallback                  0x080085a7   Thumb Code     2  stm32h7xx_hal_uart.o(i.HAL_UART_TxCpltCallback)
    HardFault_Handler                        0x080085a9   Thumb Code     4  stm32h7xx_it.o(i.HardFault_Handler)
    MQTT_DeleteBuffer                        0x080086a5   Thumb Code    28  mqttkit.o(i.MQTT_DeleteBuffer)
    MQTT_DumpLength                          0x080086c1   Thumb Code    46  mqttkit.o(i.MQTT_DumpLength)
    MQTT_NewBuffer                           0x080086ef   Thumb Code    88  mqttkit.o(i.MQTT_NewBuffer)
    MQTT_PacketConnect                       0x08008749   Thumb Code   666  mqttkit.o(i.MQTT_PacketConnect)
    MQTT_PacketPublish                       0x080089e9   Thumb Code   440  mqttkit.o(i.MQTT_PacketPublish)
    MQTT_PacketSaveData                      0x08008ba1   Thumb Code    68  mqttkit.o(i.MQTT_PacketSaveData)
    MQTT_PacketSubscribe                     0x08008c05   Thumb Code   254  mqttkit.o(i.MQTT_PacketSubscribe)
    MQTT_ReadLength                          0x08008d03   Thumb Code    70  mqttkit.o(i.MQTT_ReadLength)
    MQTT_UnPacketConnectAck                  0x08008d49   Thumb Code    30  mqttkit.o(i.MQTT_UnPacketConnectAck)
    MQTT_UnPacketRecv                        0x08008d69   Thumb Code   106  mqttkit.o(i.MQTT_UnPacketRecv)
    MX_ADC1_Init                             0x08008ddd   Thumb Code   152  adc.o(i.MX_ADC1_Init)
    MX_GPIO_Init                             0x08008e81   Thumb Code   252  gpio.o(i.MX_GPIO_Init)
    MX_TIM12_Init                            0x08008f8d   Thumb Code   104  tim.o(i.MX_TIM12_Init)
    MX_TIM23_Init                            0x08008ffd   Thumb Code   116  tim.o(i.MX_TIM23_Init)
    MX_TIM2_Init                             0x08009079   Thumb Code   168  tim.o(i.MX_TIM2_Init)
    MX_TIM3_Init                             0x08009125   Thumb Code   166  tim.o(i.MX_TIM3_Init)
    MX_TIM5_Init                             0x080091d5   Thumb Code   100  tim.o(i.MX_TIM5_Init)
    MX_TIM8_Init                             0x08009241   Thumb Code   106  tim.o(i.MX_TIM8_Init)
    MX_UART9_Init                            0x080092b5   Thumb Code    98  usart.o(i.MX_UART9_Init)
    MX_USART3_UART_Init                      0x08009321   Thumb Code    98  usart.o(i.MX_USART3_UART_Init)
    MemManage_Handler                        0x0800938d   Thumb Code     4  stm32h7xx_it.o(i.MemManage_Handler)
    NMI_Handler                              0x08009391   Thumb Code     4  stm32h7xx_it.o(i.NMI_Handler)
    OneNET_Subscribe                         0x0800977d   Thumb Code    90  onenet.o(i.OneNET_Subscribe)
    OneNet_DevLink                           0x08009839   Thumb Code   260  onenet.o(i.OneNet_DevLink)
    OneNet_FillBuf                           0x08009ae5   Thumb Code   118  onenet.o(i.OneNet_FillBuf)
    OneNet_SendData                          0x08009bb1   Thumb Code   112  onenet.o(i.OneNet_SendData)
    PendSV_Handler                           0x08009c59   Thumb Code     2  stm32h7xx_it.o(i.PendSV_Handler)
    SVC_Handler                              0x08009f25   Thumb Code     2  stm32h7xx_it.o(i.SVC_Handler)
    SysTick_Handler                          0x08009f27   Thumb Code     8  stm32h7xx_it.o(i.SysTick_Handler)
    SystemClock_Config                       0x08009f31   Thumb Code   186  main.o(i.SystemClock_Config)
    SystemInit                               0x08009ff1   Thumb Code   192  system_stm32h7xx.o(i.SystemInit)
    TIM_Base_SetConfig                       0x0800a0d1   Thumb Code   198  stm32h7xx_hal_tim.o(i.TIM_Base_SetConfig)
    TIM_CCxChannelCmd                        0x0800a1c1   Thumb Code    34  stm32h7xx_hal_tim.o(i.TIM_CCxChannelCmd)
    TIM_ETR_SetConfig                        0x0800a1e3   Thumb Code    22  stm32h7xx_hal_tim.o(i.TIM_ETR_SetConfig)
    TIM_OC2_SetConfig                        0x0800a2bd   Thumb Code   156  stm32h7xx_hal_tim.o(i.TIM_OC2_SetConfig)
    UART9_IRQHandler                         0x0800a5c9   Thumb Code    10  stm32h7xx_it.o(i.UART9_IRQHandler)
    UART_AdvFeatureConfig                    0x0800a631   Thumb Code   248  stm32h7xx_hal_uart.o(i.UART_AdvFeatureConfig)
    UART_CheckIdleState                      0x0800a729   Thumb Code   234  stm32h7xx_hal_uart.o(i.UART_CheckIdleState)
    UART_SetConfig                           0x0800aec5   Thumb Code  1558  stm32h7xx_hal_uart.o(i.UART_SetConfig)
    UART_Start_Receive_IT                    0x0800b4ed   Thumb Code   332  stm32h7xx_hal_uart.o(i.UART_Start_Receive_IT)
    UART_WaitOnFlagUntilTimeout              0x0800b649   Thumb Code   172  stm32h7xx_hal_uart.o(i.UART_WaitOnFlagUntilTimeout)
    USART3_IRQHandler                        0x0800b6f5   Thumb Code    10  stm32h7xx_it.o(i.USART3_IRQHandler)
    UsageFault_Handler                       0x0800b705   Thumb Code     4  stm32h7xx_it.o(i.UsageFault_Handler)
    Usart_SendString                         0x0800b709   Thumb Code    24  usart.o(i.Usart_SendString)
    __ARM_fpclassify                         0x0800b721   Thumb Code    48  fpclassify.o(i.__ARM_fpclassify)
    _is_digit                                0x0800b789   Thumb Code    14  __printf_wp.o(i._is_digit)
    cot_init                                 0x0800b799   Thumb Code   114  ctrl.o(i.cot_init)
    ft                                       0x0800b825   Thumb Code    76  hmac_sha1.o(i.ft)
    hardware_init                            0x0800b871   Thumb Code    68  main.o(i.hardware_init)
    hmac_sha1                                0x0800b8e9   Thumb Code   286  hmac_sha1.o(i.hmac_sha1)
    k                                        0x0800ba19   Thumb Code    34  hmac_sha1.o(i.k)
    main                                     0x0800ba4d   Thumb Code   190  main.o(i.main)
    motor_init                               0x0800bb39   Thumb Code   118  motor.o(i.motor_init)
    qy_off                                   0x0800bbc5   Thumb Code    44  motor.o(i.qy_off)
    qydown                                   0x0800bbfd   Thumb Code    32  motor.o(i.qydown)
    qyfront                                  0x0800bc25   Thumb Code    14  motor.o(i.qyfront)
    qyleft                                   0x0800bc39   Thumb Code    24  motor.o(i.qyleft)
    qyright                                  0x0800bc55   Thumb Code    24  motor.o(i.qyright)
    qyup                                     0x0800bc71   Thumb Code    30  motor.o(i.qyup)
    rand1                                    0x0800bc99   Thumb Code    28  motor.o(i.rand1)
    rotl                                     0x0800bcbd   Thumb Code    46  hmac_sha1.o(i.rotl)
    sha1                                     0x0800bced   Thumb Code   632  hmac_sha1.o(i.sha1)
    speed_hight                              0x0800bf71   Thumb Code    10  motor.o(i.speed_hight)
    speed_low                                0x0800bf81   Thumb Code    10  motor.o(i.speed_low)
    speed_middle                             0x0800bf91   Thumb Code    10  motor.o(i.speed_middle)
    sportback                                0x0800bfa1   Thumb Code    94  motor.o(i.sportback)
    sportfront                               0x0800c009   Thumb Code    94  motor.o(i.sportfront)
    sportleft                                0x0800c071   Thumb Code    94  motor.o(i.sportleft)
    sportright                               0x0800c0d9   Thumb Code    94  motor.o(i.sportright)
    sportstop                                0x0800c141   Thumb Code    74  motor.o(i.sportstop)
    _get_lc_ctype                            0x0800c199   Thumb Code    44  lc_ctype_c.o(locale$$code)
    _get_lc_numeric                          0x0800c1c5   Thumb Code    44  lc_numeric_c.o(locale$$code)
    _fp_init                                 0x0800c1f1   Thumb Code    10  fpinit.o(x$fpl$fpinit)
    __fplib_config_fpu_vfp                   0x0800c1f9   Thumb Code     0  fpinit.o(x$fpl$fpinit)
    __fplib_config_pureend_doubles           0x0800c1f9   Thumb Code     0  fpinit.o(x$fpl$fpinit)
    _printf_fp_dec                           0x0800c1fb   Thumb Code     4  printf1.o(x$fpl$printf1)
    _printf_fp_hex                           0x0800c1ff   Thumb Code     4  printf2.o(x$fpl$printf2)
    UARTPrescTable                           0x0800c202   Data          24  stm32h7xx_hal_uart.o(.constdata)
    __I$use$fp                               0x0800c202   Number         0  usenofp.o(x$fpl$usenofp)
    D1CorePrescTable                         0x0800c22a   Data          16  system_stm32h7xx.o(.constdata)
    Region$$Table$$Base                      0x0800c440   Number         0  anon$$obj.o(Region$$Table)
    Region$$Table$$Limit                     0x0800c480   Number         0  anon$$obj.o(Region$$Table)
    __ctype                                  0x0800c48d   Data           0  lc_ctype_c.o(locale$$data)
    SystemCoreClock                          0x20000000   Data           4  system_stm32h7xx.o(.data)
    SystemD2Clock                            0x20000004   Data           4  system_stm32h7xx.o(.data)
    speed                                    0x20000008   Data           2  motor.o(.data)
    percent                                  0x2000000c   Data           4  motor.o(.data)
    qyflag                                   0x20000010   Data           4  motor.o(.data)
    seed                                     0x20000014   Data           4  motor.o(.data)
    led_value                                0x20000018   Data           4  onenet.o(.data)
    smog_value                               0x2000001c   Data           4  onenet.o(.data)
    speed_value                              0x20000020   Data           4  onenet.o(.data)
    position_x                               0x20000028   Data           8  onenet.o(.data)
    position_y                               0x20000030   Data           8  onenet.o(.data)
    position_z                               0x20000038   Data           8  onenet.o(.data)
    sport_value                              0x20000040   Data           4  onenet.o(.data)
    speedswitch                              0x20000044   Data           4  onenet.o(.data)
    qyvalue                                  0x24000000   Data           4  main.o(.data)
    aaa                                      0x24000004   Data           4  main.o(.data)
    detect                                   0x24000008   Data           1  main.o(.data)
    uwTick                                   0x2400000c   Data           4  stm32h7xx_hal.o(.data)
    uwTickPrio                               0x24000010   Data           4  stm32h7xx_hal.o(.data)
    uwTickFreq                               0x24000014   Data           1  stm32h7xx_hal.o(.data)
    esp8266_cnt                              0x24000018   Data           2  esp8266.o(.data)
    esp8266_cntPre                           0x2400001a   Data           2  esp8266.o(.data)
    i                                        0x2400001c   Data           4  esp8266.o(.data)
    b                                        0x24000020   Data           4  esp8266.o(.data)
    esp8266_data                             0x24000024   Data           2  esp8266.o(.data)
    A_data                                   0x24000026   Data           1  esp8266.o(.data)
    B_data                                   0x24000027   Data           1  esp8266.o(.data)
    C_data                                   0x24000028   Data           1  esp8266.o(.data)
    data                                     0x24000029   Data           2  esp8266.o(.data)
    mark                                     0x2400002b   Data           4  ctrl.o(.data)
    check                                    0x2400002f   Data           4  ctrl.o(.data)
    apmode                                   0x24000033   Data          13  ctrl.o(.data)
    hotspot                                  0x24000040   Data          33  ctrl.o(.data)
    multi_connect                            0x24000061   Data          13  ctrl.o(.data)
    tcp_set                                  0x2400006e   Data          21  ctrl.o(.data)
    respond0                                 0x24000083   Data           8  ctrl.o(.data)
    hadc1                                    0x2400008c   Data         112  adc.o(.bss)
    htim2                                    0x240000fc   Data          76  tim.o(.bss)
    htim3                                    0x24000148   Data          76  tim.o(.bss)
    htim5                                    0x24000194   Data          76  tim.o(.bss)
    htim8                                    0x240001e0   Data          76  tim.o(.bss)
    htim12                                   0x2400022c   Data          76  tim.o(.bss)
    htim23                                   0x24000278   Data          76  tim.o(.bss)
    huart9                                   0x240002c4   Data         148  usart.o(.bss)
    huart3                                   0x24000358   Data         148  usart.o(.bss)
    esp8266_buf                              0x240003ec   Data         512  esp8266.o(.bss)
    __libspace_start                         0x240005ec   Data          96  libspace.o(.bss)
    __temporary_stack_top$libspace           0x2400064c   Data           0  libspace.o(.bss)



==============================================================================

Memory Map of the image

  Image Entry point : 0x080002cd

  Load Region LR_IROM1 (Base: 0x08000000, Size: 0x0000c684, Max: 0x00100000, ABSOLUTE)

    Execution Region ER_IROM1 (Exec base: 0x08000000, Load base: 0x08000000, Size: 0x0000c5ac, Max: 0x00100000, ABSOLUTE)

    Exec Addr    Load Addr    Size         Type   Attr      Idx    E Section Name        Object

    0x08000000   0x08000000   0x000002cc   Data   RO            3    RESET               startup_stm32h723xx.o
    0x080002cc   0x080002cc   0x00000008   Code   RO         6433  * !!!main             c_w.l(__main.o)
    0x080002d4   0x080002d4   0x00000034   Code   RO         6835    !!!scatter          c_w.l(__scatter.o)
    0x08000308   0x08000308   0x0000001a   Code   RO         6837    !!handler_copy      c_w.l(__scatter_copy.o)
    0x08000322   0x08000322   0x00000002   PAD
    0x08000324   0x08000324   0x0000001c   Code   RO         6839    !!handler_zi        c_w.l(__scatter_zi.o)
    0x08000340   0x08000340   0x00000000   Code   RO         6402    .ARM.Collect$$_printf_percent$$00000000  c_w.l(_printf_percent.o)
    0x08000340   0x08000340   0x00000006   Code   RO         6521    .ARM.Collect$$_printf_percent$$00000001  c_w.l(_printf_n.o)
    0x08000346   0x08000346   0x00000006   Code   RO         6522    .ARM.Collect$$_printf_percent$$00000002  c_w.l(_printf_p.o)
    0x0800034c   0x0800034c   0x00000006   Code   RO         6400    .ARM.Collect$$_printf_percent$$00000003  c_w.l(_printf_f.o)
    0x08000352   0x08000352   0x00000006   Code   RO         6401    .ARM.Collect$$_printf_percent$$00000004  c_w.l(_printf_e.o)
    0x08000358   0x08000358   0x00000006   Code   RO         6526    .ARM.Collect$$_printf_percent$$00000005  c_w.l(_printf_g.o)
    0x0800035e   0x0800035e   0x00000006   Code   RO         6527    .ARM.Collect$$_printf_percent$$00000006  c_w.l(_printf_a.o)
    0x08000364   0x08000364   0x0000000a   Code   RO         6532    .ARM.Collect$$_printf_percent$$00000007  c_w.l(_printf_ll.o)
    0x0800036e   0x0800036e   0x00000006   Code   RO         6524    .ARM.Collect$$_printf_percent$$00000008  c_w.l(_printf_i.o)
    0x08000374   0x08000374   0x00000006   Code   RO         6399    .ARM.Collect$$_printf_percent$$00000009  c_w.l(_printf_d.o)
    0x0800037a   0x0800037a   0x00000006   Code   RO         6525    .ARM.Collect$$_printf_percent$$0000000A  c_w.l(_printf_u.o)
    0x08000380   0x08000380   0x00000006   Code   RO         6523    .ARM.Collect$$_printf_percent$$0000000B  c_w.l(_printf_o.o)
    0x08000386   0x08000386   0x00000006   Code   RO         6398    .ARM.Collect$$_printf_percent$$0000000C  c_w.l(_printf_x.o)
    0x0800038c   0x0800038c   0x00000006   Code   RO         6529    .ARM.Collect$$_printf_percent$$0000000D  c_w.l(_printf_lli.o)
    0x08000392   0x08000392   0x00000006   Code   RO         6530    .ARM.Collect$$_printf_percent$$0000000E  c_w.l(_printf_lld.o)
    0x08000398   0x08000398   0x00000006   Code   RO         6531    .ARM.Collect$$_printf_percent$$0000000F  c_w.l(_printf_llu.o)
    0x0800039e   0x0800039e   0x00000006   Code   RO         6536    .ARM.Collect$$_printf_percent$$00000010  c_w.l(_printf_llo.o)
    0x080003a4   0x080003a4   0x00000006   Code   RO         6537    .ARM.Collect$$_printf_percent$$00000011  c_w.l(_printf_llx.o)
    0x080003aa   0x080003aa   0x0000000a   Code   RO         6533    .ARM.Collect$$_printf_percent$$00000012  c_w.l(_printf_l.o)
    0x080003b4   0x080003b4   0x00000006   Code   RO         6520    .ARM.Collect$$_printf_percent$$00000013  c_w.l(_printf_c.o)
    0x080003ba   0x080003ba   0x00000006   Code   RO         6397    .ARM.Collect$$_printf_percent$$00000014  c_w.l(_printf_s.o)
    0x080003c0   0x080003c0   0x00000006   Code   RO         6534    .ARM.Collect$$_printf_percent$$00000015  c_w.l(_printf_lc.o)
    0x080003c6   0x080003c6   0x00000006   Code   RO         6535    .ARM.Collect$$_printf_percent$$00000016  c_w.l(_printf_ls.o)
    0x080003cc   0x080003cc   0x00000004   Code   RO         6528    .ARM.Collect$$_printf_percent$$00000017  c_w.l(_printf_percent_end.o)
    0x080003d0   0x080003d0   0x00000002   Code   RO         6770    .ARM.Collect$$libinit$$00000000  c_w.l(libinit.o)
    0x080003d2   0x080003d2   0x00000004   Code   RO         6546    .ARM.Collect$$libinit$$00000001  c_w.l(libinit2.o)
    0x080003d6   0x080003d6   0x00000000   Code   RO         6549    .ARM.Collect$$libinit$$00000004  c_w.l(libinit2.o)
    0x080003d6   0x080003d6   0x00000008   Code   RO         6550    .ARM.Collect$$libinit$$00000005  c_w.l(libinit2.o)
    0x080003de   0x080003de   0x00000000   Code   RO         6552    .ARM.Collect$$libinit$$0000000A  c_w.l(libinit2.o)
    0x080003de   0x080003de   0x00000000   Code   RO         6554    .ARM.Collect$$libinit$$0000000C  c_w.l(libinit2.o)
    0x080003de   0x080003de   0x00000000   Code   RO         6556    .ARM.Collect$$libinit$$0000000E  c_w.l(libinit2.o)
    0x080003de   0x080003de   0x00000006   Code   RO         6557    .ARM.Collect$$libinit$$0000000F  c_w.l(libinit2.o)
    0x080003e4   0x080003e4   0x00000000   Code   RO         6559    .ARM.Collect$$libinit$$00000011  c_w.l(libinit2.o)
    0x080003e4   0x080003e4   0x0000000c   Code   RO         6560    .ARM.Collect$$libinit$$00000012  c_w.l(libinit2.o)
    0x080003f0   0x080003f0   0x00000000   Code   RO         6561    .ARM.Collect$$libinit$$00000013  c_w.l(libinit2.o)
    0x080003f0   0x080003f0   0x00000000   Code   RO         6563    .ARM.Collect$$libinit$$00000015  c_w.l(libinit2.o)
    0x080003f0   0x080003f0   0x0000000a   Code   RO         6564    .ARM.Collect$$libinit$$00000016  c_w.l(libinit2.o)
    0x080003fa   0x080003fa   0x00000000   Code   RO         6565    .ARM.Collect$$libinit$$00000017  c_w.l(libinit2.o)
    0x080003fa   0x080003fa   0x00000000   Code   RO         6567    .ARM.Collect$$libinit$$00000019  c_w.l(libinit2.o)
    0x080003fa   0x080003fa   0x00000000   Code   RO         6569    .ARM.Collect$$libinit$$0000001B  c_w.l(libinit2.o)
    0x080003fa   0x080003fa   0x00000000   Code   RO         6571    .ARM.Collect$$libinit$$0000001D  c_w.l(libinit2.o)
    0x080003fa   0x080003fa   0x00000000   Code   RO         6573    .ARM.Collect$$libinit$$0000001F  c_w.l(libinit2.o)
    0x080003fa   0x080003fa   0x00000000   Code   RO         6575    .ARM.Collect$$libinit$$00000021  c_w.l(libinit2.o)
    0x080003fa   0x080003fa   0x00000000   Code   RO         6577    .ARM.Collect$$libinit$$00000023  c_w.l(libinit2.o)
    0x080003fa   0x080003fa   0x00000000   Code   RO         6579    .ARM.Collect$$libinit$$00000025  c_w.l(libinit2.o)
    0x080003fa   0x080003fa   0x00000000   Code   RO         6583    .ARM.Collect$$libinit$$0000002C  c_w.l(libinit2.o)
    0x080003fa   0x080003fa   0x00000000   Code   RO         6585    .ARM.Collect$$libinit$$0000002E  c_w.l(libinit2.o)
    0x080003fa   0x080003fa   0x00000000   Code   RO         6587    .ARM.Collect$$libinit$$00000030  c_w.l(libinit2.o)
    0x080003fa   0x080003fa   0x00000000   Code   RO         6589    .ARM.Collect$$libinit$$00000032  c_w.l(libinit2.o)
    0x080003fa   0x080003fa   0x00000002   Code   RO         6590    .ARM.Collect$$libinit$$00000033  c_w.l(libinit2.o)
    0x080003fc   0x080003fc   0x00000002   Code   RO         6832    .ARM.Collect$$libshutdown$$00000000  c_w.l(libshutdown.o)
    0x080003fe   0x080003fe   0x00000000   Code   RO         6788    .ARM.Collect$$libshutdown$$00000002  c_w.l(libshutdown2.o)
    0x080003fe   0x080003fe   0x00000000   Code   RO         6790    .ARM.Collect$$libshutdown$$00000004  c_w.l(libshutdown2.o)
    0x080003fe   0x080003fe   0x00000000   Code   RO         6793    .ARM.Collect$$libshutdown$$00000007  c_w.l(libshutdown2.o)
    0x080003fe   0x080003fe   0x00000000   Code   RO         6796    .ARM.Collect$$libshutdown$$0000000A  c_w.l(libshutdown2.o)
    0x080003fe   0x080003fe   0x00000000   Code   RO         6798    .ARM.Collect$$libshutdown$$0000000C  c_w.l(libshutdown2.o)
    0x080003fe   0x080003fe   0x00000000   Code   RO         6801    .ARM.Collect$$libshutdown$$0000000F  c_w.l(libshutdown2.o)
    0x080003fe   0x080003fe   0x00000002   Code   RO         6802    .ARM.Collect$$libshutdown$$00000010  c_w.l(libshutdown2.o)
    0x08000400   0x08000400   0x00000000   Code   RO         6459    .ARM.Collect$$rtentry$$00000000  c_w.l(__rtentry.o)
    0x08000400   0x08000400   0x00000000   Code   RO         6643    .ARM.Collect$$rtentry$$00000002  c_w.l(__rtentry2.o)
    0x08000400   0x08000400   0x00000006   Code   RO         6655    .ARM.Collect$$rtentry$$00000004  c_w.l(__rtentry4.o)
    0x08000406   0x08000406   0x00000000   Code   RO         6645    .ARM.Collect$$rtentry$$00000009  c_w.l(__rtentry2.o)
    0x08000406   0x08000406   0x00000004   Code   RO         6646    .ARM.Collect$$rtentry$$0000000A  c_w.l(__rtentry2.o)
    0x0800040a   0x0800040a   0x00000000   Code   RO         6648    .ARM.Collect$$rtentry$$0000000C  c_w.l(__rtentry2.o)
    0x0800040a   0x0800040a   0x00000008   Code   RO         6649    .ARM.Collect$$rtentry$$0000000D  c_w.l(__rtentry2.o)
    0x08000412   0x08000412   0x00000002   Code   RO         6775    .ARM.Collect$$rtexit$$00000000  c_w.l(rtexit.o)
    0x08000414   0x08000414   0x00000000   Code   RO         6808    .ARM.Collect$$rtexit$$00000002  c_w.l(rtexit2.o)
    0x08000414   0x08000414   0x00000004   Code   RO         6809    .ARM.Collect$$rtexit$$00000003  c_w.l(rtexit2.o)
    0x08000418   0x08000418   0x00000006   Code   RO         6810    .ARM.Collect$$rtexit$$00000004  c_w.l(rtexit2.o)
    0x0800041e   0x0800041e   0x00000002   PAD
    0x08000420   0x08000420   0x00000000   Code   RO         6671    .emb_text           c_w.l(maybetermalloc1.o)
    0x08000420   0x08000420   0x00000040   Code   RO            4    .text               startup_stm32h723xx.o
    0x08000460   0x08000460   0x0000005e   Code   RO         6276    .text               c_w.l(h1_alloc.o)
    0x080004be   0x080004be   0x0000004e   Code   RO         6278    .text               c_w.l(h1_free.o)
    0x0800050c   0x0800050c   0x000000ee   Code   RO         6334    .text               c_w.l(lludivv7m.o)
    0x080005fa   0x080005fa   0x00000002   PAD
    0x080005fc   0x080005fc   0x00000034   Code   RO         6338    .text               c_w.l(vsnprintf.o)
    0x08000630   0x08000630   0x0000002c   Code   RO         6340    .text               c_w.l(__2sprintf.o)
    0x0800065c   0x0800065c   0x00000038   Code   RO         6342    .text               c_w.l(__2snprintf.o)
    0x08000694   0x08000694   0x0000004e   Code   RO         6350    .text               c_w.l(_printf_pad.o)
    0x080006e2   0x080006e2   0x00000052   Code   RO         6352    .text               c_w.l(_printf_str.o)
    0x08000734   0x08000734   0x00000078   Code   RO         6354    .text               c_w.l(_printf_dec.o)
    0x080007ac   0x080007ac   0x00000094   Code   RO         6374    .text               c_w.l(_printf_hex_int_ll_ptr.o)
    0x08000840   0x08000840   0x00000188   Code   RO         6394    .text               c_w.l(__printf_flags_ss_wp.o)
    0x080009c8   0x080009c8   0x00000014   Code   RO         6409    .text               c_w.l(strchr.o)
    0x080009dc   0x080009dc   0x00000024   Code   RO         6411    .text               c_w.l(strncat.o)
    0x08000a00   0x08000a00   0x00000024   Code   RO         6413    .text               c_w.l(strstr.o)
    0x08000a24   0x08000a24   0x00000048   Code   RO         6415    .text               c_w.l(strcpy.o)
    0x08000a6c   0x08000a6c   0x0000003e   Code   RO         6417    .text               c_w.l(strlen.o)
    0x08000aaa   0x08000aaa   0x00000018   Code   RO         6421    .text               c_w.l(strcat.o)
    0x08000ac2   0x08000ac2   0x0000008a   Code   RO         6423    .text               c_w.l(rt_memcpy_v6.o)
    0x08000b4c   0x08000b4c   0x00000064   Code   RO         6425    .text               c_w.l(rt_memcpy_w.o)
    0x08000bb0   0x08000bb0   0x00000044   Code   RO         6427    .text               c_w.l(rt_memclr.o)
    0x08000bf4   0x08000bf4   0x0000004e   Code   RO         6429    .text               c_w.l(rt_memclr_w.o)
    0x08000c42   0x08000c42   0x00000006   Code   RO         6431    .text               c_w.l(heapauxi.o)
    0x08000c48   0x08000c48   0x00000010   Code   RO         6460    .text               c_w.l(rt_ctype_table.o)
    0x08000c58   0x08000c58   0x00000008   Code   RO         6469    .text               c_w.l(rt_heap_descriptor_intlibspace.o)
    0x08000c60   0x08000c60   0x00000004   Code   RO         6471    .text               c_w.l(hguard.o)
    0x08000c64   0x08000c64   0x0000008a   Code   RO         6473    .text               c_w.l(init_alloc.o)
    0x08000cee   0x08000cee   0x0000000e   Code   RO         6477    .text               c_w.l(h1_init.o)
    0x08000cfc   0x08000cfc   0x00000024   Code   RO         6493    .text               c_w.l(_printf_truncate.o)
    0x08000d20   0x08000d20   0x000000b2   Code   RO         6495    .text               c_w.l(_printf_intcommon.o)
    0x08000dd2   0x08000dd2   0x00000028   Code   RO         6497    .text               c_w.l(_printf_charcount.o)
    0x08000dfa   0x08000dfa   0x0000041e   Code   RO         6499    .text               c_w.l(_printf_fp_dec.o)
    0x08001218   0x08001218   0x00000030   Code   RO         6501    .text               c_w.l(_printf_char_common.o)
    0x08001248   0x08001248   0x0000000a   Code   RO         6503    .text               c_w.l(_sputc.o)
    0x08001252   0x08001252   0x00000010   Code   RO         6505    .text               c_w.l(_snputc.o)
    0x08001262   0x08001262   0x0000002c   Code   RO         6507    .text               c_w.l(_printf_char.o)
    0x0800128e   0x0800128e   0x00000002   PAD
    0x08001290   0x08001290   0x000000bc   Code   RO         6509    .text               c_w.l(_printf_wctomb.o)
    0x0800134c   0x0800134c   0x0000007c   Code   RO         6512    .text               c_w.l(_printf_longlong_dec.o)
    0x080013c8   0x080013c8   0x00000070   Code   RO         6518    .text               c_w.l(_printf_oct_int_ll.o)
    0x08001438   0x08001438   0x00000008   Code   RO         6639    .text               c_w.l(libspace.o)
    0x08001440   0x08001440   0x00000008   Code   RO         6662    .text               c_w.l(rt_locale_intlibspace.o)
    0x08001448   0x08001448   0x00000034   Code   RO         6673    .text               c_w.l(h1_extend.o)
    0x0800147c   0x0800147c   0x0000008a   Code   RO         6677    .text               c_w.l(lludiv10.o)
    0x08001506   0x08001506   0x00000002   PAD
    0x08001508   0x08001508   0x000002fc   Code   RO         6681    .text               c_w.l(_printf_fp_hex.o)
    0x08001804   0x08001804   0x00000080   Code   RO         6684    .text               c_w.l(_printf_fp_infnan.o)
    0x08001884   0x08001884   0x0000002c   Code   RO         6688    .text               c_w.l(_printf_wchar.o)
    0x080018b0   0x080018b0   0x000000e4   Code   RO         6692    .text               c_w.l(bigflt0.o)
    0x08001994   0x08001994   0x00000040   Code   RO         6717    .text               c_w.l(_wcrtomb.o)
    0x080019d4   0x080019d4   0x0000000e   Code   RO         6725    .text               c_w.l(defsig_rtmem_outer.o)
    0x080019e2   0x080019e2   0x00000002   Code   RO         6740    .text               c_w.l(use_no_semi.o)
    0x080019e4   0x080019e4   0x00000000   Code   RO         6742    .text               c_w.l(indicate_semi.o)
    0x080019e4   0x080019e4   0x0000004a   Code   RO         6743    .text               c_w.l(sys_stackheap_outer.o)
    0x08001a2e   0x08001a2e   0x00000012   Code   RO         6749    .text               c_w.l(exit.o)
    0x08001a40   0x08001a40   0x0000000a   Code   RO         6751    .text               c_w.l(defsig_exit.o)
    0x08001a4a   0x08001a4a   0x00000002   PAD
    0x08001a4c   0x08001a4c   0x00000050   Code   RO         6757    .text               c_w.l(defsig_rtmem_inner.o)
    0x08001a9c   0x08001a9c   0x00000068   Code   RO         6759    .text               c_w.l(strcmpv7m_pel.o)
    0x08001b04   0x08001b04   0x0000000c   Code   RO         6773    .text               c_w.l(sys_exit.o)
    0x08001b10   0x08001b10   0x00000032   Code   RO         6783    .text               c_w.l(defsig_general.o)
    0x08001b42   0x08001b42   0x0000000e   Code   RO         6805    .text               c_w.l(sys_wrch.o)
    0x08001b50   0x08001b50   0x0000003e   Code   RO         6695    CL$$btod_d2e        c_w.l(btod.o)
    0x08001b8e   0x08001b8e   0x00000046   Code   RO         6697    CL$$btod_d2e_denorm_low  c_w.l(btod.o)
    0x08001bd4   0x08001bd4   0x00000060   Code   RO         6696    CL$$btod_d2e_norm_op1  c_w.l(btod.o)
    0x08001c34   0x08001c34   0x00000338   Code   RO         6705    CL$$btod_div_common  c_w.l(btod.o)
    0x08001f6c   0x08001f6c   0x000000dc   Code   RO         6702    CL$$btod_e2e        c_w.l(btod.o)
    0x08002048   0x08002048   0x0000002a   Code   RO         6699    CL$$btod_ediv       c_w.l(btod.o)
    0x08002072   0x08002072   0x0000002a   Code   RO         6698    CL$$btod_emul       c_w.l(btod.o)
    0x0800209c   0x0800209c   0x00000244   Code   RO         6704    CL$$btod_mult_common  c_w.l(btod.o)
    0x080022e0   0x080022e0   0x00000130   Code   RO          591    i.ADC_ConfigureBoostMode  stm32h7xx_hal_adc.o
    0x08002410   0x08002410   0x000000cc   Code   RO          597    i.ADC_Enable        stm32h7xx_hal_adc.o
    0x080024dc   0x080024dc   0x00000028   Code   RO          247    i.ADC_Read          adc.o
    0x08002504   0x08002504   0x00000098   Code   RO         6219    i.A_type            ctrl.o
    0x0800259c   0x0800259c   0x0000016c   Code   RO         5268    i.BASE64_Decode     base64.o
    0x08002708   0x08002708   0x00000144   Code   RO         5269    i.BASE64_Encode     base64.o
    0x0800284c   0x0800284c   0x000000b0   Code   RO         6220    i.B_type            ctrl.o
    0x080028fc   0x080028fc   0x00000004   Code   RO          479    i.BusFault_Handler  stm32h7xx_it.o
    0x08002900   0x08002900   0x000000b0   Code   RO         6221    i.C_type            ctrl.o
    0x080029b0   0x080029b0   0x00000002   Code   RO          480    i.DebugMon_Handler  stm32h7xx_it.o
    0x080029b2   0x080029b2   0x00000002   PAD
    0x080029b4   0x080029b4   0x0000001c   Code   RO         5656    i.ESP8266_Clear     esp8266.o
    0x080029d0   0x080029d0   0x00000050   Code   RO         5657    i.ESP8266_GetIPD    esp8266.o
    0x08002a20   0x08002a20   0x00000188   Code   RO         5658    i.ESP8266_Init      esp8266.o
    0x08002ba8   0x08002ba8   0x00000054   Code   RO         5659    i.ESP8266_SendCmd   esp8266.o
    0x08002bfc   0x08002bfc   0x00000048   Code   RO         5660    i.ESP8266_SendData  esp8266.o
    0x08002c44   0x08002c44   0x00000034   Code   RO         5661    i.ESP8266_WaitRecive  esp8266.o
    0x08002c78   0x08002c78   0x00000006   Code   RO           13    i.Error_Handler     main.o
    0x08002c7e   0x08002c7e   0x00000002   PAD
    0x08002c80   0x08002c80   0x00000164   Code   RO          888    i.HAL_ADCEx_MultiModeConfigChannel  stm32h7xx_hal_adc_ex.o
    0x08002de4   0x08002de4   0x00000790   Code   RO          599    i.HAL_ADC_ConfigChannel  stm32h7xx_hal_adc.o
    0x08003574   0x08003574   0x00000008   Code   RO          606    i.HAL_ADC_GetValue  stm32h7xx_hal_adc.o
    0x0800357c   0x0800357c   0x00000340   Code   RO          608    i.HAL_ADC_Init      stm32h7xx_hal_adc.o
    0x080038bc   0x080038bc   0x000000b4   Code   RO          249    i.HAL_ADC_MspInit   adc.o
    0x08003970   0x08003970   0x00000164   Code   RO          612    i.HAL_ADC_PollForConversion  stm32h7xx_hal_adc.o
    0x08003ad4   0x08003ad4   0x00000134   Code   RO          614    i.HAL_ADC_Start     stm32h7xx_hal_adc.o
    0x08003c08   0x08003c08   0x000004dc   Code   RO         1862    i.HAL_DMA_Abort     stm32h7xx_hal_dma.o
    0x080040e4   0x080040e4   0x00000398   Code   RO         1863    i.HAL_DMA_Abort_IT  stm32h7xx_hal_dma.o
    0x0800447c   0x0800447c   0x00000028   Code   RO         2717    i.HAL_Delay         stm32h7xx_hal.o
    0x080044a4   0x080044a4   0x000001f0   Code   RO         1710    i.HAL_GPIO_Init     stm32h7xx_hal_gpio.o
    0x08004694   0x08004694   0x0000000c   Code   RO         1714    i.HAL_GPIO_WritePin  stm32h7xx_hal_gpio.o
    0x080046a0   0x080046a0   0x0000000c   Code   RO         2733    i.HAL_GetTick       stm32h7xx_hal.o
    0x080046ac   0x080046ac   0x00000018   Code   RO         2739    i.HAL_IncTick       stm32h7xx_hal.o
    0x080046c4   0x080046c4   0x00000060   Code   RO         2740    i.HAL_Init          stm32h7xx_hal.o
    0x08004724   0x08004724   0x00000058   Code   RO         2741    i.HAL_InitTick      stm32h7xx_hal.o
    0x0800477c   0x0800477c   0x00000024   Code   RO          567    i.HAL_MspInit       stm32h7xx_hal_msp.o
    0x080047a0   0x080047a0   0x00000028   Code   RO         2560    i.HAL_NVIC_EnableIRQ  stm32h7xx_hal_cortex.o
    0x080047c8   0x080047c8   0x0000007a   Code   RO         2566    i.HAL_NVIC_SetPriority  stm32h7xx_hal_cortex.o
    0x08004842   0x08004842   0x00000002   PAD
    0x08004844   0x08004844   0x00000028   Code   RO         2567    i.HAL_NVIC_SetPriorityGrouping  stm32h7xx_hal_cortex.o
    0x0800486c   0x0800486c   0x00000060   Code   RO         2311    i.HAL_PWREx_ConfigSupply  stm32h7xx_hal_pwr_ex.o
    0x080048cc   0x080048cc   0x00000024   Code   RO         1253    i.HAL_RCCEx_GetD3PCLK1Freq  stm32h7xx_hal_rcc_ex.o
    0x080048f0   0x080048f0   0x00000230   Code   RO         1254    i.HAL_RCCEx_GetPLL1ClockFreq  stm32h7xx_hal_rcc_ex.o
    0x08004b20   0x08004b20   0x00000230   Code   RO         1255    i.HAL_RCCEx_GetPLL2ClockFreq  stm32h7xx_hal_rcc_ex.o
    0x08004d50   0x08004d50   0x00000230   Code   RO         1256    i.HAL_RCCEx_GetPLL3ClockFreq  stm32h7xx_hal_rcc_ex.o
    0x08004f80   0x08004f80   0x000007ac   Code   RO         1258    i.HAL_RCCEx_GetPeriphCLKFreq  stm32h7xx_hal_rcc_ex.o
    0x0800572c   0x0800572c   0x00000cc8   Code   RO         1262    i.HAL_RCCEx_PeriphCLKConfig  stm32h7xx_hal_rcc_ex.o
    0x080063f4   0x080063f4   0x00000320   Code   RO         1138    i.HAL_RCC_ClockConfig  stm32h7xx_hal_rcc.o
    0x08006714   0x08006714   0x0000004c   Code   RO         1143    i.HAL_RCC_GetHCLKFreq  stm32h7xx_hal_rcc.o
    0x08006760   0x08006760   0x00000024   Code   RO         1145    i.HAL_RCC_GetPCLK1Freq  stm32h7xx_hal_rcc.o
    0x08006784   0x08006784   0x00000024   Code   RO         1146    i.HAL_RCC_GetPCLK2Freq  stm32h7xx_hal_rcc.o
    0x080067a8   0x080067a8   0x0000022c   Code   RO         1147    i.HAL_RCC_GetSysClockFreq  stm32h7xx_hal_rcc.o
    0x080069d4   0x080069d4   0x0000075c   Code   RO         1150    i.HAL_RCC_OscConfig  stm32h7xx_hal_rcc.o
    0x08007130   0x08007130   0x00000034   Code   RO         2571    i.HAL_SYSTICK_Config  stm32h7xx_hal_cortex.o
    0x08007164   0x08007164   0x000000e4   Code   RO         4406    i.HAL_TIMEx_MasterConfigSynchronization  stm32h7xx_hal_tim_ex.o
    0x08007248   0x08007248   0x0000006e   Code   RO         3658    i.HAL_TIM_Base_Init  stm32h7xx_hal_tim.o
    0x080072b6   0x080072b6   0x00000002   PAD
    0x080072b8   0x080072b8   0x00000084   Code   RO          315    i.HAL_TIM_Base_MspInit  tim.o
    0x0800733c   0x0800733c   0x000000cc   Code   RO         3663    i.HAL_TIM_Base_Start_IT  stm32h7xx_hal_tim.o
    0x08007408   0x08007408   0x00000134   Code   RO         3667    i.HAL_TIM_ConfigClockSource  stm32h7xx_hal_tim.o
    0x0800753c   0x0800753c   0x000000ec   Code   RO          316    i.HAL_TIM_MspPostInit  tim.o
    0x08007628   0x08007628   0x00000170   Code   RO         3730    i.HAL_TIM_PWM_ConfigChannel  stm32h7xx_hal_tim.o
    0x08007798   0x08007798   0x0000006e   Code   RO         3733    i.HAL_TIM_PWM_Init  stm32h7xx_hal_tim.o
    0x08007806   0x08007806   0x00000002   PAD
    0x08007808   0x08007808   0x00000080   Code   RO          318    i.HAL_TIM_PWM_MspInit  tim.o
    0x08007888   0x08007888   0x0000017c   Code   RO         3738    i.HAL_TIM_PWM_Start  stm32h7xx_hal_tim.o
    0x08007a04   0x08007a04   0x000000e4   Code   RO         3741    i.HAL_TIM_PWM_Stop  stm32h7xx_hal_tim.o
    0x08007ae8   0x08007ae8   0x0000004e   Code   RO         5111    i.HAL_UARTEx_DisableFifoMode  stm32h7xx_hal_uart_ex.o
    0x08007b36   0x08007b36   0x00000002   Code   RO         4695    i.HAL_UARTEx_RxEventCallback  stm32h7xx_hal_uart.o
    0x08007b38   0x08007b38   0x00000002   Code   RO         5119    i.HAL_UARTEx_RxFifoFullCallback  stm32h7xx_hal_uart_ex.o
    0x08007b3a   0x08007b3a   0x0000005e   Code   RO         5120    i.HAL_UARTEx_SetRxFifoThreshold  stm32h7xx_hal_uart_ex.o
    0x08007b98   0x08007b98   0x0000005e   Code   RO         5121    i.HAL_UARTEx_SetTxFifoThreshold  stm32h7xx_hal_uart_ex.o
    0x08007bf6   0x08007bf6   0x00000002   Code   RO         5123    i.HAL_UARTEx_TxFifoEmptyCallback  stm32h7xx_hal_uart_ex.o
    0x08007bf8   0x08007bf8   0x00000002   Code   RO         5124    i.HAL_UARTEx_WakeupCallback  stm32h7xx_hal_uart_ex.o
    0x08007bfa   0x08007bfa   0x00000002   Code   RO         4711    i.HAL_UART_ErrorCallback  stm32h7xx_hal_uart.o
    0x08007bfc   0x08007bfc   0x00000494   Code   RO         4714    i.HAL_UART_IRQHandler  stm32h7xx_hal_uart.o
    0x08008090   0x08008090   0x00000078   Code   RO         4715    i.HAL_UART_Init     stm32h7xx_hal_uart.o
    0x08008108   0x08008108   0x00000140   Code   RO          410    i.HAL_UART_MspInit  usart.o
    0x08008248   0x08008248   0x0000003c   Code   RO          411    i.HAL_UART_Printf   usart.o
    0x08008284   0x08008284   0x00000112   Code   RO         4718    i.HAL_UART_Receive  stm32h7xx_hal_uart.o
    0x08008396   0x08008396   0x00000002   PAD
    0x08008398   0x08008398   0x0000005c   Code   RO         4720    i.HAL_UART_Receive_IT  stm32h7xx_hal_uart.o
    0x080083f4   0x080083f4   0x000000f0   Code   RO         5662    i.HAL_UART_RxCpltCallback  esp8266.o
    0x080084e4   0x080084e4   0x000000c2   Code   RO         4724    i.HAL_UART_Transmit  stm32h7xx_hal_uart.o
    0x080085a6   0x080085a6   0x00000002   Code   RO         4727    i.HAL_UART_TxCpltCallback  stm32h7xx_hal_uart.o
    0x080085a8   0x080085a8   0x00000004   Code   RO          481    i.HardFault_Handler  stm32h7xx_it.o
    0x080085ac   0x080085ac   0x00000010   Code   RO          621    i.LL_ADC_Enable     stm32h7xx_hal_adc.o
    0x080085bc   0x080085bc   0x0000000a   Code   RO          622    i.LL_ADC_GetMultiDMATransfer  stm32h7xx_hal_adc.o
    0x080085c6   0x080085c6   0x0000000a   Code   RO          623    i.LL_ADC_GetMultimode  stm32h7xx_hal_adc.o
    0x080085d0   0x080085d0   0x00000012   Code   RO          624    i.LL_ADC_GetOffsetChannel  stm32h7xx_hal_adc.o
    0x080085e2   0x080085e2   0x0000000a   Code   RO          625    i.LL_ADC_INJ_IsConversionOngoing  stm32h7xx_hal_adc.o
    0x080085ec   0x080085ec   0x0000000a   Code   RO          627    i.LL_ADC_IsEnabled  stm32h7xx_hal_adc.o
    0x080085f6   0x080085f6   0x0000000a   Code   RO          901    i.LL_ADC_IsEnabled  stm32h7xx_hal_adc_ex.o
    0x08008600   0x08008600   0x0000000a   Code   RO          628    i.LL_ADC_IsInternalRegulatorEnabled  stm32h7xx_hal_adc.o
    0x0800860a   0x0800860a   0x0000000a   Code   RO          629    i.LL_ADC_REG_IsConversionOngoing  stm32h7xx_hal_adc.o
    0x08008614   0x08008614   0x0000000a   Code   RO          902    i.LL_ADC_REG_IsConversionOngoing  stm32h7xx_hal_adc_ex.o
    0x0800861e   0x0800861e   0x00000012   Code   RO          630    i.LL_ADC_REG_IsTriggerSourceSWStart  stm32h7xx_hal_adc.o
    0x08008630   0x08008630   0x00000010   Code   RO          631    i.LL_ADC_REG_StartConversion  stm32h7xx_hal_adc.o
    0x08008640   0x08008640   0x00000028   Code   RO          633    i.LL_ADC_SetChannelSamplingTime  stm32h7xx_hal_adc.o
    0x08008668   0x08008668   0x0000000c   Code   RO          634    i.LL_ADC_SetCommonPathInternalCh  stm32h7xx_hal_adc.o
    0x08008674   0x08008674   0x00000030   Code   RO          635    i.LL_ADC_SetOffsetState  stm32h7xx_hal_adc.o
    0x080086a4   0x080086a4   0x0000001c   Code   RO         5934    i.MQTT_DeleteBuffer  mqttkit.o
    0x080086c0   0x080086c0   0x0000002e   Code   RO         5935    i.MQTT_DumpLength   mqttkit.o
    0x080086ee   0x080086ee   0x00000058   Code   RO         5936    i.MQTT_NewBuffer    mqttkit.o
    0x08008746   0x08008746   0x00000002   PAD
    0x08008748   0x08008748   0x000002a0   Code   RO         5938    i.MQTT_PacketConnect  mqttkit.o
    0x080089e8   0x080089e8   0x000001b8   Code   RO         5941    i.MQTT_PacketPublish  mqttkit.o
    0x08008ba0   0x08008ba0   0x00000064   Code   RO         5947    i.MQTT_PacketSaveData  mqttkit.o
    0x08008c04   0x08008c04   0x000000fe   Code   RO         5948    i.MQTT_PacketSubscribe  mqttkit.o
    0x08008d02   0x08008d02   0x00000046   Code   RO         5950    i.MQTT_ReadLength   mqttkit.o
    0x08008d48   0x08008d48   0x0000001e   Code   RO         5952    i.MQTT_UnPacketConnectAck  mqttkit.o
    0x08008d66   0x08008d66   0x00000002   PAD
    0x08008d68   0x08008d68   0x00000074   Code   RO         5958    i.MQTT_UnPacketRecv  mqttkit.o
    0x08008ddc   0x08008ddc   0x000000a4   Code   RO          250    i.MX_ADC1_Init      adc.o
    0x08008e80   0x08008e80   0x0000010c   Code   RO          219    i.MX_GPIO_Init      gpio.o
    0x08008f8c   0x08008f8c   0x00000070   Code   RO          319    i.MX_TIM12_Init     tim.o
    0x08008ffc   0x08008ffc   0x0000007c   Code   RO          320    i.MX_TIM23_Init     tim.o
    0x08009078   0x08009078   0x000000ac   Code   RO          321    i.MX_TIM2_Init      tim.o
    0x08009124   0x08009124   0x000000b0   Code   RO          322    i.MX_TIM3_Init      tim.o
    0x080091d4   0x080091d4   0x0000006c   Code   RO          323    i.MX_TIM5_Init      tim.o
    0x08009240   0x08009240   0x00000074   Code   RO          324    i.MX_TIM8_Init      tim.o
    0x080092b4   0x080092b4   0x0000006c   Code   RO          412    i.MX_UART9_Init     usart.o
    0x08009320   0x08009320   0x0000006c   Code   RO          413    i.MX_USART3_UART_Init  usart.o
    0x0800938c   0x0800938c   0x00000004   Code   RO          482    i.MemManage_Handler  stm32h7xx_it.o
    0x08009390   0x08009390   0x00000004   Code   RO          483    i.NMI_Handler       stm32h7xx_it.o
    0x08009394   0x08009394   0x00000118   Code   RO         6121    i.OTA_UrlEncode     onenet.o
    0x080094ac   0x080094ac   0x000002d0   Code   RO         6122    i.OneNET_Authorization  onenet.o
    0x0800977c   0x0800977c   0x000000bc   Code   RO         6125    i.OneNET_Subscribe  onenet.o
    0x08009838   0x08009838   0x000002ac   Code   RO         6126    i.OneNet_DevLink    onenet.o
    0x08009ae4   0x08009ae4   0x000000cc   Code   RO         6127    i.OneNet_FillBuf    onenet.o
    0x08009bb0   0x08009bb0   0x000000a8   Code   RO         6129    i.OneNet_SendData   onenet.o
    0x08009c58   0x08009c58   0x00000002   Code   RO          484    i.PendSV_Handler    stm32h7xx_it.o
    0x08009c5a   0x08009c5a   0x00000002   PAD
    0x08009c5c   0x08009c5c   0x00000164   Code   RO         1265    i.RCCEx_PLL2_Config  stm32h7xx_hal_rcc_ex.o
    0x08009dc0   0x08009dc0   0x00000164   Code   RO         1266    i.RCCEx_PLL3_Config  stm32h7xx_hal_rcc_ex.o
    0x08009f24   0x08009f24   0x00000002   Code   RO          485    i.SVC_Handler       stm32h7xx_it.o
    0x08009f26   0x08009f26   0x00000008   Code   RO          486    i.SysTick_Handler   stm32h7xx_it.o
    0x08009f2e   0x08009f2e   0x00000002   PAD
    0x08009f30   0x08009f30   0x000000c0   Code   RO           14    i.SystemClock_Config  main.o
    0x08009ff0   0x08009ff0   0x000000e0   Code   RO         5235    i.SystemInit        system_stm32h7xx.o
    0x0800a0d0   0x0800a0d0   0x000000f0   Code   RO         3751    i.TIM_Base_SetConfig  stm32h7xx_hal_tim.o
    0x0800a1c0   0x0800a1c0   0x00000022   Code   RO         3752    i.TIM_CCxChannelCmd  stm32h7xx_hal_tim.o
    0x0800a1e2   0x0800a1e2   0x00000016   Code   RO         3762    i.TIM_ETR_SetConfig  stm32h7xx_hal_tim.o
    0x0800a1f8   0x0800a1f8   0x00000018   Code   RO         3763    i.TIM_ITRx_SetConfig  stm32h7xx_hal_tim.o
    0x0800a210   0x0800a210   0x000000ac   Code   RO         3764    i.TIM_OC1_SetConfig  stm32h7xx_hal_tim.o
    0x0800a2bc   0x0800a2bc   0x000000b4   Code   RO         3765    i.TIM_OC2_SetConfig  stm32h7xx_hal_tim.o
    0x0800a370   0x0800a370   0x000000b4   Code   RO         3766    i.TIM_OC3_SetConfig  stm32h7xx_hal_tim.o
    0x0800a424   0x0800a424   0x00000074   Code   RO         3767    i.TIM_OC4_SetConfig  stm32h7xx_hal_tim.o
    0x0800a498   0x0800a498   0x00000070   Code   RO         3768    i.TIM_OC5_SetConfig  stm32h7xx_hal_tim.o
    0x0800a508   0x0800a508   0x00000070   Code   RO         3769    i.TIM_OC6_SetConfig  stm32h7xx_hal_tim.o
    0x0800a578   0x0800a578   0x00000026   Code   RO         3771    i.TIM_TI1_ConfigInputStage  stm32h7xx_hal_tim.o
    0x0800a59e   0x0800a59e   0x00000028   Code   RO         3773    i.TIM_TI2_ConfigInputStage  stm32h7xx_hal_tim.o
    0x0800a5c6   0x0800a5c6   0x00000002   PAD
    0x0800a5c8   0x0800a5c8   0x00000010   Code   RO          487    i.UART9_IRQHandler  stm32h7xx_it.o
    0x0800a5d8   0x0800a5d8   0x00000058   Code   RO         5125    i.UARTEx_SetNbDataToProcess  stm32h7xx_hal_uart_ex.o
    0x0800a630   0x0800a630   0x000000f8   Code   RO         4729    i.UART_AdvFeatureConfig  stm32h7xx_hal_uart.o
    0x0800a728   0x0800a728   0x000000ea   Code   RO         4730    i.UART_CheckIdleState  stm32h7xx_hal_uart.o
    0x0800a812   0x0800a812   0x00000018   Code   RO         4731    i.UART_DMAAbortOnError  stm32h7xx_hal_uart.o
    0x0800a82a   0x0800a82a   0x00000002   PAD
    0x0800a82c   0x0800a82c   0x0000006c   Code   RO         4741    i.UART_EndRxTransfer  stm32h7xx_hal_uart.o
    0x0800a898   0x0800a898   0x00000030   Code   RO         4742    i.UART_EndTransmit_IT  stm32h7xx_hal_uart.o
    0x0800a8c8   0x0800a8c8   0x00000104   Code   RO         4744    i.UART_RxISR_16BIT  stm32h7xx_hal_uart.o
    0x0800a9cc   0x0800a9cc   0x000001fc   Code   RO         4745    i.UART_RxISR_16BIT_FIFOEN  stm32h7xx_hal_uart.o
    0x0800abc8   0x0800abc8   0x00000104   Code   RO         4746    i.UART_RxISR_8BIT   stm32h7xx_hal_uart.o
    0x0800accc   0x0800accc   0x000001f8   Code   RO         4747    i.UART_RxISR_8BIT_FIFOEN  stm32h7xx_hal_uart.o
    0x0800aec4   0x0800aec4   0x00000628   Code   RO         4748    i.UART_SetConfig    stm32h7xx_hal_uart.o
    0x0800b4ec   0x0800b4ec   0x0000015c   Code   RO         4750    i.UART_Start_Receive_IT  stm32h7xx_hal_uart.o
    0x0800b648   0x0800b648   0x000000ac   Code   RO         4755    i.UART_WaitOnFlagUntilTimeout  stm32h7xx_hal_uart.o
    0x0800b6f4   0x0800b6f4   0x00000010   Code   RO          488    i.USART3_IRQHandler  stm32h7xx_it.o
    0x0800b704   0x0800b704   0x00000004   Code   RO          489    i.UsageFault_Handler  stm32h7xx_it.o
    0x0800b708   0x0800b708   0x00000018   Code   RO          414    i.Usart_SendString  usart.o
    0x0800b720   0x0800b720   0x00000030   Code   RO         6620    i.__ARM_fpclassify  m_wv.l(fpclassify.o)
    0x0800b750   0x0800b750   0x00000010   Code   RO         2573    i.__NVIC_GetPriorityGrouping  stm32h7xx_hal_cortex.o
    0x0800b760   0x0800b760   0x00000028   Code   RO         2574    i.__NVIC_SetPriority  stm32h7xx_hal_cortex.o
    0x0800b788   0x0800b788   0x0000000e   Code   RO         6387    i._is_digit         c_w.l(__printf_wp.o)
    0x0800b796   0x0800b796   0x00000002   PAD
    0x0800b798   0x0800b798   0x0000008c   Code   RO         6222    i.cot_init          ctrl.o
    0x0800b824   0x0800b824   0x0000004c   Code   RO         5727    i.ft                hmac_sha1.o
    0x0800b870   0x0800b870   0x00000078   Code   RO           15    i.hardware_init     main.o
    0x0800b8e8   0x0800b8e8   0x00000130   Code   RO         5728    i.hmac_sha1         hmac_sha1.o
    0x0800ba18   0x0800ba18   0x00000034   Code   RO         5729    i.k                 hmac_sha1.o
    0x0800ba4c   0x0800ba4c   0x000000ec   Code   RO           16    i.main              main.o
    0x0800bb38   0x0800bb38   0x0000008c   Code   RO         5797    i.motor_init        motor.o
    0x0800bbc4   0x0800bbc4   0x00000038   Code   RO         5798    i.qy_off            motor.o
    0x0800bbfc   0x0800bbfc   0x00000028   Code   RO         5800    i.qydown            motor.o
    0x0800bc24   0x0800bc24   0x00000014   Code   RO         5801    i.qyfront           motor.o
    0x0800bc38   0x0800bc38   0x0000001c   Code   RO         5802    i.qyleft            motor.o
    0x0800bc54   0x0800bc54   0x0000001c   Code   RO         5803    i.qyright           motor.o
    0x0800bc70   0x0800bc70   0x00000028   Code   RO         5804    i.qyup              motor.o
    0x0800bc98   0x0800bc98   0x00000024   Code   RO         5805    i.rand1             motor.o
    0x0800bcbc   0x0800bcbc   0x0000002e   Code   RO         5730    i.rotl              hmac_sha1.o
    0x0800bcea   0x0800bcea   0x00000002   PAD
    0x0800bcec   0x0800bcec   0x00000284   Code   RO         5732    i.sha1              hmac_sha1.o
    0x0800bf70   0x0800bf70   0x00000010   Code   RO         5806    i.speed_hight       motor.o
    0x0800bf80   0x0800bf80   0x00000010   Code   RO         5807    i.speed_low         motor.o
    0x0800bf90   0x0800bf90   0x00000010   Code   RO         5808    i.speed_middle      motor.o
    0x0800bfa0   0x0800bfa0   0x00000068   Code   RO         5809    i.sportback         motor.o
    0x0800c008   0x0800c008   0x00000068   Code   RO         5810    i.sportfront        motor.o
    0x0800c070   0x0800c070   0x00000068   Code   RO         5811    i.sportleft         motor.o
    0x0800c0d8   0x0800c0d8   0x00000068   Code   RO         5812    i.sportright        motor.o
    0x0800c140   0x0800c140   0x00000058   Code   RO         5813    i.sportstop         motor.o
    0x0800c198   0x0800c198   0x0000002c   Code   RO         6720    locale$$code        c_w.l(lc_ctype_c.o)
    0x0800c1c4   0x0800c1c4   0x0000002c   Code   RO         6723    locale$$code        c_w.l(lc_numeric_c.o)
    0x0800c1f0   0x0800c1f0   0x0000000a   Code   RO         6736    x$fpl$fpinit        fz_wv.l(fpinit.o)
    0x0800c1fa   0x0800c1fa   0x00000004   Code   RO         6435    x$fpl$printf1       fz_wv.l(printf1.o)
    0x0800c1fe   0x0800c1fe   0x00000004   Code   RO         6591    x$fpl$printf2       fz_wv.l(printf2.o)
    0x0800c202   0x0800c202   0x00000000   Code   RO         6599    x$fpl$usenofp       fz_wv.l(usenofp.o)
    0x0800c202   0x0800c202   0x00000018   Data   RO         4756    .constdata          stm32h7xx_hal_uart.o
    0x0800c21a   0x0800c21a   0x00000010   Data   RO         5127    .constdata          stm32h7xx_hal_uart_ex.o
    0x0800c22a   0x0800c22a   0x00000010   Data   RO         5236    .constdata          system_stm32h7xx.o
    0x0800c23a   0x0800c23a   0x000000c0   Data   RO         5270    .constdata          base64.o
    0x0800c2fa   0x0800c2fa   0x00000028   Data   RO         6375    .constdata          c_w.l(_printf_hex_int_ll_ptr.o)
    0x0800c322   0x0800c322   0x00000011   Data   RO         6395    .constdata          c_w.l(__printf_flags_ss_wp.o)
    0x0800c333   0x0800c333   0x00000001   PAD
    0x0800c334   0x0800c334   0x00000008   Data   RO         6510    .constdata          c_w.l(_printf_wctomb.o)
    0x0800c33c   0x0800c33c   0x00000026   Data   RO         6682    .constdata          c_w.l(_printf_fp_hex.o)
    0x0800c362   0x0800c362   0x00000002   PAD
    0x0800c364   0x0800c364   0x00000094   Data   RO         6693    .constdata          c_w.l(bigflt0.o)
    0x0800c3f8   0x0800c3f8   0x00000047   Data   RO         6131    .conststring        onenet.o
    0x0800c43f   0x0800c43f   0x00000001   PAD
    0x0800c440   0x0800c440   0x00000040   Data   RO         6833    Region$$Table       anon$$obj.o
    0x0800c480   0x0800c480   0x00000110   Data   RO         6719    locale$$data        c_w.l(lc_ctype_c.o)
    0x0800c590   0x0800c590   0x0000001c   Data   RO         6722    locale$$data        c_w.l(lc_numeric_c.o)


    Execution Region RW_IRAM1 (Exec base: 0x20000000, Load base: 0x0800c5ac, Size: 0x00000850, Max: 0x00020000, ABSOLUTE)

    Exec Addr    Load Addr    Size         Type   Attr      Idx    E Section Name        Object

    0x20000000   0x0800c5ac   0x00000008   Data   RW         5237    .data               system_stm32h7xx.o
    0x20000008   0x0800c5b4   0x00000010   Data   RW         5815    .data               motor.o
    0x20000018   0x0800c5c4   0x00000032   Data   RW         6132    .data               onenet.o
    0x2000004a   0x0800c5f6   0x00000006   PAD
    0x20000050        -       0x00000800   Zero   RW            1    STACK               startup_stm32h723xx.o


    Execution Region RW_IRAM2 (Exec base: 0x24000000, Load base: 0x0800c5f8, Size: 0x00000850, Max: 0x00020000, ABSOLUTE)

    Exec Addr    Load Addr    Size         Type   Attr      Idx    E Section Name        Object

    0x24000000   0x0800c5f8   0x00000009   Data   RW           17    .data               main.o
    0x24000009   0x0800c601   0x00000003   PAD
    0x2400000c   0x0800c604   0x00000009   Data   RW         2764    .data               stm32h7xx_hal.o
    0x24000015   0x0800c60d   0x00000003   PAD
    0x24000018   0x0800c610   0x00000013   Data   RW         5664    .data               esp8266.o
    0x2400002b   0x0800c623   0x00000060   Data   RW         6224    .data               ctrl.o
    0x2400008b   0x0800c683   0x00000001   PAD
    0x2400008c        -       0x00000070   Zero   RW          251    .bss                adc.o
    0x240000fc        -       0x000001c8   Zero   RW          325    .bss                tim.o
    0x240002c4        -       0x00000128   Zero   RW          415    .bss                usart.o
    0x240003ec        -       0x00000200   Zero   RW         5663    .bss                esp8266.o
    0x240005ec        -       0x00000060   Zero   RW         6640    .bss                c_w.l(libspace.o)
    0x2400064c   0x0800c683   0x00000004   PAD
    0x24000650        -       0x00000200   Zero   RW            2    HEAP                startup_stm32h723xx.o


==============================================================================

Image component sizes


      Code (inc. data)   RO Data    RW Data    ZI Data      Debug   Object Name

       384         32          0          0        112       2532   adc.o
       688          8        192          0          0       3084   base64.o
       644         40          0         96          0       3825   ctrl.o
       948        326          0         19        512       5804   esp8266.o
       268         16          0          0          0       1059   gpio.o
      1122         48          0          0          0       4531   hmac_sha1.o
       554        104          0          9          0    1212409   main.o
       940        146          0         16          0       8442   motor.o
      1844         48          0          0          0      11850   mqttkit.o
      2244       1022         71         50          0      11837   onenet.o
        64         26        716          0       2560        856   startup_stm32h723xx.o
       260         48          0          9          0      23649   stm32h7xx_hal.o
      4176        228          0          0          0      82460   stm32h7xx_hal_adc.o
       376         20          0          0          0      67371   stm32h7xx_hal_adc_ex.o
       310         22          0          0          0      40159   stm32h7xx_hal_cortex.o
      2164         34          0          0          0       4339   stm32h7xx_hal_dma.o
       508         50          0          0          0       2140   stm32h7xx_hal_gpio.o
        36          4          0          0          0        842   stm32h7xx_hal_msp.o
        96          6          0          0          0        789   stm32h7xx_hal_pwr_ex.o
      3388        110          0          0          0       6904   stm32h7xx_hal_rcc.o
      7664        184          0          0          0      10675   stm32h7xx_hal_rcc_ex.o
      2978        322          0          0          0      15383   stm32h7xx_hal_tim.o
       228         38          0          0          0       1468   stm32h7xx_hal_tim_ex.o
      6148        210         24          0          0      39865   stm32h7xx_hal_uart.o
       360         10         16          0          0       5550   stm32h7xx_hal_uart_ex.o
        66         12          0          0          0       5361   stm32h7xx_it.o
       224         32         16          8          0       1330   system_stm32h7xx.o
      1304        100          0          0        456       6743   tim.o
       620         42          0          0        296       4610   usart.o

    ----------------------------------------------------------------------
     40632       3288       1100        216       3940    1585867   Object Totals
         0          0         64          0          0          0   (incl. Generated)
        26          0          1          9          4          0   (incl. Padding)

    ----------------------------------------------------------------------

      Code (inc. data)   RO Data    RW Data    ZI Data      Debug   Library Member Name

        56          6          0          0          0         88   __2snprintf.o
        44          6          0          0          0         84   __2sprintf.o
         8          0          0          0          0         68   __main.o
       392          4         17          0          0         92   __printf_flags_ss_wp.o
        14          0          0          0          0         68   __printf_wp.o
         0          0          0          0          0          0   __rtentry.o
        12          0          0          0          0          0   __rtentry2.o
         6          0          0          0          0          0   __rtentry4.o
        52          8          0          0          0          0   __scatter.o
        26          0          0          0          0          0   __scatter_copy.o
        28          0          0          0          0          0   __scatter_zi.o
         6          0          0          0          0          0   _printf_a.o
         6          0          0          0          0          0   _printf_c.o
        44          0          0          0          0        108   _printf_char.o
        48          6          0          0          0         96   _printf_char_common.o
        40          0          0          0          0         68   _printf_charcount.o
         6          0          0          0          0          0   _printf_d.o
       120         16          0          0          0         92   _printf_dec.o
         6          0          0          0          0          0   _printf_e.o
         6          0          0          0          0          0   _printf_f.o
      1054          0          0          0          0        216   _printf_fp_dec.o
       764          8         38          0          0        100   _printf_fp_hex.o
       128         16          0          0          0         84   _printf_fp_infnan.o
         6          0          0          0          0          0   _printf_g.o
       148          4         40          0          0        160   _printf_hex_int_ll_ptr.o
         6          0          0          0          0          0   _printf_i.o
       178          0          0          0          0         88   _printf_intcommon.o
        10          0          0          0          0          0   _printf_l.o
         6          0          0          0          0          0   _printf_lc.o
        10          0          0          0          0          0   _printf_ll.o
         6          0          0          0          0          0   _printf_lld.o
         6          0          0          0          0          0   _printf_lli.o
         6          0          0          0          0          0   _printf_llo.o
         6          0          0          0          0          0   _printf_llu.o
         6          0          0          0          0          0   _printf_llx.o
       124         16          0          0          0         92   _printf_longlong_dec.o
         6          0          0          0          0          0   _printf_ls.o
         6          0          0          0          0          0   _printf_n.o
         6          0          0          0          0          0   _printf_o.o
       112         10          0          0          0        124   _printf_oct_int_ll.o
         6          0          0          0          0          0   _printf_p.o
        78          0          0          0          0        108   _printf_pad.o
         0          0          0          0          0          0   _printf_percent.o
         4          0          0          0          0          0   _printf_percent_end.o
         6          0          0          0          0          0   _printf_s.o
        82          0          0          0          0         80   _printf_str.o
        36          0          0          0          0         84   _printf_truncate.o
         6          0          0          0          0          0   _printf_u.o
        44          0          0          0          0        108   _printf_wchar.o
       188          6          8          0          0         92   _printf_wctomb.o
         6          0          0          0          0          0   _printf_x.o
        16          0          0          0          0         68   _snputc.o
        10          0          0          0          0         68   _sputc.o
        64          0          0          0          0         92   _wcrtomb.o
       228          4        148          0          0         96   bigflt0.o
      1936        128          0          0          0        672   btod.o
        10          0          0          0          0         68   defsig_exit.o
        50          0          0          0          0         88   defsig_general.o
        80         58          0          0          0         76   defsig_rtmem_inner.o
        14          0          0          0          0         80   defsig_rtmem_outer.o
        18          0          0          0          0         80   exit.o
        94          0          0          0          0         80   h1_alloc.o
        52          0          0          0          0         68   h1_extend.o
        78          0          0          0          0         80   h1_free.o
        14          0          0          0          0         84   h1_init.o
         6          0          0          0          0        152   heapauxi.o
         4          0          0          0          0        136   hguard.o
         0          0          0          0          0          0   indicate_semi.o
       138          0          0          0          0        168   init_alloc.o
        44         10        272          0          0         76   lc_ctype_c.o
        44         10         28          0          0         76   lc_numeric_c.o
         2          0          0          0          0          0   libinit.o
        42          0          0          0          0          0   libinit2.o
         2          0          0          0          0          0   libshutdown.o
         2          0          0          0          0          0   libshutdown2.o
         8          4          0          0         96         68   libspace.o
       138          0          0          0          0         80   lludiv10.o
       238          0          0          0          0        100   lludivv7m.o
         0          0          0          0          0          0   maybetermalloc1.o
        16          4          0          0          0         76   rt_ctype_table.o
         8          4          0          0          0         68   rt_heap_descriptor_intlibspace.o
         8          4          0          0          0         68   rt_locale_intlibspace.o
        68          0          0          0          0         68   rt_memclr.o
        78          0          0          0          0         80   rt_memclr_w.o
       138          0          0          0          0         68   rt_memcpy_v6.o
       100          0          0          0          0         80   rt_memcpy_w.o
         2          0          0          0          0          0   rtexit.o
        10          0          0          0          0          0   rtexit2.o
        24          0          0          0          0         68   strcat.o
        20          0          0          0          0         68   strchr.o
       104          0          0          0          0         68   strcmpv7m_pel.o
        72          0          0          0          0         80   strcpy.o
        62          0          0          0          0         76   strlen.o
        36          0          0          0          0         76   strncat.o
        36          0          0          0          0         80   strstr.o
        12          4          0          0          0         68   sys_exit.o
        74          0          0          0          0         80   sys_stackheap_outer.o
        14          0          0          0          0         76   sys_wrch.o
         2          0          0          0          0         68   use_no_semi.o
        52          4          0          0          0         80   vsnprintf.o
        10          0          0          0          0        116   fpinit.o
         4          0          0          0          0        116   printf1.o
         4          0          0          0          0        116   printf2.o
         0          0          0          0          0          0   usenofp.o
        48          0          0          0          0        124   fpclassify.o

    ----------------------------------------------------------------------
      8318        340        554          0        100       6524   Library Totals
        14          0          3          0          4          0   (incl. Padding)

    ----------------------------------------------------------------------

      Code (inc. data)   RO Data    RW Data    ZI Data      Debug   Library Name

      8238        340        551          0         96       6052   c_w.l
        18          0          0          0          0        348   fz_wv.l
        48          0          0          0          0        124   m_wv.l

    ----------------------------------------------------------------------
      8318        340        554          0        100       6524   Library Totals

    ----------------------------------------------------------------------

==============================================================================


      Code (inc. data)   RO Data    RW Data    ZI Data      Debug   

     48950       3628       1654        216       4040    1570807   Grand Totals
     48950       3628       1654        216       4040    1570807   ELF Image Totals
     48950       3628       1654        216          0          0   ROM Totals

==============================================================================

    Total RO  Size (Code + RO Data)                50604 (  49.42kB)
    Total RW  Size (RW Data + ZI Data)              4256 (   4.16kB)
    Total ROM Size (Code + RO Data + RW Data)      50820 (  49.63kB)

==============================================================================

