Component: ARM Compiler 5.06 update 5 (build 528) Tool: armlink [4d35e2]

==============================================================================

Section Cross References

    stm32f10x_it.o(.text) refers to usart.o(.text) for UsartPrintf
    system_stm32f10x.o(.text) refers to system_stm32f10x.o(.data) for SystemCoreClock
    startup_stm32f10x_md.o(STACK) refers (Special) to heapauxi.o(.text) for __use_two_region_memory
    startup_stm32f10x_md.o(HEAP) refers (Special) to heapauxi.o(.text) for __use_two_region_memory
    startup_stm32f10x_md.o(RESET) refers (Special) to heapauxi.o(.text) for __use_two_region_memory
    startup_stm32f10x_md.o(RESET) refers to startup_stm32f10x_md.o(STACK) for __initial_sp
    startup_stm32f10x_md.o(RESET) refers to startup_stm32f10x_md.o(.text) for Reset_Handler
    startup_stm32f10x_md.o(RESET) refers to stm32f10x_it.o(.text) for NMI_Handler
    startup_stm32f10x_md.o(RESET) refers to key.o(.text) for EXTI3_IRQHandler
    startup_stm32f10x_md.o(RESET) refers to timforsend.o(.text) for TIM2_IRQHandler
    startup_stm32f10x_md.o(RESET) refers to hcsr04.o(.text) for TIM3_IRQHandler
    startup_stm32f10x_md.o(RESET) refers to mytimer.o(.text) for TIM4_IRQHandler
    startup_stm32f10x_md.o(RESET) refers to usart.o(.text) for USART1_IRQHandler
    startup_stm32f10x_md.o(RESET) refers to esp8266.o(.text) for USART2_IRQHandler
    startup_stm32f10x_md.o(.text) refers (Special) to heapauxi.o(.text) for __use_two_region_memory
    startup_stm32f10x_md.o(.text) refers to system_stm32f10x.o(.text) for SystemInit
    startup_stm32f10x_md.o(.text) refers to __main.o(!!!main) for __main
    startup_stm32f10x_md.o(.text) refers to startup_stm32f10x_md.o(HEAP) for Heap_Mem
    startup_stm32f10x_md.o(.text) refers to startup_stm32f10x_md.o(STACK) for Stack_Mem
    stm32f10x_gpio.o(.text) refers to stm32f10x_rcc.o(.text) for RCC_APB2PeriphResetCmd
    delay.o(.text) refers to delay.o(.data) for UsCount
    stm32f10x_rcc.o(.text) refers to stm32f10x_rcc.o(.data) for APBAHBPrescTable
    stm32f10x_usart.o(.text) refers to stm32f10x_rcc.o(.text) for RCC_APB2PeriphResetCmd
    stm32f10x_tim.o(.text) refers to stm32f10x_rcc.o(.text) for RCC_APB2PeriphResetCmd
    stm32f10x_adc.o(.text) refers to stm32f10x_rcc.o(.text) for RCC_APB2PeriphResetCmd
    usart.o(.text) refers to stm32f10x_rcc.o(.text) for RCC_APB2PeriphClockCmd
    usart.o(.text) refers to stm32f10x_gpio.o(.text) for GPIO_Init
    usart.o(.text) refers to stm32f10x_usart.o(.text) for USART_Init
    usart.o(.text) refers to misc.o(.text) for NVIC_Init
    usart.o(.text) refers to vsnprintf.o(.text) for vsnprintf
    dht11.o(.text) refers to stm32f10x_gpio.o(.text) for GPIO_WriteBit
    dht11.o(.text) refers to delay.o(.text) for DelayXms
    dht11.o(.text) refers to stm32f10x_rcc.o(.text) for RCC_APB2PeriphClockCmd
    led.o(.text) refers to stm32f10x_gpio.o(.text) for GPIO_WriteBit
    led.o(.text) refers to stm32f10x_rcc.o(.text) for RCC_APB2PeriphClockCmd
    led.o(.text) refers to led.o(.data) for led_info
    oled.o(.text) refers to stm32f10x_gpio.o(.text) for GPIO_SetBits
    oled.o(.text) refers to oled.o(.constdata) for F8X16
    oled.o(.text) refers to stm32f10x_rcc.o(.text) for RCC_APB2PeriphClockCmd
    oled.o(.text) refers to delay.o(.text) for DelayMs
    oled.o(.text) refers to oled.o(.data) for Hzk
    ad.o(.text) refers to stm32f10x_rcc.o(.text) for RCC_APB2PeriphClockCmd
    ad.o(.text) refers to stm32f10x_gpio.o(.text) for GPIO_Init
    ad.o(.text) refers to stm32f10x_adc.o(.text) for ADC_RegularChannelConfig
    ad.o(.text) refers to stm32f10x_dma.o(.text) for DMA_Init
    ad.o(.text) refers to delay.o(.text) for DelayXms
    ad.o(.text) refers to ad.o(.data) for AD_Value
    ds18b20.o(.text) refers to stm32f10x_rcc.o(.text) for RCC_APB2PeriphClockCmd
    ds18b20.o(.text) refers to stm32f10x_gpio.o(.text) for GPIO_Init
    ds18b20.o(.text) refers to delay.o(.text) for DelayUs
    ds18b20.o(.text) refers to dflt_clz.o(x$fpl$dflt) for __aeabi_i2d
    ds18b20.o(.text) refers to dmul.o(x$fpl$dmul) for __aeabi_dmul
    ds18b20.o(.text) refers to d2f.o(x$fpl$d2f) for __aeabi_d2f
    hcsr04.o(.text) refers to stm32f10x_rcc.o(.text) for RCC_APB2PeriphClockCmd
    hcsr04.o(.text) refers to stm32f10x_gpio.o(.text) for GPIO_Init
    hcsr04.o(.text) refers to delay.o(.text) for DelayUs
    hcsr04.o(.text) refers to lludivv7m.o(.text) for __aeabi_uldivmod
    hcsr04.o(.text) refers to fflt_clz.o(x$fpl$ffltu) for __aeabi_ui2f
    hcsr04.o(.text) refers to stm32f10x_tim.o(.text) for TIM_GetITStatus
    hcsr04.o(.text) refers to fflt_clz.o(x$fpl$fflt) for __aeabi_i2f
    hcsr04.o(.text) refers to hcsr04.o(.data) for time
    bool.o(.text) refers to stm32f10x_gpio.o(.text) for GPIO_WriteBit
    bool.o(.text) refers to stm32f10x_rcc.o(.text) for RCC_APB2PeriphClockCmd
    bool.o(.text) refers to bool.o(.data) for pump_info
    heater.o(.text) refers to stm32f10x_gpio.o(.text) for GPIO_WriteBit
[...]
    TIM_UpdateDisableConfig                  0x080020c5   Thumb Code    24  stm32f10x_tim.o(.text)
    TIM_UpdateRequestConfig                  0x080020dd   Thumb Code    24  stm32f10x_tim.o(.text)
    TIM_SelectHallSensor                     0x080020f5   Thumb Code    24  stm32f10x_tim.o(.text)
    TIM_SelectOnePulseMode                   0x0800210d   Thumb Code    18  stm32f10x_tim.o(.text)
    TIM_SelectOutputTrigger                  0x0800211f   Thumb Code    18  stm32f10x_tim.o(.text)
    TIM_SelectSlaveMode                      0x08002131   Thumb Code    18  stm32f10x_tim.o(.text)
    TIM_SelectMasterSlaveMode                0x08002143   Thumb Code    18  stm32f10x_tim.o(.text)
    TIM_SetCounter                           0x08002155   Thumb Code     4  stm32f10x_tim.o(.text)
    TIM_SetAutoreload                        0x08002159   Thumb Code     4  stm32f10x_tim.o(.text)
    TIM_SetCompare1                          0x0800215d   Thumb Code     4  stm32f10x_tim.o(.text)
    TIM_SetCompare2                          0x08002161   Thumb Code     4  stm32f10x_tim.o(.text)
    TIM_SetCompare3                          0x08002165   Thumb Code     4  stm32f10x_tim.o(.text)
    TIM_SetCompare4                          0x08002169   Thumb Code     6  stm32f10x_tim.o(.text)
    TIM_SetClockDivision                     0x0800216f   Thumb Code    18  stm32f10x_tim.o(.text)
    TIM_GetCapture1                          0x08002181   Thumb Code     6  stm32f10x_tim.o(.text)
    TIM_GetCapture2                          0x08002187   Thumb Code     6  stm32f10x_tim.o(.text)
    TIM_GetCapture3                          0x0800218d   Thumb Code     6  stm32f10x_tim.o(.text)
    TIM_GetCapture4                          0x08002193   Thumb Code     8  stm32f10x_tim.o(.text)
    TIM_GetCounter                           0x0800219b   Thumb Code     6  stm32f10x_tim.o(.text)
    TIM_GetPrescaler                         0x080021a1   Thumb Code     6  stm32f10x_tim.o(.text)
    TIM_GetFlagStatus                        0x080021a7   Thumb Code    18  stm32f10x_tim.o(.text)
    TIM_ClearFlag                            0x080021b9   Thumb Code     6  stm32f10x_tim.o(.text)
    TIM_GetITStatus                          0x080021bf   Thumb Code    34  stm32f10x_tim.o(.text)
    TIM_ClearITPendingBit                    0x080021e1   Thumb Code     6  stm32f10x_tim.o(.text)
    ADC_DeInit                               0x080021e9   Thumb Code    78  stm32f10x_adc.o(.text)
    ADC_Init                                 0x08002237   Thumb Code    70  stm32f10x_adc.o(.text)
    ADC_StructInit                           0x0800227d   Thumb Code    18  stm32f10x_adc.o(.text)
    ADC_Cmd                                  0x0800228f   Thumb Code    22  stm32f10x_adc.o(.text)
    ADC_DMACmd                               0x080022a5   Thumb Code    22  stm32f10x_adc.o(.text)
    ADC_ITConfig                             0x080022bb   Thumb Code    24  stm32f10x_adc.o(.text)
    ADC_ResetCalibration                     0x080022d3   Thumb Code    10  stm32f10x_adc.o(.text)
    ADC_GetResetCalibrationStatus            0x080022dd   Thumb Code    20  stm32f10x_adc.o(.text)
    ADC_StartCalibration                     0x080022f1   Thumb Code    10  stm32f10x_adc.o(.text)
    ADC_GetCalibrationStatus                 0x080022fb   Thumb Code    20  stm32f10x_adc.o(.text)
    ADC_SoftwareStartConvCmd                 0x0800230f   Thumb Code    22  stm32f10x_adc.o(.text)
    ADC_GetSoftwareStartConvStatus           0x08002325   Thumb Code    20  stm32f10x_adc.o(.text)
    ADC_DiscModeChannelCountConfig           0x08002339   Thumb Code    24  stm32f10x_adc.o(.text)
    ADC_DiscModeCmd                          0x08002351   Thumb Code    22  stm32f10x_adc.o(.text)
    ADC_RegularChannelConfig                 0x08002367   Thumb Code   184  stm32f10x_adc.o(.text)
    ADC_ExternalTrigConvCmd                  0x0800241f   Thumb Code    22  stm32f10x_adc.o(.text)
    ADC_GetConversionValue                   0x08002435   Thumb Code     8  stm32f10x_adc.o(.text)
    ADC_GetDualModeConversionValue           0x0800243d   Thumb Code     8  stm32f10x_adc.o(.text)
    ADC_AutoInjectedConvCmd                  0x08002445   Thumb Code    22  stm32f10x_adc.o(.text)
    ADC_InjectedDiscModeCmd                  0x0800245b   Thumb Code    22  stm32f10x_adc.o(.text)
    ADC_ExternalTrigInjectedConvConfig       0x08002471   Thumb Code    16  stm32f10x_adc.o(.text)
    ADC_ExternalTrigInjectedConvCmd          0x08002481   Thumb Code    22  stm32f10x_adc.o(.text)
    ADC_SoftwareStartInjectedConvCmd         0x08002497   Thumb Code    22  stm32f10x_adc.o(.text)
    ADC_GetSoftwareStartInjectedConvCmdStatus 0x080024ad   Thumb Code    20  stm32f10x_adc.o(.text)
    ADC_InjectedChannelConfig                0x080024c1   Thumb Code   130  stm32f10x_adc.o(.text)
    ADC_InjectedSequencerLengthConfig        0x08002543   Thumb Code    24  stm32f10x_adc.o(.text)
    ADC_SetInjectedOffset                    0x0800255b   Thumb Code    20  stm32f10x_adc.o(.text)
    ADC_GetInjectedConversionValue           0x0800256f   Thumb Code    28  stm32f10x_adc.o(.text)
    ADC_AnalogWatchdogCmd                    0x0800258b   Thumb Code    16  stm32f10x_adc.o(.text)
    ADC_AnalogWatchdogThresholdsConfig       0x0800259b   Thumb Code     6  stm32f10x_adc.o(.text)
    ADC_AnalogWatchdogSingleChannelConfig    0x080025a1   Thumb Code    16  stm32f10x_adc.o(.text)
    ADC_TempSensorVrefintCmd                 0x080025b1   Thumb Code    64  stm32f10x_adc.o(.text)
    ADC_GetFlagStatus                        0x080025f1   Thumb Code    18  stm32f10x_adc.o(.text)
    ADC_ClearFlag                            0x08002603   Thumb Code     6  stm32f10x_adc.o(.text)
    ADC_GetITStatus                          0x08002609   Thumb Code    36  stm32f10x_adc.o(.text)
    ADC_ClearITPendingBit                    0x0800262d   Thumb Code    10  stm32f10x_adc.o(.text)
    DMA_DeInit                               0x08002639   Thumb Code   324  stm32f10x_dma.o(.text)
    DMA_Init                                 0x0800277d   Thumb Code    60  stm32f10x_dma.o(.text)
    DMA_StructInit                           0x080027b9   Thumb Code    26  stm32f10x_dma.o(.text)
    DMA_Cmd                                  0x080027d3   Thumb Code    24  stm32f10x_dma.o(.text)
    DMA_ITConfig                             0x080027eb   Thumb Code    18  stm32f10x_dma.o(.text)
    DMA_SetCurrDataCounter                   0x080027fd   Thumb Code     4  stm32f10x_dma.o(.text)
    DMA_GetCurrDataCounter                   0x08002801   Thumb Code     8  stm32f10x_dma.o(.text)
    DMA_GetFlagStatus                        0x08002809   Thumb Code    40  stm32f10x_dma.o(.text)
    DMA_ClearFlag                            0x08002831   Thumb Code    22  stm32f10x_dma.o(.text)
    DMA_GetITStatus                          0x08002847   Thumb Code    40  stm32f10x_dma.o(.text)
    DMA_ClearITPendingBit                    0x0800286f   Thumb Code    22  stm32f10x_dma.o(.text)
    Usart1_Init                              0x0800288d   Thumb Code   166  usart.o(.text)
    Usart2_Init                              0x08002933   Thumb Code   162  usart.o(.text)
    Usart_SendString                         0x080029d5   Thumb Code    50  usart.o(.text)
    UsartPrintf                              0x08002a07   Thumb Code    72  usart.o(.text)
    USART1_IRQHandler                        0x08002a4f   Thumb Code    24  usart.o(.text)
    Led_Set                                  0x08002a75   Thumb Code    24  led.o(.text)
    Led_Init                                 0x08002a8d   Thumb Code    44  led.o(.text)
    IIC_Start                                0x08002ac1   Thumb Code    36  oled.o(.text)
    IIC_Stop                                 0x08002ae5   Thumb Code    28  oled.o(.text)
    IIC_Wait_Ack                             0x08002b01   Thumb Code    20  oled.o(.text)
    Write_IIC_Byte                           0x08002b15   Thumb Code    80  oled.o(.text)
    Write_IIC_Command                        0x08002b65   Thumb Code    44  oled.o(.text)
    Write_IIC_Data                           0x08002b91   Thumb Code    44  oled.o(.text)
    OLED_WR_Byte                             0x08002bbd   Thumb Code    24  oled.o(.text)
    fill_picture                             0x08002bd5   Thumb Code    64  oled.o(.text)
    Delay_50ms                               0x08002c15   Thumb Code    22  oled.o(.text)
    Delay_1ms                                0x08002c2b   Thumb Code    26  oled.o(.text)
    OLED_Set_Pos                             0x08002c45   Thumb Code    40  oled.o(.text)
    OLED_Display_On                          0x08002c6d   Thumb Code    28  oled.o(.text)
    OLED_Display_Off                         0x08002c89   Thumb Code    28  oled.o(.text)
    OLED_Clear                               0x08002ca5   Thumb Code    62  oled.o(.text)
    OLED_On                                  0x08002ce3   Thumb Code    62  oled.o(.text)
    OLED_ShowChar                            0x08002d21   Thumb Code   154  oled.o(.text)
    oled_pow                                 0x08002dbb   Thumb Code    22  oled.o(.text)
    OLED_ShowNum                             0x08002dd1   Thumb Code   136  oled.o(.text)
    OLED_ShowString                          0x08002e59   Thumb Code    58  oled.o(.text)
    OLED_ShowCHinese                         0x08002e93   Thumb Code   112  oled.o(.text)
    OLED_DrawBMP                             0x08002f03   Thumb Code   118  oled.o(.text)
    OLED_Init                                0x08002f79   Thumb Code   270  oled.o(.text)
    AD_Init                                  0x08003091   Thumb Code   284  ad.o(.text)
    DS18B20_Read_Byte                        0x080032cd   Thumb Code    34  ds18b20.o(.text)
    DS18B20_Write_Byte                       0x080032ef   Thumb Code    88  ds18b20.o(.text)
    DS18B20_Start                            0x08003347   Thumb Code    24  ds18b20.o(.text)
    DS18B20_Init                             0x0800335f   Thumb Code    16  ds18b20.o(.text)
    DS18B20_Get_Temp                         0x0800336f   Thumb Code   128  ds18b20.o(.text)
    HC_SR04_Init                             0x080033fd   Thumb Code    74  hcsr04.o(.text)
    sonar_mm                                 0x08003447   Thumb Code   146  hcsr04.o(.text)
    sonar                                    0x080034d9   Thumb Code   164  hcsr04.o(.text)
    TIM3_IRQHandler                          0x0800357d   Thumb Code    42  hcsr04.o(.text)
    numlen                                   0x080035a7   Thumb Code    54  hcsr04.o(.text)
    HSCR_Value_Conversion                    0x080035dd   Thumb Code    22  hcsr04.o(.text)
    Pump_Set                                 0x08003605   Thumb Code    24  bool.o(.text)
    Pump_Init                                0x0800361d   Thumb Code    46  bool.o(.text)
    Led1_Set                                 0x08003655   Thumb Code    24  heater.o(.text)
    Led1_Init                                0x0800366d   Thumb Code    44  heater.o(.text)
    Led2_Set                                 0x080036a1   Thumb Code    24  oxygen.o(.text)
    Led2_Init                                0x080036b9   Thumb Code    44  oxygen.o(.text)
    Key_Init                                 0x080036ed   Thumb Code   604  key.o(.text)
    EXTI15_10_IRQHandler                     0x08003949   Thumb Code   196  key.o(.text)
    EXTI3_IRQHandler                         0x08003a0d   Thumb Code    48  key.o(.text)
    EXTI4_IRQHandler                         0x08003a3d   Thumb Code    64  key.o(.text)
    Next_page                                0x08003a7d   Thumb Code    50  key.o(.text)
    Beep_Set                                 0x08003ad1   Thumb Code    24  beep.o(.text)
    Beep_Init                                0x08003ae9   Thumb Code    44  beep.o(.text)
    Led3_Set                                 0x08003b1d   Thumb Code    22  mode.o(.text)
    Led3_Init                                0x08003b33   Thumb Code    44  mode.o(.text)
    TIM2_Configuration                       0x08003b69   Thumb Code    66  timforsend.o(.text)
    NVIC_Configuration                       0x08003bab   Thumb Code    42  timforsend.o(.text)
    TIM2_Iint                                0x08003bd5   Thumb Code    12  timforsend.o(.text)
    TIM2_IRQHandler                          0x08003be1   Thumb Code    28  timforsend.o(.text)
    flag_data                                0x08003c01   Thumb Code   196  main.o(.text)
    Auto2_data                               0x08003cc5   Thumb Code    60  main.o(.text)
    Auto1_data                               0x08003d01   Thumb Code    32  main.o(.text)
    Refresh_Data                             0x08003d21   Thumb Code   952  main.o(.text)
    limitFilterPH                            0x080040d9   Thumb Code    62  main.o(.text)
    limitFilterTDS                           0x08004117   Thumb Code    44  main.o(.text)
    Math_data                                0x08004143   Thumb Code   766  main.o(.text)
    Hardware_Init                            0x08004441   Thumb Code   248  main.o(.text)
    main                                     0x08004539   Thumb Code   412  main.o(.text)
    Timer_Init                               0x080047c5   Thumb Code   116  timer.o(.text)
    TIMER_Init                               0x08004839   Thumb Code   116  timer.o(.text)
    Timer4_Init                              0x080048b1   Thumb Code   122  mytimer.o(.text)
    TIM4_IRQHandler                          0x0800492b   Thumb Code    34  mytimer.o(.text)
    OneNET_RegisterDevice                    0x08004b67   Thumb Code   216  onenet.o(.text)
    OneNet_DevLink                           0x08004c3f   Thumb Code   242  onenet.o(.text)
    OneNet_FillBuf                           0x08004d31   Thumb Code  1280  onenet.o(.text)
    OneNet_SendData                          0x08005231   Thumb Code   158  onenet.o(.text)
    OneNET_Publish                           0x080052cf   Thumb Code    86  onenet.o(.text)
    OneNET_Subscribe                         0x08005325   Thumb Code    86  onenet.o(.text)
    OneNet_RevPro                            0x0800537b   Thumb Code  1358  onenet.o(.text)
    ft                                       0x08005945   Thumb Code    76  hmac_sha1.o(.text)
    k                                        0x08005991   Thumb Code    34  hmac_sha1.o(.text)
    rotr                                     0x080059b3   Thumb Code    40  hmac_sha1.o(.text)
    rotl                                     0x080059db   Thumb Code    46  hmac_sha1.o(.text)
    sha1                                     0x08005a09   Thumb Code   632  hmac_sha1.o(.text)
    hmac_sha1                                0x08005c81   Thumb Code   330  hmac_sha1.o(.text)
    BASE64_Encode                            0x08005dcd   Thumb Code   320  base64.o(.text)
    BASE64_Decode                            0x08005f0d   Thumb Code   360  base64.o(.text)
    MQTT_NewBuffer                           0x0800607d   Thumb Code    88  mqttkit.o(.text)
    MQTT_DeleteBuffer                        0x080060d5   Thumb Code    28  mqttkit.o(.text)
    MQTT_DumpLength                          0x080060f1   Thumb Code    46  mqttkit.o(.text)
    MQTT_ReadLength                          0x0800611f   Thumb Code    70  mqttkit.o(.text)
    MQTT_UnPacketRecv                        0x08006165   Thumb Code   106  mqttkit.o(.text)
    MQTT_PacketConnect                       0x080061cf   Thumb Code   666  mqttkit.o(.text)
    MQTT_PacketDisConnect                    0x08006469   Thumb Code    48  mqttkit.o(.text)
    MQTT_UnPacketConnectAck                  0x08006499   Thumb Code    30  mqttkit.o(.text)
    MQTT_PacketPublish                       0x080064b7   Thumb Code   452  mqttkit.o(.text)
    MQTT_PacketSaveData                      0x0800667b   Thumb Code    68  mqttkit.o(.text)
    MQTT_PacketSaveBinData                   0x080066bf   Thumb Code   192  mqttkit.o(.text)
    MQTT_UnPacketCmd                         0x0800677f   Thumb Code   140  mqttkit.o(.text)
    MQTT_PacketCmdResp                       0x0800680b   Thumb Code   132  mqttkit.o(.text)
    MQTT_PacketSubscribe                     0x0800688f   Thumb Code   254  mqttkit.o(.text)
    MQTT_UnPacketSubscribe                   0x0800698d   Thumb Code    52  mqttkit.o(.text)
    MQTT_PacketUnSubscribe                   0x080069c1   Thumb Code   300  mqttkit.o(.text)
    MQTT_UnPacketUnSubscribe                 0x08006aed   Thumb Code    18  mqttkit.o(.text)
    MQTT_UnPacketPublish                     0x08006aff   Thumb Code   440  mqttkit.o(.text)
    MQTT_PacketPublishAck                    0x08006cb7   Thumb Code    72  mqttkit.o(.text)
    MQTT_UnPacketPublishAck                  0x08006cff   Thumb Code    30  mqttkit.o(.text)
    MQTT_PacketPublishRec                    0x08006d1d   Thumb Code    72  mqttkit.o(.text)
    MQTT_UnPacketPublishRec                  0x08006d65   Thumb Code    30  mqttkit.o(.text)
    MQTT_PacketPublishRel                    0x08006d83   Thumb Code    72  mqttkit.o(.text)
    MQTT_UnPacketPublishRel                  0x08006dcb   Thumb Code    36  mqttkit.o(.text)
    MQTT_PacketPublishComp                   0x08006def   Thumb Code    72  mqttkit.o(.text)
    MQTT_UnPacketPublishComp                 0x08006e37   Thumb Code    30  mqttkit.o(.text)
    MQTT_PacketPing                          0x08006e55   Thumb Code    48  mqttkit.o(.text)
    ESP8266_Clear                            0x08006e85   Thumb Code    20  esp8266.o(.text)
    ESP8266_WaitRecive                       0x08006e99   Thumb Code    42  esp8266.o(.text)
    ESP8266_SendCmd                          0x08006ec3   Thumb Code    76  esp8266.o(.text)
    ESP8266_SendData                         0x08006f0f   Thumb Code    46  esp8266.o(.text)
    ESP8266_GetIPD                           0x08006f3d   Thumb Code    68  esp8266.o(.text)
    ESP8266_Init                             0x08006f81   Thumb Code   174  esp8266.o(.text)
    USART2_IRQHandler                        0x0800702f   Thumb Code    64  esp8266.o(.text)
    cJSON_GetErrorPtr                        0x08007139   Thumb Code     6  cjson.o(.text)
    cJSON_InitHooks                          0x080071b3   Thumb Code    48  cjson.o(.text)
    cJSON_Delete                             0x080071fd   Thumb Code    82  cjson.o(.text)
    cJSON_ParseWithOpts                      0x08007d69   Thumb Code   152  cjson.o(.text)
    cJSON_Parse                              0x08007e01   Thumb Code    16  cjson.o(.text)
    cJSON_Print                              0x08008591   Thumb Code    18  cjson.o(.text)
    cJSON_PrintUnformatted                   0x080085a3   Thumb Code    18  cjson.o(.text)
    cJSON_PrintBuffered                      0x080085b5   Thumb Code    52  cjson.o(.text)
    cJSON_GetArraySize                       0x080085e9   Thumb Code    18  cjson.o(.text)
    cJSON_GetArrayItem                       0x080085fb   Thumb Code    18  cjson.o(.text)
    cJSON_GetObjectItem                      0x0800860d   Thumb Code    30  cjson.o(.text)
    cJSON_AddItemToArray                     0x08008661   Thumb Code    42  cjson.o(.text)
    cJSON_AddItemToObject                    0x0800868b   Thumb Code    44  cjson.o(.text)
    cJSON_AddItemToObjectCS                  0x080086b7   Thumb Code    54  cjson.o(.text)
    cJSON_AddItemReferenceToArray            0x080086ed   Thumb Code    24  cjson.o(.text)
    cJSON_AddItemReferenceToObject           0x08008705   Thumb Code    32  cjson.o(.text)
    cJSON_DetachItemFromArray                0x08008725   Thumb Code    66  cjson.o(.text)
    cJSON_DeleteItemFromArray                0x08008767   Thumb Code    22  cjson.o(.text)
    cJSON_DetachItemFromObject               0x0800877d   Thumb Code    50  cjson.o(.text)
    cJSON_DeleteItemFromObject               0x080087af   Thumb Code    22  cjson.o(.text)
    cJSON_InsertItemInArray                  0x080087c5   Thumb Code    64  cjson.o(.text)
    cJSON_ReplaceItemInArray                 0x08008805   Thumb Code    76  cjson.o(.text)
    cJSON_ReplaceItemInObject                0x08008851   Thumb Code    62  cjson.o(.text)
    cJSON_CreateNull                         0x0800888f   Thumb Code    18  cjson.o(.text)
    cJSON_CreateTrue                         0x080088a1   Thumb Code    18  cjson.o(.text)
    cJSON_CreateFalse                        0x080088b3   Thumb Code    18  cjson.o(.text)
    cJSON_CreateBool                         0x080088c5   Thumb Code    26  cjson.o(.text)
    cJSON_CreateNumber                       0x080088df   Thumb Code    36  cjson.o(.text)
    cJSON_CreateString                       0x08008903   Thumb Code    28  cjson.o(.text)
    cJSON_CreateArray                        0x0800891f   Thumb Code    18  cjson.o(.text)
    cJSON_CreateObject                       0x08008931   Thumb Code    18  cjson.o(.text)
    cJSON_CreateIntArray                     0x08008943   Thumb Code    68  cjson.o(.text)
    cJSON_CreateFloatArray                   0x08008987   Thumb Code    68  cjson.o(.text)
    cJSON_CreateDoubleArray                  0x080089cb   Thumb Code    68  cjson.o(.text)
    cJSON_CreateStringArray                  0x08008a0f   Thumb Code    62  cjson.o(.text)
    cJSON_Duplicate                          0x08008a4d   Thumb Code   178  cjson.o(.text)
    cJSON_Minify                             0x08008aff   Thumb Code   186  cjson.o(.text)
    malloc                                   0x08008bb9   Thumb Code    94  h1_alloc.o(.text)
    free                                     0x08008c17   Thumb Code    78  h1_free.o(.text)
    __aeabi_uldivmod                         0x08008c65   Thumb Code     0  lludivv7m.o(.text)
    _ll_udiv                                 0x08008c65   Thumb Code   238  lludivv7m.o(.text)
    tolower                                  0x08008d53   Thumb Code    26  tolower.o(.text)
    vsnprintf                                0x08008d6d   Thumb Code    48  vsnprintf.o(.text)
    __2sprintf                               0x08008da1   Thumb Code    38  __2sprintf.o(.text)
    __2snprintf                              0x08008dcd   Thumb Code    50  __2snprintf.o(.text)
    _printf_pre_padding                      0x08008e05   Thumb Code    44  _printf_pad.o(.text)
    _printf_post_padding                     0x08008e31   Thumb Code    34  _printf_pad.o(.text)
    _printf_str                              0x08008e53   Thumb Code    82  _printf_str.o(.text)
    _printf_int_dec                          0x08008ea5   Thumb Code   104  _printf_dec.o(.text)
    _printf_longlong_hex                     0x08008f1d   Thumb Code    86  _printf_hex_int_ll_ptr.o(.text)
    _printf_int_hex                          0x08008f73   Thumb Code    28  _printf_hex_int_ll_ptr.o(.text)
    _printf_ll_hex                           0x08008f8f   Thumb Code    12  _printf_hex_int_ll_ptr.o(.text)
    _printf_hex_ptr                          0x08008f9b   Thumb Code    18  _printf_hex_int_ll_ptr.o(.text)
    __printf                                 0x08008fb1   Thumb Code   388  __printf_flags_ss_wp.o(.text)
    __0sscanf                                0x08009139   Thumb Code    52  __0sscanf.o(.text)
    _scanf_int                               0x08009175   Thumb Code   332  _scanf_int.o(.text)
    _scanf_string                            0x080092c1   Thumb Code   224  _scanf_str.o(.text)
    strchr                                   0x080093a1   Thumb Code    20  strchr.o(.text)
    strncat                                  0x080093b5   Thumb Code    36  strncat.o(.text)
    strstr                                   0x080093d9   Thumb Code    36  strstr.o(.text)
    strcpy                                   0x080093fd   Thumb Code    72  strcpy.o(.text)
    strlen                                   0x08009445   Thumb Code    62  strlen.o(.text)
    strncmp                                  0x08009483   Thumb Code   150  strncmp.o(.text)
    strcat                                   0x08009519   Thumb Code    24  strcat.o(.text)
    __aeabi_memcpy                           0x08009531   Thumb Code     0  rt_memcpy_v6.o(.text)
    __rt_memcpy                              0x08009531   Thumb Code   138  rt_memcpy_v6.o(.text)
    _memcpy_lastbytes                        0x08009597   Thumb Code     0  rt_memcpy_v6.o(.text)
    __aeabi_memcpy4                          0x080095bb   Thumb Code     0  rt_memcpy_w.o(.text)
    __aeabi_memcpy8                          0x080095bb   Thumb Code     0  rt_memcpy_w.o(.text)
    __rt_memcpy_w                            0x080095bb   Thumb Code   100  rt_memcpy_w.o(.text)
    _memcpy_lastbytes_aligned                0x08009603   Thumb Code     0  rt_memcpy_w.o(.text)
    __aeabi_memclr                           0x0800961f   Thumb Code     0  rt_memclr.o(.text)
    __rt_memclr                              0x0800961f   Thumb Code    68  rt_memclr.o(.text)
    _memset                                  0x08009623   Thumb Code     0  rt_memclr.o(.text)
    __aeabi_memclr4                          0x08009663   Thumb Code     0  rt_memclr_w.o(.text)
    __aeabi_memclr8                          0x08009663   Thumb Code     0  rt_memclr_w.o(.text)
    __rt_memclr_w                            0x08009663   Thumb Code    78  rt_memclr_w.o(.text)
    _memset_w                                0x08009667   Thumb Code     0  rt_memclr_w.o(.text)
    __use_two_region_memory                  0x080096b1   Thumb Code     2  heapauxi.o(.text)
    __rt_heap_escrow                         0x080096b3   Thumb Code     2  heapauxi.o(.text)
    __rt_heap_expand                         0x080096b5   Thumb Code     2  heapauxi.o(.text)
    __rt_ctype_table                         0x080096b9   Thumb Code    16  rt_ctype_table.o(.text)
    __rt_heap_descriptor                     0x080096c9   Thumb Code     8  rt_heap_descriptor_intlibspace.o(.text)
    __use_no_heap                            0x080096d1   Thumb Code     2  hguard.o(.text)
    __heap$guard                             0x080096d3   Thumb Code     2  hguard.o(.text)
    _terminate_user_alloc                    0x080096d5   Thumb Code     2  init_alloc.o(.text)
    _init_user_alloc                         0x080096d7   Thumb Code     2  init_alloc.o(.text)
    __Heap_Full                              0x080096d9   Thumb Code    34  init_alloc.o(.text)
    __Heap_Broken                            0x080096fb   Thumb Code     6  init_alloc.o(.text)
    _init_alloc                              0x08009701   Thumb Code    94  init_alloc.o(.text)
    __Heap_Initialize                        0x0800975f   Thumb Code    10  h1_init.o(.text)
    __Heap_DescSize                          0x08009769   Thumb Code     4  h1_init.o(.text)
    __read_errno                             0x0800976d   Thumb Code    10  _rserrno.o(.text)
    __set_errno                              0x08009777   Thumb Code    12  _rserrno.o(.text)
    _printf_truncate_signed                  0x08009783   Thumb Code    18  _printf_truncate.o(.text)
    _printf_truncate_unsigned                0x08009795   Thumb Code    18  _printf_truncate.o(.text)
    _printf_int_common                       0x080097a7   Thumb Code   178  _printf_intcommon.o(.text)
    _printf_charcount                        0x08009859   Thumb Code    40  _printf_charcount.o(.text)
    __lib_sel_fp_printf                      0x08009881   Thumb Code     2  _printf_fp_dec.o(.text)
    _printf_fp_dec_real                      0x08009a33   Thumb Code   620  _printf_fp_dec.o(.text)
    _printf_char_common                      0x08009cab   Thumb Code    32  _printf_char_common.o(.text)
    _sputc                                   0x08009cd1   Thumb Code    10  _sputc.o(.text)
    _snputc                                  0x08009cdb   Thumb Code    16  _snputc.o(.text)
    _printf_cs_common                        0x08009ceb   Thumb Code    20  _printf_char.o(.text)
    _printf_char                             0x08009cff   Thumb Code    16  _printf_char.o(.text)
    _printf_string                           0x08009d0f   Thumb Code     8  _printf_char.o(.text)
    _printf_wctomb                           0x08009d19   Thumb Code   182  _printf_wctomb.o(.text)
    _printf_longlong_dec                     0x08009dd5   Thumb Code   108  _printf_longlong_dec.o(.text)
    _printf_longlong_oct                     0x08009e51   Thumb Code    66  _printf_oct_int_ll.o(.text)
    _printf_int_oct                          0x08009e93   Thumb Code    24  _printf_oct_int_ll.o(.text)
    _printf_ll_oct                           0x08009eab   Thumb Code    12  _printf_oct_int_ll.o(.text)
    _chval                                   0x08009ec1   Thumb Code    28  _chval.o(.text)
    __vfscanf_char                           0x08009ee9   Thumb Code    24  scanf_char.o(.text)
    _sgetc                                   0x08009f09   Thumb Code    30  _sgetc.o(.text)
    _sbackspace                              0x08009f27   Thumb Code    34  _sgetc.o(.text)
    __user_libspace                          0x08009f49   Thumb Code     8  libspace.o(.text)
    __user_perproc_libspace                  0x08009f49   Thumb Code     0  libspace.o(.text)
    __user_perthread_libspace                0x08009f49   Thumb Code     0  libspace.o(.text)
    __rt_locale                              0x08009f51   Thumb Code     8  rt_locale_intlibspace.o(.text)
    __aeabi_errno_addr                       0x08009f59   Thumb Code     8  rt_errno_addr_intlibspace.o(.text)
    __errno$intlibspace                      0x08009f59   Thumb Code     0  rt_errno_addr_intlibspace.o(.text)
    __rt_errno_addr$intlibspace              0x08009f59   Thumb Code     0  rt_errno_addr_intlibspace.o(.text)
    __Heap_ProvideMemory                     0x08009f61   Thumb Code    52  h1_extend.o(.text)
    _ll_udiv10                               0x08009f95   Thumb Code   138  lludiv10.o(.text)
    isspace                                  0x0800a01f   Thumb Code    18  isspace.o(.text)
    _printf_fp_hex_real                      0x0800a031   Thumb Code   756  _printf_fp_hex.o(.text)
    _printf_fp_infnan                        0x0800a32d   Thumb Code   112  _printf_fp_infnan.o(.text)
    _printf_lcs_common                       0x0800a3ad   Thumb Code    20  _printf_wchar.o(.text)
    _printf_wchar                            0x0800a3c1   Thumb Code    16  _printf_wchar.o(.text)
    _printf_wstring                          0x0800a3d1   Thumb Code     8  _printf_wchar.o(.text)
    __vfscanf                                0x0800a3d9   Thumb Code   878  _scanf.o(.text)
    _btod_etento                             0x0800a74d   Thumb Code   224  bigflt0.o(.text)
    _wcrtomb                                 0x0800a831   Thumb Code    64  _wcrtomb.o(.text)
    __rt_SIGRTMEM                            0x0800a871   Thumb Code    14  defsig_rtmem_outer.o(.text)
    __I$use$semihosting                      0x0800a87f   Thumb Code     0  use_no_semi.o(.text)
    __use_no_semihosting_swi                 0x0800a87f   Thumb Code     2  use_no_semi.o(.text)
    __semihosting_library_function           0x0800a881   Thumb Code     0  indicate_semi.o(.text)
    __user_setup_stackheap                   0x0800a881   Thumb Code    74  sys_stackheap_outer.o(.text)
    exit                                     0x0800a8cb   Thumb Code    18  exit.o(.text)
    __sig_exit                               0x0800a8dd   Thumb Code    10  defsig_exit.o(.text)
    __rt_SIGRTMEM_inner                      0x0800a8e9   Thumb Code    22  defsig_rtmem_inner.o(.text)
    strcmp                                   0x0800a939   Thumb Code   128  strcmpv7m.o(.text)
    _sys_exit                                0x0800a9b9   Thumb Code     8  sys_exit.o(.text)
    __default_signal_display                 0x0800a9c5   Thumb Code    50  defsig_general.o(.text)
    _ttywrch                                 0x0800a9f7   Thumb Code    14  sys_wrch.o(.text)
    _btod_d2e                                0x0800aa05   Thumb Code    62  btod.o(CL$$btod_d2e)
    _d2e_denorm_low                          0x0800aa43   Thumb Code    70  btod.o(CL$$btod_d2e_denorm_low)
    _d2e_norm_op1                            0x0800aa89   Thumb Code    96  btod.o(CL$$btod_d2e_norm_op1)
    __btod_div_common                        0x0800aae9   Thumb Code   696  btod.o(CL$$btod_div_common)
    _e2e                                     0x0800ae21   Thumb Code   220  btod.o(CL$$btod_e2e)
    _btod_ediv                               0x0800aefd   Thumb Code    42  btod.o(CL$$btod_ediv)
    _btod_emul                               0x0800af27   Thumb Code    42  btod.o(CL$$btod_emul)
    __btod_mult_common                       0x0800af51   Thumb Code   580  btod.o(CL$$btod_mult_common)
    __ARM_fpclassify                         0x0800b195   Thumb Code    40  fpclassify.o(i.__ARM_fpclassify)
    __kernel_poly                            0x0800b1bd   Thumb Code   170  poly.o(i.__kernel_poly)
    __mathlib_dbl_divzero                    0x0800b269   Thumb Code    12  dunder.o(i.__mathlib_dbl_divzero)
    __mathlib_dbl_infnan2                    0x0800b279   Thumb Code     4  dunder.o(i.__mathlib_dbl_infnan2)
    __mathlib_dbl_invalid                    0x0800b27d   Thumb Code    12  dunder.o(i.__mathlib_dbl_invalid)
    __mathlib_dbl_overflow                   0x0800b289   Thumb Code    14  dunder.o(i.__mathlib_dbl_overflow)
    __mathlib_dbl_underflow                  0x0800b299   Thumb Code    10  dunder.o(i.__mathlib_dbl_underflow)
    _is_digit                                0x0800b2a9   Thumb Code    14  __printf_wp.o(i._is_digit)
    floor                                    0x0800b2b9   Thumb Code   204  floor.o(i.floor)
    pow                                      0x0800b395   Thumb Code  2512  pow.o(i.pow)
    sqrt                                     0x0800bd6d   Thumb Code    76  sqrt.o(i.sqrt)
    _get_lc_ctype                            0x0800bdb9   Thumb Code    44  lc_ctype_c.o(locale$$code)
    _get_lc_numeric                          0x0800bde5   Thumb Code    44  lc_numeric_c.o(locale$$code)
    __aeabi_d2f                              0x0800be11   Thumb Code     0  d2f.o(x$fpl$d2f)
    _d2f                                     0x0800be11   Thumb Code    98  d2f.o(x$fpl$d2f)
    __aeabi_dadd                             0x0800be75   Thumb Code     0  daddsub_clz.o(x$fpl$dadd)
    _dadd                                    0x0800be75   Thumb Code   332  daddsub_clz.o(x$fpl$dadd)
    __fpl_dcheck_NaN1                        0x0800bfc5   Thumb Code    10  dcheck1.o(x$fpl$dcheck1)
    __fpl_dcmp_Inf                           0x0800bfd5   Thumb Code    24  dcmpi.o(x$fpl$dcmpinf)
    __aeabi_ddiv                             0x0800bfed   Thumb Code     0  ddiv.o(x$fpl$ddiv)
    _ddiv                                    0x0800bfed   Thumb Code   552  ddiv.o(x$fpl$ddiv)
    __aeabi_cdcmpeq                          0x0800c29d   Thumb Code     0  deqf.o(x$fpl$deqf)
    _dcmpeq                                  0x0800c29d   Thumb Code   120  deqf.o(x$fpl$deqf)
    __aeabi_d2iz                             0x0800c315   Thumb Code     0  dfix.o(x$fpl$dfix)
    _dfix                                    0x0800c315   Thumb Code    94  dfix.o(x$fpl$dfix)
    __aeabi_i2d                              0x0800c373   Thumb Code     0  dflt_clz.o(x$fpl$dflt)
    _dflt                                    0x0800c373   Thumb Code    46  dflt_clz.o(x$fpl$dflt)
    __aeabi_cdcmple                          0x0800c3a1   Thumb Code     0  dleqf.o(x$fpl$dleqf)
    _dcmple                                  0x0800c3a1   Thumb Code   120  dleqf.o(x$fpl$dleqf)
    __fpl_dcmple_InfNaN                      0x0800c403   Thumb Code     0  dleqf.o(x$fpl$dleqf)
    __aeabi_dmul                             0x0800c419   Thumb Code     0  dmul.o(x$fpl$dmul)
    _dmul                                    0x0800c419   Thumb Code   332  dmul.o(x$fpl$dmul)
    __fpl_dnaninf                            0x0800c56d   Thumb Code   156  dnaninf.o(x$fpl$dnaninf)
    __fpl_dretinf                            0x0800c609   Thumb Code    12  dretinf.o(x$fpl$dretinf)
    __aeabi_cdrcmple                         0x0800c615   Thumb Code     0  drleqf.o(x$fpl$drleqf)
    _drcmple                                 0x0800c615   Thumb Code   108  drleqf.o(x$fpl$drleqf)
    __aeabi_drsub                            0x0800c681   Thumb Code     0  daddsub_clz.o(x$fpl$drsb)
    _drsb                                    0x0800c681   Thumb Code    22  daddsub_clz.o(x$fpl$drsb)
    _dsqrt                                   0x0800c699   Thumb Code   456  dsqrt_noumaal.o(x$fpl$dsqrt)
    __aeabi_dsub                             0x0800c865   Thumb Code     0  daddsub_clz.o(x$fpl$dsub)
    _dsub                                    0x0800c865   Thumb Code   464  daddsub_clz.o(x$fpl$dsub)
    __aeabi_f2d                              0x0800ca39   Thumb Code     0  f2d.o(x$fpl$f2d)
    _f2d                                     0x0800ca39   Thumb Code    86  f2d.o(x$fpl$f2d)
    __aeabi_fadd                             0x0800ca91   Thumb Code     0  faddsub_clz.o(x$fpl$fadd)
    _fadd                                    0x0800ca91   Thumb Code   196  faddsub_clz.o(x$fpl$fadd)
    __fpl_fcmp_Inf                           0x0800cb55   Thumb Code    24  fcmpi.o(x$fpl$fcmpinf)
    __aeabi_fdiv                             0x0800cb6d   Thumb Code     0  fdiv.o(x$fpl$fdiv)
    _fdiv                                    0x0800cb6d   Thumb Code   384  fdiv.o(x$fpl$fdiv)
    __aeabi_i2f                              0x0800ccf1   Thumb Code     0  fflt_clz.o(x$fpl$fflt)
    _fflt                                    0x0800ccf1   Thumb Code    48  fflt_clz.o(x$fpl$fflt)
    __aeabi_ui2f                             0x0800cd21   Thumb Code     0  fflt_clz.o(x$fpl$ffltu)
    _ffltu                                   0x0800cd21   Thumb Code    38  fflt_clz.o(x$fpl$ffltu)
    __aeabi_cfcmple                          0x0800cd49   Thumb Code     0  fleqf.o(x$fpl$fleqf)
    _fcmple                                  0x0800cd49   Thumb Code   104  fleqf.o(x$fpl$fleqf)
    __fpl_fcmple_InfNaN                      0x0800cd9b   Thumb Code     0  fleqf.o(x$fpl$fleqf)
    __aeabi_fmul                             0x0800cdb1   Thumb Code     0  fmul.o(x$fpl$fmul)
    _fmul                                    0x0800cdb1   Thumb Code   258  fmul.o(x$fpl$fmul)
    __fpl_fnaninf                            0x0800ceb3   Thumb Code   140  fnaninf.o(x$fpl$fnaninf)
    __fpl_fretinf                            0x0800cf3f   Thumb Code    10  fretinf.o(x$fpl$fretinf)
    __aeabi_cfrcmple                         0x0800cf49   Thumb Code     0  frleqf.o(x$fpl$frleqf)
    _frcmple                                 0x0800cf49   Thumb Code    98  frleqf.o(x$fpl$frleqf)
    __aeabi_fsub                             0x0800cfad   Thumb Code     0  faddsub_clz.o(x$fpl$fsub)
    _fsub                                    0x0800cfad   Thumb Code   234  faddsub_clz.o(x$fpl$fsub)
    _printf_fp_dec                           0x0800d097   Thumb Code     4  printf1.o(x$fpl$printf1)
    _printf_fp_hex                           0x0800d09b   Thumb Code     4  printf2.o(x$fpl$printf2)
    __fpl_return_NaN                         0x0800d09f   Thumb Code   100  retnan.o(x$fpl$retnan)
    __ARM_scalbn                             0x0800d103   Thumb Code    92  scalbn.o(x$fpl$scalbn)
    __fpl_cmpreturn                          0x0800d15f   Thumb Code    48  trapv.o(x$fpl$trapveneer)
    F6x8                                     0x0800d18e   Data         552  oled.o(.constdata)
    __I$use$fp                               0x0800d18e   Number         0  usenofp.o(x$fpl$usenofp)
    F8X16                                    0x0800d3b6   Data        1520  oled.o(.constdata)
    __mathlib_zero                           0x0800db38   Data           8  qnan.o(.constdata)
    Region$$Table$$Base                      0x0800dd20   Number         0  anon$$obj.o(Region$$Table)
    Region$$Table$$Limit                     0x0800dd40   Number         0  anon$$obj.o(Region$$Table)
    __ctype                                  0x0800dd4d   Data           0  lc_ctype_c.o(locale$$data)
    SystemCoreClock                          0x20000000   Data           4  system_stm32f10x.o(.data)
    AHBPrescTable                            0x20000004   Data          16  system_stm32f10x.o(.data)
    UsCount                                  0x20000014   Data           1  delay.o(.data)
    MsCount                                  0x20000016   Data           2  delay.o(.data)
    led_info                                 0x2000002c   Data           1  led.o(.data)
    Hzk                                      0x2000002d   Data        2176  oled.o(.data)
    AD_Value                                 0x200008ae   Data           8  ad.o(.data)
    time                                     0x200008b8   Data           8  hcsr04.o(.data)
    time_end                                 0x200008c0   Data           8  hcsr04.o(.data)
    pump_info                                0x200008c8   Data           1  bool.o(.data)
    led1_info                                0x200008c9   Data           1  heater.o(.data)
    led2_info                                0x200008ca   Data           1  oxygen.o(.data)
    state                                    0x200008cb   Data           1  key.o(.data)
    beep_info                                0x200008cc   Data           1  beep.o(.data)
    led3_info                                0x200008cd   Data           1  mode.o(.data)
    lastFilteredTDSData                      0x200008d0   Data           4  main.o(.data)
    lastFilteredPHData                       0x200008d4   Data           4  main.o(.data)
    ph_k                                     0x200008d8   Data           4  main.o(.data)
    TU                                       0x200008dc   Data           4  main.o(.data)
    TU_value                                 0x200008e0   Data           4  main.o(.data)
    TU_value1                                0x200008e4   Data           4  main.o(.data)
    TU_calibration                           0x200008e8   Data           4  main.o(.data)
    temp_data                                0x200008ec   Data           4  main.o(.data)
    K_Value                                  0x200008f0   Data           4  main.o(.data)
    ADC_ConvertedValueLocal                  0x200008f4   Data           4  main.o(.data)
    PH_Value                                 0x200008f8   Data           4  main.o(.data)
    TDS                                      0x200008fc   Data           4  main.o(.data)
    TDS_voltage                              0x20000900   Data           4  main.o(.data)
    TDS_value                                0x20000904   Data           4  main.o(.data)
    voltage_value                            0x20000908   Data           4  main.o(.data)
    TDStemp_data                             0x2000090c   Data           4  main.o(.data)
    TDScompensationCoefficient               0x20000910   Data           4  main.o(.data)
    TDScompensationVolatge                   0x20000914   Data           4  main.o(.data)
    TDSkValue                                0x20000918   Data           4  main.o(.data)
    buff                                     0x2000091c   Data           2  main.o(.data)
    p                                        0x2000091e   Data           2  main.o(.data)
    t                                        0x20000920   Data           2  main.o(.data)
    l                                        0x20000922   Data           2  main.o(.data)
    n                                        0x20000924   Data           2  main.o(.data)
    temperature                              0x20000928   Data           4  main.o(.data)
    NTU                                      0x2000092c   Data           4  main.o(.data)
    PH                                       0x20000930   Data           4  main.o(.data)
    Level                                    0x20000934   Data           4  main.o(.data)
    page                                     0x20000938   Data           1  main.o(.data)
    tempflag                                 0x2000093c   Data           4  main.o(.data)
    hightflag                                0x20000940   Data           4  main.o(.data)
    tdsflag                                  0x20000944   Data           4  main.o(.data)
    ntuflag                                  0x20000948   Data           4  main.o(.data)
    tempflag_h                               0x2000094c   Data           4  main.o(.data)
    hightflag_h                              0x20000950   Data           4  main.o(.data)
    tdsflag_h                                0x20000954   Data           4  main.o(.data)
    ntuflag_h                                0x20000958   Data           4  main.o(.data)
    timeCount                                0x2000095c   Data           2  main.o(.data)
    Num                                      0x2000095e   Data           1  mytimer.o(.data)
    esp8266_cnt                              0x20000962   Data           2  esp8266.o(.data)
    esp8266_cntPre                           0x20000964   Data           2  esp8266.o(.data)
    devid                                    0x20000974   Data          16  onenet.o(.bss)
    key                                      0x20000984   Data          48  onenet.o(.bss)
    esp8266_buf                              0x200009b4   Data         512  esp8266.o(.bss)
    __libspace_start                         0x20000bb4   Data          96  libspace.o(.bss)
    __temporary_stack_top$libspace           0x20000c14   Data           0  libspace.o(.bss)



==============================================================================

Memory Map of the image

  Image Entry point : 0x080000ed

  Load Region LR_IROM1 (Base: 0x08000000, Size: 0x0000e7e0, Max: 0x00010000, ABSOLUTE, COMPRESSED[0x0000e21c])

    Execution Region ER_IROM1 (Exec base: 0x08000000, Load base: 0x08000000, Size: 0x0000de6c, Max: 0x00010000, ABSOLUTE)

    Exec Addr    Load Addr    Size         Type   Attr      Idx    E Section Name        Object

    0x08000000   0x08000000   0x000000ec   Data   RO          139    RESET               startup_stm32f10x_md.o
    0x080000ec   0x080000ec   0x00000008   Code   RO          984  * !!!main             c_w.l(__main.o)
    0x080000f4   0x080000f4   0x00000034   Code   RO         1444    !!!scatter          c_w.l(__scatter.o)
    0x08000128   0x08000128   0x00000064   Code   RO         1442    !!dclz77c           c_w.l(__dclz77c.o)
    0x0800018c   0x0800018c   0x0000001c   Code   RO         1446    !!handler_zi        c_w.l(__scatter_zi.o)
    0x080001a8   0x080001a8   0x00000000   Code   RO          953    .ARM.Collect$$_printf_percent$$00000000  c_w.l(_printf_percent.o)
    0x080001a8   0x080001a8   0x00000006   Code   RO         1120    .ARM.Collect$$_printf_percent$$00000001  c_w.l(_printf_n.o)
    0x080001ae   0x080001ae   0x00000006   Code   RO         1121    .ARM.Collect$$_printf_percent$$00000002  c_w.l(_printf_p.o)
    0x080001b4   0x080001b4   0x00000006   Code   RO          951    .ARM.Collect$$_printf_percent$$00000003  c_w.l(_printf_f.o)
    0x080001ba   0x080001ba   0x00000006   Code   RO          952    .ARM.Collect$$_printf_percent$$00000004  c_w.l(_printf_e.o)
    0x080001c0   0x080001c0   0x00000006   Code   RO         1125    .ARM.Collect$$_printf_percent$$00000005  c_w.l(_printf_g.o)
    0x080001c6   0x080001c6   0x00000006   Code   RO         1126    .ARM.Collect$$_printf_percent$$00000006  c_w.l(_printf_a.o)
    0x080001cc   0x080001cc   0x0000000a   Code   RO         1131    .ARM.Collect$$_printf_percent$$00000007  c_w.l(_printf_ll.o)
    0x080001d6   0x080001d6   0x00000006   Code   RO         1123    .ARM.Collect$$_printf_percent$$00000008  c_w.l(_printf_i.o)
    0x080001dc   0x080001dc   0x00000006   Code   RO          950    .ARM.Collect$$_printf_percent$$00000009  c_w.l(_printf_d.o)
    0x080001e2   0x080001e2   0x00000006   Code   RO         1124    .ARM.Collect$$_printf_percent$$0000000A  c_w.l(_printf_u.o)
    0x080001e8   0x080001e8   0x00000006   Code   RO         1122    .ARM.Collect$$_printf_percent$$0000000B  c_w.l(_printf_o.o)
    0x080001ee   0x080001ee   0x00000006   Code   RO          949    .ARM.Collect$$_printf_percent$$0000000C  c_w.l(_printf_x.o)
    0x080001f4   0x080001f4   0x00000006   Code   RO         1128    .ARM.Collect$$_printf_percent$$0000000D  c_w.l(_printf_lli.o)
    0x080001fa   0x080001fa   0x00000006   Code   RO         1129    .ARM.Collect$$_printf_percent$$0000000E  c_w.l(_printf_lld.o)
    0x08000200   0x08000200   0x00000006   Code   RO         1130    .ARM.Collect$$_printf_percent$$0000000F  c_w.l(_printf_llu.o)
    0x08000206   0x08000206   0x00000006   Code   RO         1135    .ARM.Collect$$_printf_percent$$00000010  c_w.l(_printf_llo.o)
    0x0800020c   0x0800020c   0x00000006   Code   RO         1136    .ARM.Collect$$_printf_percent$$00000011  c_w.l(_printf_llx.o)
    0x08000212   0x08000212   0x0000000a   Code   RO         1132    .ARM.Collect$$_printf_percent$$00000012  c_w.l(_printf_l.o)
    0x0800021c   0x0800021c   0x00000006   Code   RO         1119    .ARM.Collect$$_printf_percent$$00000013  c_w.l(_printf_c.o)
    0x08000222   0x08000222   0x00000006   Code   RO          948    .ARM.Collect$$_printf_percent$$00000014  c_w.l(_printf_s.o)
    0x08000228   0x08000228   0x00000006   Code   RO         1133    .ARM.Collect$$_printf_percent$$00000015  c_w.l(_printf_lc.o)
    0x0800022e   0x0800022e   0x00000006   Code   RO         1134    .ARM.Collect$$_printf_percent$$00000016  c_w.l(_printf_ls.o)
    0x08000234   0x08000234   0x00000004   Code   RO         1127    .ARM.Collect$$_printf_percent$$00000017  c_w.l(_printf_percent_end.o)
    0x08000238   0x08000238   0x00000002   Code   RO         1377    .ARM.Collect$$libinit$$00000000  c_w.l(libinit.o)
    0x0800023a   0x0800023a   0x00000000   Code   RO         1146    .ARM.Collect$$libinit$$00000002  c_w.l(libinit2.o)
    0x0800023a   0x0800023a   0x00000000   Code   RO         1148    .ARM.Collect$$libinit$$00000004  c_w.l(libinit2.o)
    0x0800023a   0x0800023a   0x00000008   Code   RO         1149    .ARM.Collect$$libinit$$00000005  c_w.l(libinit2.o)
    0x08000242   0x08000242   0x00000000   Code   RO         1151    .ARM.Collect$$libinit$$0000000A  c_w.l(libinit2.o)
    0x08000242   0x08000242   0x00000000   Code   RO         1153    .ARM.Collect$$libinit$$0000000C  c_w.l(libinit2.o)
    0x08000242   0x08000242   0x00000000   Code   RO         1155    .ARM.Collect$$libinit$$0000000E  c_w.l(libinit2.o)
    0x08000242   0x08000242   0x00000006   Code   RO         1156    .ARM.Collect$$libinit$$0000000F  c_w.l(libinit2.o)
    0x08000248   0x08000248   0x00000000   Code   RO         1158    .ARM.Collect$$libinit$$00000011  c_w.l(libinit2.o)
    0x08000248   0x08000248   0x0000000c   Code   RO         1159    .ARM.Collect$$libinit$$00000012  c_w.l(libinit2.o)
    0x08000254   0x08000254   0x00000000   Code   RO         1160    .ARM.Collect$$libinit$$00000013  c_w.l(libinit2.o)
    0x08000254   0x08000254   0x00000000   Code   RO         1162    .ARM.Collect$$libinit$$00000015  c_w.l(libinit2.o)
    0x08000254   0x08000254   0x0000000a   Code   RO         1163    .ARM.Collect$$libinit$$00000016  c_w.l(libinit2.o)
    0x0800025e   0x0800025e   0x00000000   Code   RO         1164    .ARM.Collect$$libinit$$00000017  c_w.l(libinit2.o)
    0x0800025e   0x0800025e   0x00000000   Code   RO         1166    .ARM.Collect$$libinit$$00000019  c_w.l(libinit2.o)
    0x0800025e   0x0800025e   0x00000000   Code   RO         1168    .ARM.Collect$$libinit$$0000001B  c_w.l(libinit2.o)
    0x0800025e   0x0800025e   0x00000000   Code   RO         1170    .ARM.Collect$$libinit$$0000001D  c_w.l(libinit2.o)
    0x0800025e   0x0800025e   0x00000000   Code   RO         1172    .ARM.Collect$$libinit$$0000001F  c_w.l(libinit2.o)
    0x0800025e   0x0800025e   0x00000000   Code   RO         1174    .ARM.Collect$$libinit$$00000021  c_w.l(libinit2.o)
    0x0800025e   0x0800025e   0x00000000   Code   RO         1176    .ARM.Collect$$libinit$$00000023  c_w.l(libinit2.o)
    0x0800025e   0x0800025e   0x00000000   Code   RO         1178    .ARM.Collect$$libinit$$00000025  c_w.l(libinit2.o)
    0x0800025e   0x0800025e   0x00000000   Code   RO         1182    .ARM.Collect$$libinit$$0000002C  c_w.l(libinit2.o)
    0x0800025e   0x0800025e   0x00000000   Code   RO         1184    .ARM.Collect$$libinit$$0000002E  c_w.l(libinit2.o)
    0x0800025e   0x0800025e   0x00000000   Code   RO         1186    .ARM.Collect$$libinit$$00000030  c_w.l(libinit2.o)
    0x0800025e   0x0800025e   0x00000000   Code   RO         1188    .ARM.Collect$$libinit$$00000032  c_w.l(libinit2.o)
    0x0800025e   0x0800025e   0x00000002   Code   RO         1189    .ARM.Collect$$libinit$$00000033  c_w.l(libinit2.o)
    0x08000260   0x08000260   0x00000002   Code   RO         1439    .ARM.Collect$$libshutdown$$00000000  c_w.l(libshutdown.o)
    0x08000262   0x08000262   0x00000000   Code   RO         1395    .ARM.Collect$$libshutdown$$00000002  c_w.l(libshutdown2.o)
    0x08000262   0x08000262   0x00000000   Code   RO         1397    .ARM.Collect$$libshutdown$$00000004  c_w.l(libshutdown2.o)
    0x08000262   0x08000262   0x00000000   Code   RO         1400    .ARM.Collect$$libshutdown$$00000007  c_w.l(libshutdown2.o)
    0x08000262   0x08000262   0x00000000   Code   RO         1403    .ARM.Collect$$libshutdown$$0000000A  c_w.l(libshutdown2.o)
    0x08000262   0x08000262   0x00000000   Code   RO         1405    .ARM.Collect$$libshutdown$$0000000C  c_w.l(libshutdown2.o)
    0x08000262   0x08000262   0x00000000   Code   RO         1408    .ARM.Collect$$libshutdown$$0000000F  c_w.l(libshutdown2.o)
    0x08000262   0x08000262   0x00000002   Code   RO         1409    .ARM.Collect$$libshutdown$$00000010  c_w.l(libshutdown2.o)
    0x08000264   0x08000264   0x00000000   Code   RO         1058    .ARM.Collect$$rtentry$$00000000  c_w.l(__rtentry.o)
    0x08000264   0x08000264   0x00000000   Code   RO         1248    .ARM.Collect$$rtentry$$00000002  c_w.l(__rtentry2.o)
    0x08000264   0x08000264   0x00000006   Code   RO         1260    .ARM.Collect$$rtentry$$00000004  c_w.l(__rtentry4.o)
    0x0800026a   0x0800026a   0x00000000   Code   RO         1250    .ARM.Collect$$rtentry$$00000009  c_w.l(__rtentry2.o)
    0x0800026a   0x0800026a   0x00000004   Code   RO         1251    .ARM.Collect$$rtentry$$0000000A  c_w.l(__rtentry2.o)
    0x0800026e   0x0800026e   0x00000000   Code   RO         1253    .ARM.Collect$$rtentry$$0000000C  c_w.l(__rtentry2.o)
    0x0800026e   0x0800026e   0x00000008   Code   RO         1254    .ARM.Collect$$rtentry$$0000000D  c_w.l(__rtentry2.o)
    0x08000276   0x08000276   0x00000002   Code   RO         1382    .ARM.Collect$$rtexit$$00000000  c_w.l(rtexit.o)
    0x08000278   0x08000278   0x00000000   Code   RO         1415    .ARM.Collect$$rtexit$$00000002  c_w.l(rtexit2.o)
    0x08000278   0x08000278   0x00000004   Code   RO         1416    .ARM.Collect$$rtexit$$00000003  c_w.l(rtexit2.o)
    0x0800027c   0x0800027c   0x00000006   Code   RO         1417    .ARM.Collect$$rtexit$$00000004  c_w.l(rtexit2.o)
    0x08000282   0x08000282   0x00000002   PAD
    0x08000284   0x08000284   0x00000000   Code   RO         1276    .emb_text           c_w.l(maybetermalloc1.o)
    0x08000284   0x08000284   0x00000134   Code   RO           17    .text               stm32f10x_it.o
    0x080003b8   0x080003b8   0x000001e0   Code   RO          119    .text               system_stm32f10x.o
    0x08000598   0x08000598   0x00000040   Code   RO          140    .text               startup_stm32f10x_md.o
    0x080005d8   0x080005d8   0x000000dc   Code   RO          144    .text               misc.o
    0x080006b4   0x080006b4   0x0000035c   Code   RO          182    .text               stm32f10x_gpio.o
    0x08000a10   0x08000a10   0x000000f4   Code   RO          194    .text               delay.o
    0x08000b04   0x08000b04   0x000003a4   Code   RO          212    .text               stm32f10x_rcc.o
    0x08000ea8   0x08000ea8   0x00000408   Code   RO          226    .text               stm32f10x_usart.o
    0x080012b0   0x080012b0   0x0000011c   Code   RO          238    .text               stm32f10x_exti.o
    0x080013cc   0x080013cc   0x00000e1a   Code   RO          250    .text               stm32f10x_tim.o
    0x080021e6   0x080021e6   0x00000002   PAD
    0x080021e8   0x080021e8   0x0000044e   Code   RO          262    .text               stm32f10x_adc.o
    0x08002636   0x08002636   0x00000002   PAD
    0x08002638   0x08002638   0x00000254   Code   RO          274    .text               stm32f10x_dma.o
    0x0800288c   0x0800288c   0x000001e8   Code   RO          286    .text               usart.o
    0x08002a74   0x08002a74   0x0000004c   Code   RO          323    .text               led.o
    0x08002ac0   0x08002ac0   0x000005d0   Code   RO          341    .text               oled.o
    0x08003090   0x08003090   0x0000012c   Code   RO          366    .text               ad.o
    0x080031bc   0x080031bc   0x00000240   Code   RO          381    .text               ds18b20.o
    0x080033fc   0x080033fc   0x00000208   Code   RO          399    .text               hcsr04.o
    0x08003604   0x08003604   0x00000050   Code   RO          420    .text               bool.o
    0x08003654   0x08003654   0x0000004c   Code   RO          439    .text               heater.o
    0x080036a0   0x080036a0   0x0000004c   Code   RO          457    .text               oxygen.o
    0x080036ec   0x080036ec   0x000003e4   Code   RO          478    .text               key.o
    0x08003ad0   0x08003ad0   0x0000004c   Code   RO          520    .text               beep.o
    0x08003b1c   0x08003b1c   0x0000004c   Code   RO          538    .text               mode.o
    0x08003b68   0x08003b68   0x00000098   Code   RO          556    .text               timforsend.o
    0x08003c00   0x08003c00   0x00000bc4   Code   RO          572    .text               main.o
    0x080047c4   0x080047c4   0x000000ec   Code   RO          624    .text               timer.o
    0x080048b0   0x080048b0   0x000000a4   Code   RO          636    .text               mytimer.o
    0x08004954   0x08004954   0x00000ff0   Code   RO          651    .text               onenet.o
    0x08005944   0x08005944   0x00000486   Code   RO          703    .text               hmac_sha1.o
    0x08005dca   0x08005dca   0x00000002   PAD
    0x08005dcc   0x08005dcc   0x000002b0   Code   RO          718    .text               base64.o
    0x0800607c   0x0800607c   0x00000e08   Code   RO          739    .text               mqttkit.o
    0x08006e84   0x08006e84   0x000002b4   Code   RO          767    .text               esp8266.o
    0x08007138   0x08007138   0x00001a80   Code   RO          783    .text               cjson.o
    0x08008bb8   0x08008bb8   0x0000005e   Code   RO          827    .text               c_w.l(h1_alloc.o)
    0x08008c16   0x08008c16   0x0000004e   Code   RO          829    .text               c_w.l(h1_free.o)
    0x08008c64   0x08008c64   0x000000ee   Code   RO          885    .text               c_w.l(lludivv7m.o)
    0x08008d52   0x08008d52   0x0000001a   Code   RO          887    .text               c_w.l(tolower.o)
    0x08008d6c   0x08008d6c   0x00000034   Code   RO          889    .text               c_w.l(vsnprintf.o)
    0x08008da0   0x08008da0   0x0000002c   Code   RO          891    .text               c_w.l(__2sprintf.o)
    0x08008dcc   0x08008dcc   0x00000038   Code   RO          893    .text               c_w.l(__2snprintf.o)
    0x08008e04   0x08008e04   0x0000004e   Code   RO          901    .text               c_w.l(_printf_pad.o)
    0x08008e52   0x08008e52   0x00000052   Code   RO          903    .text               c_w.l(_printf_str.o)
    0x08008ea4   0x08008ea4   0x00000078   Code   RO          905    .text               c_w.l(_printf_dec.o)
    0x08008f1c   0x08008f1c   0x00000094   Code   RO          925    .text               c_w.l(_printf_hex_int_ll_ptr.o)
    0x08008fb0   0x08008fb0   0x00000188   Code   RO          945    .text               c_w.l(__printf_flags_ss_wp.o)
    0x08009138   0x08009138   0x0000003c   Code   RO          954    .text               c_w.l(__0sscanf.o)
    0x08009174   0x08009174   0x0000014c   Code   RO          956    .text               c_w.l(_scanf_int.o)
    0x080092c0   0x080092c0   0x000000e0   Code   RO          958    .text               c_w.l(_scanf_str.o)
    0x080093a0   0x080093a0   0x00000014   Code   RO          960    .text               c_w.l(strchr.o)
    0x080093b4   0x080093b4   0x00000024   Code   RO          962    .text               c_w.l(strncat.o)
    0x080093d8   0x080093d8   0x00000024   Code   RO          964    .text               c_w.l(strstr.o)
    0x080093fc   0x080093fc   0x00000048   Code   RO          966    .text               c_w.l(strcpy.o)
    0x08009444   0x08009444   0x0000003e   Code   RO          968    .text               c_w.l(strlen.o)
    0x08009482   0x08009482   0x00000096   Code   RO          970    .text               c_w.l(strncmp.o)
    0x08009518   0x08009518   0x00000018   Code   RO          972    .text               c_w.l(strcat.o)
    0x08009530   0x08009530   0x0000008a   Code   RO          974    .text               c_w.l(rt_memcpy_v6.o)
    0x080095ba   0x080095ba   0x00000064   Code   RO          976    .text               c_w.l(rt_memcpy_w.o)
    0x0800961e   0x0800961e   0x00000044   Code   RO          978    .text               c_w.l(rt_memclr.o)
    0x08009662   0x08009662   0x0000004e   Code   RO          980    .text               c_w.l(rt_memclr_w.o)
    0x080096b0   0x080096b0   0x00000006   Code   RO          982    .text               c_w.l(heapauxi.o)
    0x080096b6   0x080096b6   0x00000002   PAD
    0x080096b8   0x080096b8   0x00000010   Code   RO         1059    .text               c_w.l(rt_ctype_table.o)
    0x080096c8   0x080096c8   0x00000008   Code   RO         1068    .text               c_w.l(rt_heap_descriptor_intlibspace.o)
    0x080096d0   0x080096d0   0x00000004   Code   RO         1070    .text               c_w.l(hguard.o)
    0x080096d4   0x080096d4   0x0000008a   Code   RO         1072    .text               c_w.l(init_alloc.o)
    0x0800975e   0x0800975e   0x0000000e   Code   RO         1076    .text               c_w.l(h1_init.o)
    0x0800976c   0x0800976c   0x00000016   Code   RO         1090    .text               c_w.l(_rserrno.o)
    0x08009782   0x08009782   0x00000024   Code   RO         1092    .text               c_w.l(_printf_truncate.o)
    0x080097a6   0x080097a6   0x000000b2   Code   RO         1094    .text               c_w.l(_printf_intcommon.o)
    0x08009858   0x08009858   0x00000028   Code   RO         1096    .text               c_w.l(_printf_charcount.o)
    0x08009880   0x08009880   0x0000041e   Code   RO         1098    .text               c_w.l(_printf_fp_dec.o)
    0x08009c9e   0x08009c9e   0x00000002   PAD
    0x08009ca0   0x08009ca0   0x00000030   Code   RO         1100    .text               c_w.l(_printf_char_common.o)
    0x08009cd0   0x08009cd0   0x0000000a   Code   RO         1102    .text               c_w.l(_sputc.o)
    0x08009cda   0x08009cda   0x00000010   Code   RO         1104    .text               c_w.l(_snputc.o)
    0x08009cea   0x08009cea   0x0000002c   Code   RO         1106    .text               c_w.l(_printf_char.o)
    0x08009d16   0x08009d16   0x00000002   PAD
    0x08009d18   0x08009d18   0x000000bc   Code   RO         1108    .text               c_w.l(_printf_wctomb.o)
    0x08009dd4   0x08009dd4   0x0000007c   Code   RO         1111    .text               c_w.l(_printf_longlong_dec.o)
    0x08009e50   0x08009e50   0x00000070   Code   RO         1117    .text               c_w.l(_printf_oct_int_ll.o)
    0x08009ec0   0x08009ec0   0x0000001c   Code   RO         1137    .text               c_w.l(_chval.o)
    0x08009edc   0x08009edc   0x0000002c   Code   RO         1139    .text               c_w.l(scanf_char.o)
    0x08009f08   0x08009f08   0x00000040   Code   RO         1141    .text               c_w.l(_sgetc.o)
    0x08009f48   0x08009f48   0x00000008   Code   RO         1244    .text               c_w.l(libspace.o)
    0x08009f50   0x08009f50   0x00000008   Code   RO         1267    .text               c_w.l(rt_locale_intlibspace.o)
    0x08009f58   0x08009f58   0x00000008   Code   RO         1272    .text               c_w.l(rt_errno_addr_intlibspace.o)
    0x08009f60   0x08009f60   0x00000034   Code   RO         1278    .text               c_w.l(h1_extend.o)
    0x08009f94   0x08009f94   0x0000008a   Code   RO         1282    .text               c_w.l(lludiv10.o)
    0x0800a01e   0x0800a01e   0x00000012   Code   RO         1284    .text               c_w.l(isspace.o)
    0x0800a030   0x0800a030   0x000002fc   Code   RO         1286    .text               c_w.l(_printf_fp_hex.o)
    0x0800a32c   0x0800a32c   0x00000080   Code   RO         1289    .text               c_w.l(_printf_fp_infnan.o)
    0x0800a3ac   0x0800a3ac   0x0000002c   Code   RO         1293    .text               c_w.l(_printf_wchar.o)
    0x0800a3d8   0x0800a3d8   0x00000374   Code   RO         1295    .text               c_w.l(_scanf.o)
    0x0800a74c   0x0800a74c   0x000000e4   Code   RO         1297    .text               c_w.l(bigflt0.o)
    0x0800a830   0x0800a830   0x00000040   Code   RO         1322    .text               c_w.l(_wcrtomb.o)
    0x0800a870   0x0800a870   0x0000000e   Code   RO         1330    .text               c_w.l(defsig_rtmem_outer.o)
    0x0800a87e   0x0800a87e   0x00000002   Code   RO         1347    .text               c_w.l(use_no_semi.o)
    0x0800a880   0x0800a880   0x00000000   Code   RO         1349    .text               c_w.l(indicate_semi.o)
    0x0800a880   0x0800a880   0x0000004a   Code   RO         1350    .text               c_w.l(sys_stackheap_outer.o)
    0x0800a8ca   0x0800a8ca   0x00000012   Code   RO         1356    .text               c_w.l(exit.o)
    0x0800a8dc   0x0800a8dc   0x0000000a   Code   RO         1358    .text               c_w.l(defsig_exit.o)
    0x0800a8e6   0x0800a8e6   0x00000002   PAD
    0x0800a8e8   0x0800a8e8   0x00000050   Code   RO         1364    .text               c_w.l(defsig_rtmem_inner.o)
    0x0800a938   0x0800a938   0x00000080   Code   RO         1366    .text               c_w.l(strcmpv7m.o)
    0x0800a9b8   0x0800a9b8   0x0000000c   Code   RO         1380    .text               c_w.l(sys_exit.o)
    0x0800a9c4   0x0800a9c4   0x00000032   Code   RO         1390    .text               c_w.l(defsig_general.o)
    0x0800a9f6   0x0800a9f6   0x0000000e   Code   RO         1412    .text               c_w.l(sys_wrch.o)
    0x0800aa04   0x0800aa04   0x0000003e   Code   RO         1300    CL$$btod_d2e        c_w.l(btod.o)
    0x0800aa42   0x0800aa42   0x00000046   Code   RO         1302    CL$$btod_d2e_denorm_low  c_w.l(btod.o)
    0x0800aa88   0x0800aa88   0x00000060   Code   RO         1301    CL$$btod_d2e_norm_op1  c_w.l(btod.o)
    0x0800aae8   0x0800aae8   0x00000338   Code   RO         1310    CL$$btod_div_common  c_w.l(btod.o)
    0x0800ae20   0x0800ae20   0x000000dc   Code   RO         1307    CL$$btod_e2e        c_w.l(btod.o)
    0x0800aefc   0x0800aefc   0x0000002a   Code   RO         1304    CL$$btod_ediv       c_w.l(btod.o)
    0x0800af26   0x0800af26   0x0000002a   Code   RO         1303    CL$$btod_emul       c_w.l(btod.o)
    0x0800af50   0x0800af50   0x00000244   Code   RO         1309    CL$$btod_mult_common  c_w.l(btod.o)
    0x0800b194   0x0800b194   0x00000028   Code   RO         1229    i.__ARM_fpclassify  m_ws.l(fpclassify.o)
    0x0800b1bc   0x0800b1bc   0x000000aa   Code   RO         1231    i.__kernel_poly     m_ws.l(poly.o)
    0x0800b266   0x0800b266   0x00000002   PAD
    0x0800b268   0x0800b268   0x00000010   Code   RO         1215    i.__mathlib_dbl_divzero  m_ws.l(dunder.o)
    0x0800b278   0x0800b278   0x00000004   Code   RO         1217    i.__mathlib_dbl_infnan2  m_ws.l(dunder.o)
    0x0800b27c   0x0800b27c   0x0000000c   Code   RO         1218    i.__mathlib_dbl_invalid  m_ws.l(dunder.o)
    0x0800b288   0x0800b288   0x0000000e   Code   RO         1219    i.__mathlib_dbl_overflow  m_ws.l(dunder.o)
    0x0800b296   0x0800b296   0x00000002   PAD
    0x0800b298   0x0800b298   0x00000010   Code   RO         1221    i.__mathlib_dbl_underflow  m_ws.l(dunder.o)
    0x0800b2a8   0x0800b2a8   0x0000000e   Code   RO          938    i._is_digit         c_w.l(__printf_wp.o)
    0x0800b2b6   0x0800b2b6   0x00000002   PAD
    0x0800b2b8   0x0800b2b8   0x000000dc   Code   RO         1043    i.floor             m_ws.l(floor.o)
    0x0800b394   0x0800b394   0x000009d8   Code   RO         1047    i.pow               m_ws.l(pow.o)
    0x0800bd6c   0x0800bd6c   0x0000004c   Code   RO         1235    i.sqrt              m_ws.l(sqrt.o)
    0x0800bdb8   0x0800bdb8   0x0000002c   Code   RO         1325    locale$$code        c_w.l(lc_ctype_c.o)
    0x0800bde4   0x0800bde4   0x0000002c   Code   RO         1328    locale$$code        c_w.l(lc_numeric_c.o)
    0x0800be10   0x0800be10   0x00000062   Code   RO          986    x$fpl$d2f           fz_ws.l(d2f.o)
    0x0800be72   0x0800be72   0x00000002   PAD
    0x0800be74   0x0800be74   0x00000150   Code   RO          988    x$fpl$dadd          fz_ws.l(daddsub_clz.o)
    0x0800bfc4   0x0800bfc4   0x00000010   Code   RO         1339    x$fpl$dcheck1       fz_ws.l(dcheck1.o)
    0x0800bfd4   0x0800bfd4   0x00000018   Code   RO         1190    x$fpl$dcmpinf       fz_ws.l(dcmpi.o)
    0x0800bfec   0x0800bfec   0x000002b0   Code   RO         1193    x$fpl$ddiv          fz_ws.l(ddiv.o)
    0x0800c29c   0x0800c29c   0x00000078   Code   RO          994    x$fpl$deqf          fz_ws.l(deqf.o)
    0x0800c314   0x0800c314   0x0000005e   Code   RO          996    x$fpl$dfix          fz_ws.l(dfix.o)
    0x0800c372   0x0800c372   0x0000002e   Code   RO         1001    x$fpl$dflt          fz_ws.l(dflt_clz.o)
    0x0800c3a0   0x0800c3a0   0x00000078   Code   RO         1006    x$fpl$dleqf         fz_ws.l(dleqf.o)
    0x0800c418   0x0800c418   0x00000154   Code   RO         1008    x$fpl$dmul          fz_ws.l(dmul.o)
    0x0800c56c   0x0800c56c   0x0000009c   Code   RO         1196    x$fpl$dnaninf       fz_ws.l(dnaninf.o)
    0x0800c608   0x0800c608   0x0000000c   Code   RO         1198    x$fpl$dretinf       fz_ws.l(dretinf.o)
    0x0800c614   0x0800c614   0x0000006c   Code   RO         1010    x$fpl$drleqf        fz_ws.l(drleqf.o)
    0x0800c680   0x0800c680   0x00000016   Code   RO          989    x$fpl$drsb          fz_ws.l(daddsub_clz.o)
    0x0800c696   0x0800c696   0x00000002   PAD
    0x0800c698   0x0800c698   0x000001cc   Code   RO         1341    x$fpl$dsqrt         fz_ws.l(dsqrt_noumaal.o)
    0x0800c864   0x0800c864   0x000001d4   Code   RO          990    x$fpl$dsub          fz_ws.l(daddsub_clz.o)
    0x0800ca38   0x0800ca38   0x00000056   Code   RO         1012    x$fpl$f2d           fz_ws.l(f2d.o)
    0x0800ca8e   0x0800ca8e   0x00000002   PAD
    0x0800ca90   0x0800ca90   0x000000c4   Code   RO         1014    x$fpl$fadd          fz_ws.l(faddsub_clz.o)
    0x0800cb54   0x0800cb54   0x00000018   Code   RO         1200    x$fpl$fcmpinf       fz_ws.l(fcmpi.o)
    0x0800cb6c   0x0800cb6c   0x00000184   Code   RO         1021    x$fpl$fdiv          fz_ws.l(fdiv.o)
    0x0800ccf0   0x0800ccf0   0x00000030   Code   RO         1025    x$fpl$fflt          fz_ws.l(fflt_clz.o)
    0x0800cd20   0x0800cd20   0x00000026   Code   RO         1024    x$fpl$ffltu         fz_ws.l(fflt_clz.o)
    0x0800cd46   0x0800cd46   0x00000002   PAD
    0x0800cd48   0x0800cd48   0x00000068   Code   RO         1030    x$fpl$fleqf         fz_ws.l(fleqf.o)
    0x0800cdb0   0x0800cdb0   0x00000102   Code   RO         1032    x$fpl$fmul          fz_ws.l(fmul.o)
    0x0800ceb2   0x0800ceb2   0x0000008c   Code   RO         1202    x$fpl$fnaninf       fz_ws.l(fnaninf.o)
    0x0800cf3e   0x0800cf3e   0x0000000a   Code   RO         1204    x$fpl$fretinf       fz_ws.l(fretinf.o)
    0x0800cf48   0x0800cf48   0x00000062   Code   RO         1034    x$fpl$frleqf        fz_ws.l(frleqf.o)
    0x0800cfaa   0x0800cfaa   0x00000002   PAD
    0x0800cfac   0x0800cfac   0x000000ea   Code   RO         1016    x$fpl$fsub          fz_ws.l(faddsub_clz.o)
    0x0800d096   0x0800d096   0x00000004   Code   RO         1036    x$fpl$printf1       fz_ws.l(printf1.o)
    0x0800d09a   0x0800d09a   0x00000004   Code   RO         1206    x$fpl$printf2       fz_ws.l(printf2.o)
    0x0800d09e   0x0800d09e   0x00000064   Code   RO         1378    x$fpl$retnan        fz_ws.l(retnan.o)
    0x0800d102   0x0800d102   0x0000005c   Code   RO         1212    x$fpl$scalbn        fz_ws.l(scalbn.o)
    0x0800d15e   0x0800d15e   0x00000030   Code   RO         1410    x$fpl$trapveneer    fz_ws.l(trapv.o)
    0x0800d18e   0x0800d18e   0x00000000   Code   RO         1214    x$fpl$usenofp       fz_ws.l(usenofp.o)
    0x0800d18e   0x0800d18e   0x00000818   Data   RO          342    .constdata          oled.o
    0x0800d9a6   0x0800d9a6   0x000000c0   Data   RO          719    .constdata          base64.o
    0x0800da66   0x0800da66   0x00000007   Data   RO          784    .constdata          cjson.o
    0x0800da6d   0x0800da6d   0x00000028   Data   RO          926    .constdata          c_w.l(_printf_hex_int_ll_ptr.o)
    0x0800da95   0x0800da95   0x00000011   Data   RO          946    .constdata          c_w.l(__printf_flags_ss_wp.o)
    0x0800daa6   0x0800daa6   0x00000002   PAD
    0x0800daa8   0x0800daa8   0x00000088   Data   RO         1048    .constdata          m_ws.l(pow.o)
    0x0800db30   0x0800db30   0x00000008   Data   RO         1109    .constdata          c_w.l(_printf_wctomb.o)
    0x0800db38   0x0800db38   0x00000008   Data   RO         1233    .constdata          m_ws.l(qnan.o)
    0x0800db40   0x0800db40   0x00000026   Data   RO         1287    .constdata          c_w.l(_printf_fp_hex.o)
    0x0800db66   0x0800db66   0x00000002   PAD
    0x0800db68   0x0800db68   0x00000094   Data   RO         1298    .constdata          c_w.l(bigflt0.o)
    0x0800dbfc   0x0800dbfc   0x00000123   Data   RO          653    .conststring        onenet.o
    0x0800dd1f   0x0800dd1f   0x00000001   PAD
    0x0800dd20   0x0800dd20   0x00000020   Data   RO         1440    Region$$Table       anon$$obj.o
    0x0800dd40   0x0800dd40   0x00000110   Data   RO         1324    locale$$data        c_w.l(lc_ctype_c.o)
    0x0800de50   0x0800de50   0x0000001c   Data   RO         1327    locale$$data        c_w.l(lc_numeric_c.o)


    Execution Region RW_IRAM1 (Exec base: 0x20000000, Load base: 0x0800de6c, Size: 0x00001618, Max: 0x00005000, ABSOLUTE, COMPRESSED[0x000003b0])

    Exec Addr    Load Addr    Size         Type   Attr      Idx    E Section Name        Object

    0x20000000   COMPRESSED   0x00000014   Data   RW          120    .data               system_stm32f10x.o
    0x20000014   COMPRESSED   0x00000004   Data   RW          195    .data               delay.o
    0x20000018   COMPRESSED   0x00000014   Data   RW          213    .data               stm32f10x_rcc.o
    0x2000002c   COMPRESSED   0x00000001   Data   RW          324    .data               led.o
    0x2000002d   COMPRESSED   0x00000880   Data   RW          343    .data               oled.o
    0x200008ad   COMPRESSED   0x00000001   PAD
    0x200008ae   COMPRESSED   0x00000008   Data   RW          367    .data               ad.o
    0x200008b6   COMPRESSED   0x00000002   PAD
    0x200008b8   COMPRESSED   0x00000010   Data   RW          400    .data               hcsr04.o
    0x200008c8   COMPRESSED   0x00000001   Data   RW          421    .data               bool.o
    0x200008c9   COMPRESSED   0x00000001   Data   RW          440    .data               heater.o
    0x200008ca   COMPRESSED   0x00000001   Data   RW          458    .data               oxygen.o
    0x200008cb   COMPRESSED   0x00000001   Data   RW          479    .data               key.o
    0x200008cc   COMPRESSED   0x00000001   Data   RW          521    .data               beep.o
    0x200008cd   COMPRESSED   0x00000001   Data   RW          539    .data               mode.o
    0x200008ce   COMPRESSED   0x00000002   PAD
    0x200008d0   COMPRESSED   0x0000008e   Data   RW          573    .data               main.o
    0x2000095e   COMPRESSED   0x00000001   Data   RW          637    .data               mytimer.o
    0x2000095f   COMPRESSED   0x00000001   PAD
    0x20000960   COMPRESSED   0x00000002   Data   RW          654    .data               onenet.o
    0x20000962   COMPRESSED   0x00000004   Data   RW          769    .data               esp8266.o
    0x20000966   COMPRESSED   0x00000002   PAD
    0x20000968   COMPRESSED   0x0000000c   Data   RW          785    .data               cjson.o
    0x20000974        -       0x00000040   Zero   RW          652    .bss                onenet.o
    0x200009b4        -       0x00000200   Zero   RW          768    .bss                esp8266.o
    0x20000bb4        -       0x00000060   Zero   RW         1245    .bss                c_w.l(libspace.o)
    0x20000c14   COMPRESSED   0x00000004   PAD
    0x20000c18        -       0x00000200   Zero   RW          138    HEAP                startup_stm32f10x_md.o
    0x20000e18        -       0x00000800   Zero   RW          137    STACK               startup_stm32f10x_md.o


==============================================================================

Image component sizes


      Code (inc. data)   RO Data    RW Data    ZI Data      Debug   Object Name

       300         16          0          8          0       1357   ad.o
       688          8        192          0          0       3342   base64.o
        76          8          0          1          0       1389   beep.o
        80         10          0          1          0       1361   bool.o
      6784        208          7         12          0      24440   cjson.o
         0          0          0          0          0       4556   core_cm3.o
       244         10          0          4          0       1568   delay.o
       576         14          0          0          0       2483   ds18b20.o
       692        202          0          4        512       3151   esp8266.o
       520         18          0         16          0       1927   hcsr04.o
        76          8          0          1          0       1401   heater.o
      1158         28          0          0          0       3260   hmac_sha1.o
       996         34          0          1          0       2000   key.o
        76          8          0          1          0       1354   led.o
      3012        530          0        142          0       5431   main.o
       220         22          0          0          0     216565   misc.o
        76         10          0          1          0       1325   mode.o
      3592         74          0          0          0      15471   mqttkit.o
       164          8          0          1          0        996   mytimer.o
      1488         24       2072       2176          0       6939   oled.o
      4080       1592        291          2         64      11081   onenet.o
        76          8          0          1          0       1401   oxygen.o
        64         26        236          0       2560        844   startup_stm32f10x_md.o
      1102         26          0          0          0      11077   stm32f10x_adc.o
       596          8          0          0          0       4402   stm32f10x_dma.o
       284         10          0          0          0       2295   stm32f10x_exti.o
       860         38          0          0          0       5773   stm32f10x_gpio.o
       308        250          0          0          0      54826   stm32f10x_it.o
       932         36          0         20          0       8992   stm32f10x_rcc.o
      3610         88          0          0          0      22880   stm32f10x_tim.o
      1032         22          0          0          0       8496   stm32f10x_usart.o
       480         38          0         20          0       1919   system_stm32f10x.o
       236          4          0          0          0        836   timer.o
       152          4          0          0          0       1002   timforsend.o
       488         14          0          0          0       3457   usart.o

    ----------------------------------------------------------------------
     35124       3404       2831       2420       3136     439597   Object Totals
         0          0         32          0          0          0   (incl. Generated)
         6          0          1          8          0          0   (incl. Padding)

    ----------------------------------------------------------------------

      Code (inc. data)   RO Data    RW Data    ZI Data      Debug   Library Member Name

        60          8          0          0          0         84   __0sscanf.o
        56          6          0          0          0         88   __2snprintf.o
        44          6          0          0          0         84   __2sprintf.o
       100          0          0          0          0          0   __dclz77c.o
         8          0          0          0          0         68   __main.o
       392          4         17          0          0         92   __printf_flags_ss_wp.o
        14          0          0          0          0         68   __printf_wp.o
         0          0          0          0          0          0   __rtentry.o
        12          0          0          0          0          0   __rtentry2.o
         6          0          0          0          0          0   __rtentry4.o
        52          8          0          0          0          0   __scatter.o
        28          0          0          0          0          0   __scatter_zi.o
        28          0          0          0          0         68   _chval.o
         6          0          0          0          0          0   _printf_a.o
         6          0          0          0          0          0   _printf_c.o
        44          0          0          0          0        108   _printf_char.o
        48          6          0          0          0         96   _printf_char_common.o
        40          0          0          0          0         68   _printf_charcount.o
         6          0          0          0          0          0   _printf_d.o
       120         16          0          0          0         92   _printf_dec.o
         6          0          0          0          0          0   _printf_e.o
         6          0          0          0          0          0   _printf_f.o
      1054          0          0          0          0        216   _printf_fp_dec.o
       764          8         38          0          0        100   _printf_fp_hex.o
       128         16          0          0          0         84   _printf_fp_infnan.o
         6          0          0          0          0          0   _printf_g.o
       148          4         40          0          0        160   _printf_hex_int_ll_ptr.o
         6          0          0          0          0          0   _printf_i.o
       178          0          0          0          0         88   _printf_intcommon.o
        10          0          0          0          0          0   _printf_l.o
         6          0          0          0          0          0   _printf_lc.o
        10          0          0          0          0          0   _printf_ll.o
         6          0          0          0          0          0   _printf_lld.o
         6          0          0          0          0          0   _printf_lli.o
         6          0          0          0          0          0   _printf_llo.o
         6          0          0          0          0          0   _printf_llu.o
         6          0          0          0          0          0   _printf_llx.o
       124         16          0          0          0         92   _printf_longlong_dec.o
         6          0          0          0          0          0   _printf_ls.o
         6          0          0          0          0          0   _printf_n.o
         6          0          0          0          0          0   _printf_o.o
       112         10          0          0          0        124   _printf_oct_int_ll.o
         6          0          0          0          0          0   _printf_p.o
        78          0          0          0          0        108   _printf_pad.o
         0          0          0          0          0          0   _printf_percent.o
         4          0          0          0          0          0   _printf_percent_end.o
         6          0          0          0          0          0   _printf_s.o
        82          0          0          0          0         80   _printf_str.o
        36          0          0          0          0         84   _printf_truncate.o
         6          0          0          0          0          0   _printf_u.o
        44          0          0          0          0        108   _printf_wchar.o
       188          6          8          0          0         92   _printf_wctomb.o
         6          0          0          0          0          0   _printf_x.o
        22          0          0          0          0        100   _rserrno.o
       884          6          0          0          0        100   _scanf.o
       332          0          0          0          0         96   _scanf_int.o
       224          0          0          0          0         96   _scanf_str.o
        64          0          0          0          0         84   _sgetc.o
        16          0          0          0          0         68   _snputc.o
        10          0          0          0          0         68   _sputc.o
        64          0          0          0          0         92   _wcrtomb.o
       228          4        148          0          0         96   bigflt0.o
      1936        128          0          0          0        672   btod.o
        10          0          0          0          0         68   defsig_exit.o
        50          0          0          0          0         88   defsig_general.o
        80         58          0          0          0         76   defsig_rtmem_inner.o
        14          0          0          0          0         80   defsig_rtmem_outer.o
        18          0          0          0          0         80   exit.o
        94          0          0          0          0         80   h1_alloc.o
        52          0          0          0          0         68   h1_extend.o
        78          0          0          0          0         80   h1_free.o
        14          0          0          0          0         84   h1_init.o
         6          0          0          0          0        152   heapauxi.o
         4          0          0          0          0        136   hguard.o
         0          0          0          0          0          0   indicate_semi.o
       138          0          0          0          0        168   init_alloc.o
        18          0          0          0          0         76   isspace.o
        44         10        272          0          0         76   lc_ctype_c.o
        44         10         28          0          0         76   lc_numeric_c.o
         2          0          0          0          0          0   libinit.o
        38          0          0          0          0          0   libinit2.o
         2          0          0          0          0          0   libshutdown.o
         2          0          0          0          0          0   libshutdown2.o
         8          4          0          0         96         68   libspace.o
       138          0          0          0          0         80   lludiv10.o
       238          0          0          0          0        100   lludivv7m.o
         0          0          0          0          0          0   maybetermalloc1.o
        16          4          0          0          0         76   rt_ctype_table.o
         8          4          0          0          0         68   rt_errno_addr_intlibspace.o
         8          4          0          0          0         68   rt_heap_descriptor_intlibspace.o
         8          4          0          0          0         68   rt_locale_intlibspace.o
        68          0          0          0          0         68   rt_memclr.o
        78          0          0          0          0         80   rt_memclr_w.o
       138          0          0          0          0         68   rt_memcpy_v6.o
       100          0          0          0          0         80   rt_memcpy_w.o
         2          0          0          0          0          0   rtexit.o
        10          0          0          0          0          0   rtexit2.o
        44          8          0          0          0         84   scanf_char.o
        24          0          0          0          0         68   strcat.o
        20          0          0          0          0         68   strchr.o
       128          0          0          0          0         68   strcmpv7m.o
        72          0          0          0          0         80   strcpy.o
        62          0          0          0          0         76   strlen.o
        36          0          0          0          0         76   strncat.o
       150          0          0          0          0         80   strncmp.o
        36          0          0          0          0         80   strstr.o
        12          4          0          0          0         68   sys_exit.o
        74          0          0          0          0         80   sys_stackheap_outer.o
        14          0          0          0          0         76   sys_wrch.o
        26          0          0          0          0         76   tolower.o
         2          0          0          0          0         68   use_no_semi.o
        52          4          0          0          0         80   vsnprintf.o
        98          4          0          0          0         92   d2f.o
       826         16          0          0          0        348   daddsub_clz.o
        16          4          0          0          0         68   dcheck1.o
        24          0          0          0          0         68   dcmpi.o
       688        140          0          0          0        208   ddiv.o
       120          4          0          0          0         92   deqf.o
        94          4          0          0          0         92   dfix.o
        46          0          0          0          0         68   dflt_clz.o
       120          4          0          0          0         92   dleqf.o
       340         12          0          0          0        104   dmul.o
       156          4          0          0          0         92   dnaninf.o
        12          0          0          0          0         68   dretinf.o
       108          0          0          0          0         80   drleqf.o
       460         56          0          0          0        120   dsqrt_noumaal.o
        86          4          0          0          0         84   f2d.o
       430          8          0          0          0        168   faddsub_clz.o
        24          0          0          0          0         68   fcmpi.o
       388         76          0          0          0         96   fdiv.o
        86          0          0          0          0        136   fflt_clz.o
       104          4          0          0          0         84   fleqf.o
       258          4          0          0          0         84   fmul.o
       140          4          0          0          0         84   fnaninf.o
        10          0          0          0          0         68   fretinf.o
        98          0          0          0          0         68   frleqf.o
         4          0          0          0          0         68   printf1.o
         4          0          0          0          0         68   printf2.o
       100          0          0          0          0         68   retnan.o
        92          0          0          0          0         68   scalbn.o
        48          0          0          0          0         68   trapv.o
         0          0          0          0          0          0   usenofp.o
        62         10          0          0          0        340   dunder.o
       220         16          0          0          0         84   floor.o
        40          0          0          0          0         68   fpclassify.o
       170          0          0          0          0         96   poly.o
      2520        190        136          0          0        324   pow.o
         0          0          8          0          0          0   qnan.o
        76          0          0          0          0         84   sqrt.o

    ----------------------------------------------------------------------
     18286        930        699          0        100      10932   Library Totals
        26          0          4          0          4          0   (incl. Padding)

    ----------------------------------------------------------------------

      Code (inc. data)   RO Data    RW Data    ZI Data      Debug   Library Name

     10192        366        551          0         96       7064   c_w.l
      4980        348          0          0          0       2872   fz_ws.l
      3088        216        144          0          0        996   m_ws.l

    ----------------------------------------------------------------------
     18286        930        699          0        100      10932   Library Totals

    ----------------------------------------------------------------------

==============================================================================


      Code (inc. data)   RO Data    RW Data    ZI Data      Debug   

     53410       4334       3530       2420       3236     441373   Grand Totals
     53410       4334       3530        944       3236     441373   ELF Image Totals (compressed)
     53410       4334       3530        944          0          0   ROM Totals

==============================================================================

    Total RO  Size (Code + RO Data)                56940 (  55.61kB)
    Total RW  Size (RW Data + ZI Data)              5656 (   5.52kB)
    Total ROM Size (Code + RO Data + RW Data)      57884 (  56.53kB)

==============================================================================

